******************************************************************************
                  TI ARM Linker Unix v18.1.2                   
******************************************************************************
>> Linked Fri Jun 29 13:16:19 2018

OUTPUT FILE NAME:   <empty_CC3220S_LAUNCHXL_tirtos_ccs_syscfg.out>
ENTRY POINT SYMBOL: "_c_int00"  address: 2000f219


MEMORY CONFIGURATION

         name            origin    length      used     unused   attr    fill
----------------------  --------  ---------  --------  --------  ----  --------
  SRAM0                 20000000   00004000  0000070c  000038f4  RW X
  SRAM                  20004000   0003c000  0000da9d  0002e563  RW X


SEGMENT ALLOCATION MAP

run origin  load origin   length   init length attrs members
----------  ----------- ---------- ----------- ----- -------
20003c00    20003c00    00000400   00000000    rw-
  20003c00    20003c00    00000400   00000000    rw- .stack
20004000    20004000    00008040   0000003c    r--
  20004000    20004000    0000003c   0000003c    r-- .resetVecs
  20004040    20004040    00008000   00000000    r-- .priheap
2000c040    2000c040    00004492   00004492    r-x
  2000c040    2000c040    00004492   00004492    r-x .text
200104d4    200104d4    000006b4   00000000    rw-
  200104d4    200104d4    000006b4   00000000    rw- .data
20010b88    20010b88    00000674   00000000    rw-
  20010b88    20010b88    00000674   00000000    rw- .bss
200111fc    200111fc    00000657   00000657    r--
  200111fc    200111fc    00000657   00000657    r-- .const
20011858    20011858    00000250   00000250    r--
  20011858    20011858    00000250   00000250    r-- .cinit


SECTION ALLOCATION MAP

 output                                  attributes/
section   page    origin      length       input sections
--------  ----  ----------  ----------   ----------------
.vecs      0    20000000    0000030c     NOLOAD SECTION
                  20000000    0000030c     release_pem4.oem4 (.vecs)

.stack     0    20003c00    00000400     UNINITIALIZED
                  20003c00    00000400     --HOLE--

.text      0    2000c040    00004492     
                  2000c040    0000042c     driverlib.a : prcm.obj (.text:PRCMCC3200MCUInit)
                  2000c46c    000001c8     drivers_cc32xx.aem4 : GPIOCC32XX.oem4 (.text:GPIO_setConfig)
                  2000c634    00000158     dpl_cc32xx.aem4 : PowerCC32XX_tirtos.oem4 (.text:PowerCC32XX_sleepPolicy)
                  2000c78c    00000150     drivers_cc32xx.aem4 : PowerCC32XX.oem4 (.text:parkPins)
                  2000c8dc    00000004     dpl_cc32xx.aem4 : HwiP_tirtos.oem4 (.text:HwiP_disable)
                  2000c8e0    00000130     sysbios.aem4 : BIOS.obj (.text:ti_sysbios_knl_Semaphore_pend__E)
                  2000ca10    0000011c                  : BIOS.obj (.text:xdc_runtime_Startup_startMods__I)
                  2000cb2c    00000118     drivers_cc32xx.aem4 : PowerCC32XX.oem4 (.text:Power_sleep)
                  2000cc44    00000004     dpl_cc32xx.aem4 : SemaphoreP_tirtos.oem4 (.text:SemaphoreP_post)
                  2000cc48    00000110     sysbios.aem4 : BIOS.obj (.text:ti_sysbios_knl_Task_postInit__I)
                  2000cd58    00000104                  : BIOS.obj (.text:ti_sysbios_knl_Task_Instance_finalize__E)
                  2000ce5c    00000004     release_pem4.oem4 (.text:ti_sysbios_BIOS_RtsGateProxy_enter__E)
                  2000ce60    000000ec     sysbios.aem4 : BIOS.obj (.text:pthread_create)
                  2000cf4c    00000004     release_pem4.oem4 (.text:ti_sysbios_BIOS_RtsGateProxy_leave__E)
                  2000cf50    000000ec     sysbios.aem4 : BIOS.obj (.text:ti_sysbios_knl_Task_Instance_init__E)
                  2000d03c    00000004     release_pem4.oem4 (.text:ti_sysbios_family_arm_m3_TaskSupport_Module__startupDone__S)
                  2000d040    000000d0     sysbios.aem4 : BIOS.obj (.text:ti_sysbios_heaps_HeapMem_alloc__E)
                  2000d110    000000cc                  : m3_Hwi_asm.obj (.text:ti_sysbios_family_arm_m3_Hwi_dispatch__I)
                  2000d1dc    000000c4     drivers_cc32xx.aem4 : GPIOCC32XX.oem4 (.text:GPIO_init)
                  2000d2a0    000000c4     sysbios.aem4 : BIOS.obj (.text:ti_sysbios_knl_Task_sleep__E)
                  2000d364    00000004     release_pem4.oem4 (.text:ti_sysbios_heaps_HeapMem_Module_GateProxy_enter__E)
                  2000d368    000000bc     sysbios.aem4 : BIOS.obj (.text:xdc_runtime_Core_createObject__I)
                  2000d424    000000b4     drivers_cc32xx.aem4 : PowerCC32XX.oem4 (.text:restoreParkedPins)
                  2000d4d8    000000a8                         : PowerCC32XX.oem4 (.text:PowerCC32XX_configureWakeup)
                  2000d580    000000a4     sysbios.aem4 : BIOS.obj (.text:ti_sysbios_knl_Task_setPri__E)
                  2000d624    000000a0     auto_init.aem4 : auto_init.oem4 (.text)
                  2000d6c4    00000004     release_pem4.oem4 (.text:ti_sysbios_heaps_HeapMem_Module_GateProxy_leave__E)
                  2000d6c8    0000009c     sysbios.aem4 : BIOS.obj (.text:_pthread_removeThreadKeys)
                  2000d764    0000009c     rtsv7M4_T_le_eabi.lib : memcpy_t2.asm.obj (.text)
                  2000d800    00000098     drivers_cc32xx.aem4 : GPIOCC32XX.oem4 (.text:powerNotifyFxn)
                  2000d898    00000098     sysbios.aem4 : BIOS.obj (.text:ti_sysbios_family_arm_m3_Hwi_Instance_init__E)
                  2000d930    00000096     rtsv7M4_T_le_eabi.lib : ull_div_t2.asm.obj (.text)
                  2000d9c6    00000002     Board.obj (.text:Board_initHook)
                  2000d9c8    00000094     sysbios.aem4 : BIOS.obj (.text:ti_sysbios_knl_Task_exit__E)
                  2000da5c    00000090     drivers_cc32xx.aem4 : PowerCC32XX.oem4 (.text:restoreNVICRegs)
                  2000daec    00000004     release_pem4.oem4 (.text:ti_sysbios_knl_Clock_TimerProxy_getMaxTicks__E)
                  2000daf0    00000090     sysbios.aem4 : BIOS.obj (.text:ti_sysbios_knl_Task_Module_startup__E)
                  2000db80    00000090                  : BIOS.obj (.text:ti_sysbios_knl_Task_schedule__I)
                  2000dc10    00000090                  : BIOS.obj (.text:ti_sysbios_knl_Task_startCore__E)
                  2000dca0    0000008c                  : BIOS.obj (.text:xdc_runtime_Memory_alloc__E)
                  2000dd2c    00000088     driverlib.a : pin.obj (.text:PinConfigSet)
                  2000ddb4    00000004     release_pem4.oem4 (.text:ti_sysbios_knl_Clock_TimerProxy_setPeriodMicroSecs__E)
                  2000ddb8    00000088     sysbios.aem4 : BIOS.obj (.text:ti_sysbios_family_arm_m3_Hwi_initNVIC__E)
                  2000de40    00000086                  : BIOS.obj (.text:xdc_runtime_Core_constructObject__I)
                  2000dec6    00000002     rtsv7M4_T_le_eabi.lib : _lock.c.obj (.text:_nop)
                  2000dec8    00000084     drivers_cc32xx.aem4 : PowerCC32XX.oem4 (.text:Power_init)
                  2000df4c    00000084                         : PowerCC32XX.oem4 (.text:saveNVICRegs)
                  2000dfd0    00000084     sysbios.aem4 : BIOS.obj (.text:ti_sysbios_family_arm_m3_Hwi_postInit__I)
                  2000e054    00000004     release_pem4.oem4 (.text:ti_sysbios_knl_Clock_TimerProxy_start__E)
                  2000e058    00000084     sysbios.aem4 : BIOS.obj (.text:ti_sysbios_heaps_HeapMem_free__E)
                  2000e0dc    00000080     drivers_cc32xx.aem4 : PowerCC32XX.oem4 (.text:Power_setDependency)
                  2000e15c    0000007a     rtsv7M4_T_le_eabi.lib : memset_t2.asm.obj (.text)
                  2000e1d6    00000002                           : div0.asm.obj (.text)
                  2000e1d8    00000078     drivers_cc32xx.aem4 : GPIOCC32XX.oem4 (.text:GPIO_hwiIntFxn)
                  2000e250    00000078     sysbios.aem4 : BIOS.obj (.text:_pthread_runStub)
                  2000e2c8    00000074                  : BIOS.obj (.text:xdc_runtime_Core_deleteObject__I)
                  2000e33c    00000004     release_pem4.oem4 (.text:ti_sysbios_knl_Clock_TimerProxy_stop__E)
                  2000e340    00000070     sysbios.aem4 : BIOS.obj (.text:ti_sysbios_heaps_HeapMem_initPrimary__I)
                  2000e3b0    00000070                  : BIOS.obj (.text:ti_sysbios_knl_Clock_workFunc__E)
                  2000e420    0000006c                  : BIOS.obj (.text:pthread_exit)
                  2000e48c    00000004     release_pem4.oem4 (.text:ti_sysbios_knl_Semaphore_delete)
                  2000e490    0000006c     sysbios.aem4 : BIOS.obj (.text:ti_sysbios_knl_Swi_restoreHwi__E)
                  2000e4fc    00000068     rtsv7M4_T_le_eabi.lib : copy_decompress_lzss.c.obj (.text:decompress:lzss:__TI_decompress_lzss)
                  2000e564    00000068     main_tirtos.obj (.text:main)
                  2000e5cc    00000064     drivers_cc32xx.aem4 : GPIOCC32XX.oem4 (.text:GPIO_toggle)
                  2000e630    00000064                         : PowerCC32XX.oem4 (.text:PowerCC32XX_setParkState)
                  2000e694    00000004     release_pem4.oem4 (.text:ti_sysbios_knl_Task_delete)
                  2000e698    00000064     sysbios.aem4 : BIOS.obj (.text:ti_sysbios_family_arm_m3_Hwi_dispatchC__I)
                  2000e6fc    00000060     driverlib.a : prcm.obj (.text:PRCMSysResetCauseGet)
                  2000e75c    00000004     release_pem4.oem4 (.text:xdc_runtime_System_Module_GateProxy_enter__E)
                  2000e760    00000060     sysbios.aem4 : BIOS.obj (.text:ti_sysbios_knl_Semaphore_post__E)
                  2000e7c0    00000060                  : BIOS.obj (.text:ti_sysbios_knl_Swi_run__I)
                  2000e820    0000005c                  : BIOS.obj (.text:ti_sysbios_family_arm_m3_Timer_start__E)
                  2000e87c    00000004     release_pem4.oem4 (.text:xdc_runtime_System_Module_GateProxy_leave__E)
                  2000e880    0000005c     sysbios.aem4 : BIOS.obj (.text:ti_sysbios_knl_Swi_schedule__I)
                  2000e8dc    00000002     release_pem4.oem4 (.text:ti_sysbios_BIOS_nullFunc__I)
                  2000e8de    00000002     release_pem4.oem4 (.text:xdc_runtime_Startup_reset__I)
                  2000e8e0    0000005c     sysbios.aem4 : BIOS.obj (.text:ti_sysbios_knl_Task_unblockI__E)
                  2000e93c    00000004     --HOLE-- [fill = 0]
                  2000e940    0000005c                  : BIOS.obj (.text:xdc_runtime_Startup_exec__E)
                  2000e99c    00000058     drivers_cc32xx.aem4 : GPIOCC32XX.oem4 (.text:GPIO_setCallback)
                  2000e9f4    00000058                         : GPIOCC32XX.oem4 (.text:GPIO_write)
                  2000ea4c    00000058     driverlib.a : prcm.obj (.text:PRCMPeripheralReset)
                  2000eaa4    00000054     release_pem4.oem4 (.text:ti_sysbios_family_arm_m3_Hwi_create)
                  2000eaf8    00000054     sysbios.aem4 : BIOS.obj (.text:ti_sysbios_family_arm_m3_Timer_setPeriod__E)
                  2000eb4c    00000004     --HOLE-- [fill = 0]
                  2000eb50    00000054                  : BIOS.obj (.text:xdc_runtime_Core_assignLabel__I)
                  2000eba4    00000052     drivers_cc32xx.aem4 : PowerCC32XX.oem4 (.text:PowerCC32XX_parkPin)
                  2000ebf6    00000052                         : PowerCC32XX_asm.oem4 (.text:PowerCC32XX_resumeLPDS)
                  2000ec48    00000050     sysbios.aem4 : BIOS.obj (.text:ti_sysbios_family_arm_m3_Hwi_Module_startup__E)
                  2000ec98    00000050     release_pem4.oem4 (.text:ti_sysbios_knl_Task_create)
                  2000ece8    0000004c     drivers_cc32xx.aem4 : GPIOCC32XX.oem4 (.text:GPIO_enableInt)
                  2000ed34    0000004c     rtsv7M4_T_le_eabi.lib : cpy_tbl.c.obj (.text:copy_in)
                  2000ed80    0000004c     drivers_cc32xx.aem4 : PowerCC32XX.oem4 (.text:restorePeriphClocks)
                  2000edcc    0000004c     sysbios.aem4 : m3_TaskSupport_asm.obj (.text:ti_sysbios_family_arm_m3_TaskSupport_buildTaskStack)
                  2000ee18    0000004c                  : BIOS.obj (.text:ti_sysbios_heaps_HeapMem_getStats__E)
                  2000ee64    00000004     --HOLE-- [fill = 0]
                  2000ee68    0000004c                  : BIOS.obj (.text:ti_sysbios_knl_Swi_runLoop__I)
                  2000eeb4    00000004     --HOLE-- [fill = 0]
                  2000eeb8    0000004c                  : BIOS.obj (.text:ti_sysbios_knl_Task_allBlockedFunction__I)
                  2000ef04    00000048     driverlib.a : flash.obj (.text:FlashDisable)
                  2000ef4c    00000048                 : prcm.obj (.text:PRCMLPDSEnter)
                  2000ef94    00000048                 : prcm.obj (.text:PRCMPeripheralClkEnable)
                  2000efdc    00000004     --HOLE-- [fill = 0]
                  2000efe0    00000048     sysbios.aem4 : BIOS.obj (.text:ti_sysbios_family_arm_m3_Hwi_disableInterrupt__E)
                  2000f028    00000048                  : BIOS.obj (.text:ti_sysbios_family_arm_m3_Hwi_enableInterrupt__E)
                  2000f070    00000048                  : m3_Hwi_asm_switch.obj (.text:ti_sysbios_family_arm_m3_Hwi_initStacks__E)
                  2000f0b8    00000048                  : BIOS.obj (.text:ti_sysbios_family_arm_m3_Timer_initDevice__I)
                  2000f100    00000048                  : BIOS.obj (.text:ti_sysbios_knl_Mailbox_Module_startup__E)
                  2000f148    00000048                  : BIOS.obj (.text:xdc_runtime_Core_assignParams__I)
                  2000f190    00000044     driverlib.a : prcm.obj (.text:PRCMLPDSRestoreInfoSet)
                  2000f1d4    00000044     drivers_cc32xx.aem4 : PowerCC32XX_asm.oem4 (.text:PowerCC32XX_enterLPDS)
                  2000f218    00000044     boot.aem4 : boot.oem4 (.text)
                  2000f25c    00000004     --HOLE-- [fill = 0]
                  2000f260    00000044     sysbios.aem4 : BIOS.obj (.text:ti_sysbios_family_arm_m3_Hwi_getStackInfo__E)
                  2000f2a4    00000004     --HOLE-- [fill = 0]
                  2000f2a8    00000044                  : BIOS.obj (.text:ti_sysbios_knl_Mailbox_postInit__I)
                  2000f2ec    00000004     --HOLE-- [fill = 0]
                  2000f2f0    00000044                  : BIOS.obj (.text:ti_sysbios_knl_Swi_post__E)
                  2000f334    00000004     --HOLE-- [fill = 0]
                  2000f338    00000044                  : BIOS.obj (.text:xdc_runtime_System_atexit__E)
                  2000f37c    00000040     dpl_cc32xx.aem4 : HwiP_tirtos.oem4 (.text:HwiP_create)
                  2000f3bc    00000040     driverlib.a : pin.obj (.text:PinModeSet)
                  2000f3fc    00000004     --HOLE-- [fill = 0]
                  2000f400    00000040     sysbios.aem4 : BIOS.obj (.text:ti_sysbios_heaps_HeapMem_Instance_init__E)
                  2000f440    0000003c     drivers_cc32xx.aem4 : PowerCC32XX.oem4 (.text:Power_setConstraint)
                  2000f47c    0000003c     dpl_cc32xx.aem4 : PowerCC32XX_tirtos.oem4 (.text:getCountsRTC)
                  2000f4b8    0000003c     sysbios.aem4 : BIOS.obj (.text:ti_sysbios_family_arm_m3_Hwi_Instance_finalize__E)
                  2000f4f4    00000004     --HOLE-- [fill = 0]
                  2000f4f8    0000003c                  : BIOS.obj (.text:ti_sysbios_family_arm_m3_Timer_setPeriodMicroSecs__E)
                  2000f534    00000004     --HOLE-- [fill = 0]
                  2000f538    0000003c                  : BIOS.obj (.text:ti_sysbios_knl_Clock_walkQueuePeriodic__E)
                  2000f574    00000004     --HOLE-- [fill = 0]
                  2000f578    0000003c                  : BIOS.obj (.text:ti_sysbios_knl_Swi_restore__E)
                  2000f5b4    00000004     --HOLE-- [fill = 0]
                  2000f5b8    0000003c                  : BIOS.obj (.text:xdc_runtime_System_processAtExit__E)
                  2000f5f4    00000038     driverlib.a : prcm.obj (.text:PRCMLPDSEnterKeepDebugIf)
                  2000f62c    00000038     drivers_cc32xx.aem4 : PowerCC32XX.oem4 (.text:notify)
                  2000f664    00000004     --HOLE-- [fill = 0]
                  2000f668    00000038     sysbios.aem4 : BIOS.obj (.text:ti_sysbios_knl_Task_processVitalTaskFlag__I)
                  2000f6a0    00000036     drivers_cc32xx.aem4 : PowerCC32XX.oem4 (.text:PowerCC32XX_restoreParkedPin)
                  2000f6d6    00000002     --HOLE-- [fill = 0]
                  2000f6d8    00000034     driverlib.a : pin.obj (.text:PinModeGet)
                  2000f70c    00000004     --HOLE-- [fill = 0]
                  2000f710    00000034     sysbios.aem4 : BIOS.obj (.text:_pthread_delete$41)
                  2000f744    00000004     --HOLE-- [fill = 0]
                  2000f748    00000034                  : BIOS.obj (.text:ti_sysbios_family_arm_m3_Timer_periodicStub__I)
                  2000f77c    00000034     release_pem4.oem4 (.text:ti_sysbios_knl_Semaphore_create)
                  2000f7b0    00000032     sysbios.aem4 : BIOS.obj (.text:ti_sysbios_hal_Hwi_initStack)
                  2000f7e2    00000006     driverlib.a : utils.obj (.text:UtilsDelay)
                  2000f7e8    00000032     sysbios.aem4 : BIOS.obj (.text:ti_sysbios_knl_Semaphore_pendTimeout__I)
                  2000f81a    00000006     --HOLE-- [fill = 0]
                  2000f820    00000030                  : BIOS.obj (.text:pthread_setcancelstate)
                  2000f850    00000030     release_pem4.oem4 (.text:ti_sysbios_BIOS_atExitFunc__I)
                  2000f880    00000030     release_pem4.oem4 (.text:ti_sysbios_BIOS_startFunc__I)
                  2000f8b0    00000030     sysbios.aem4 : BIOS.obj (.text:ti_sysbios_family_arm_m3_TaskSupport_start__E)
                  2000f8e0    00000030     release_pem4.oem4 (.text:ti_sysbios_gates_GateHwi_Object__create__S)
                  2000f910    00000030     release_pem4.oem4 (.text:ti_sysbios_gates_GateMutex_Object__create__S)
                  2000f940    00000030     sysbios.aem4 : BIOS.obj (.text:ti_sysbios_gates_GateMutex_enter__E)
                  2000f970    00000030     release_pem4.oem4 (.text:ti_sysbios_heaps_HeapMem_Object__create__S)
                  2000f9a0    00000030     release_pem4.oem4 (.text:ti_sysbios_knl_Semaphore_construct)
                  2000f9d0    0000002c     dpl_cc32xx.aem4 : SemaphoreP_tirtos.oem4 (.text:SemaphoreP_createBinary)
                  2000f9fc    00000004     --HOLE-- [fill = 0]
                  2000fa00    0000002c     sysbios.aem4 : BIOS.obj (.text:_pthread_cleanupFxn)
                  2000fa2c    0000002c     release_pem4.oem4 (.text:ti_sysbios_knl_Clock_doTick__I)
                  2000fa58    0000002c     release_pem4.oem4 (.text:ti_sysbios_knl_Queue_construct)
                  2000fa84    00000004     --HOLE-- [fill = 0]
                  2000fa88    0000002c     sysbios.aem4 : BIOS.obj (.text:ti_sysbios_knl_Task_restore__E)
                  2000fab4    0000002a     empty.obj (.text:mainThread)
                  2000fade    00000002     --HOLE-- [fill = 0]
                  2000fae0    00000028     driverlib.a : prcm.obj (.text:PRCMPeripheralClkDisable)
                  2000fb08    00000028     dpl_cc32xx.aem4 : PowerCC32XX_tirtos.oem4 (.text:PowerCC32XX_initPolicy)
                  2000fb30    00000028     drivers_cc32xx.aem4 : PowerCC32XX.oem4 (.text:Power_registerNotify)
                  2000fb58    00000028     sysbios.aem4 : BIOS.obj (.text:ti_sysbios_knl_Clock_addI__E)
                  2000fb80    00000028                  : BIOS.obj (.text:ti_sysbios_knl_Swi_Module_startup__E)
                  2000fba8    00000026     drivers_cc32xx.aem4 : List.oem4 (.text:List_put)
                  2000fbce    00000002     --HOLE-- [fill = 0]
                  2000fbd0    00000024     sysbios.aem4 : BIOS.obj (.text:pthread_attr_init)
                  2000fbf4    00000024     release_pem4.oem4 (.text:ti_sysbios_BIOS_registerRTSLock__I)
                  2000fc18    00000024     release_pem4.oem4 (.text:ti_sysbios_BIOS_removeRTSLock__I)
                  2000fc3c    00000004     --HOLE-- [fill = 0]
                  2000fc40    00000024     sysbios.aem4 : BIOS.obj (.text:ti_sysbios_family_arm_m3_Timer_Module_startup__E)
                  2000fc64    00000004     --HOLE-- [fill = 0]
                  2000fc68    00000024                  : BIOS.obj (.text:ti_sysbios_family_arm_m3_Timer_postInit__I)
                  2000fc8c    00000004     --HOLE-- [fill = 0]
                  2000fc90    00000024                  : BIOS.obj (.text:ti_sysbios_family_arm_m3_Timer_startup__E)
                  2000fcb4    00000024     release_pem4.oem4 (.text:ti_sysbios_gates_GateMutex_Object__delete__S)
                  2000fcd8    00000024     sysbios.aem4 : BIOS.obj (.text:ti_sysbios_knl_Clock_Module_startup__E)
                  2000fcfc    00000004     --HOLE-- [fill = 0]
                  2000fd00    00000024                  : BIOS.obj (.text:ti_sysbios_knl_Semaphore_Instance_init__E)
                  2000fd24    00000024     release_pem4.oem4 (.text:ti_sysbios_knl_Semaphore_Object__delete__S)
                  2000fd48    00000024     sysbios.aem4 : BIOS.obj (.text:ti_sysbios_knl_Task_restoreHwi__E)
                  2000fd6c    00000004     --HOLE-- [fill = 0]
                  2000fd70    00000024                  : BIOS.obj (.text:xdc_runtime_Error_policyMin__E)
                  2000fd94    00000004     --HOLE-- [fill = 0]
                  2000fd98    00000020                  : BIOS.obj (.text:sleep)
                  2000fdb8    00000020     release_pem4.oem4 (.text:ti_sysbios_BIOS_rtsLock__I)
                  2000fdd8    00000020     sysbios.aem4 : m3_Hwi_asm.obj (.text:ti_sysbios_family_arm_m3_Hwi_excHandlerAsm__I)
                  2000fdf8    00000020                  : BIOS.obj (.text:ti_sysbios_family_arm_m3_Hwi_excHandler__I)
                  2000fe18    00000020     release_pem4.oem4 (.text:ti_sysbios_gates_GateHwi_Object__delete__S)
                  2000fe38    00000020     release_pem4.oem4 (.text:ti_sysbios_heaps_HeapMem_Object__delete__S)
                  2000fe58    00000020     sysbios.aem4 : BIOS.obj (.text:ti_sysbios_knl_Idle_run__E)
                  2000fe78    00000020     release_pem4.oem4 (.text:ti_sysbios_knl_Semaphore_destruct)
                  2000fe98    00000020     release_pem4.oem4 (.text:ti_sysbios_knl_Task_Object__delete__S)
                  2000feb8    0000001e     sysbios.aem4 : m3_Hwi_asm_switch.obj (.text:ti_sysbios_family_xxx_Hwi_switchAndRunFunc)
                  2000fed6    00000002     --HOLE-- [fill = 0]
                  2000fed8    0000001c     driverlib.a : pin.obj (.text:PinToPadGet)
                  2000fef4    00000004     --HOLE-- [fill = 0]
                  2000fef8    0000001c     sysbios.aem4 : BIOS.obj (.text:ti_sysbios_family_arm_m3_Timer_stop__E)
                  2000ff14    00000004     --HOLE-- [fill = 0]
                  2000ff18    0000001c                  : BIOS.obj (.text:ti_sysbios_gates_GateMutex_Instance_init__E)
                  2000ff34    0000001c     release_pem4.oem4 (.text:ti_sysbios_knl_Queue_destruct)
                  2000ff50    0000001c     sysbios.aem4 : BIOS.obj (.text:ti_sysbios_knl_Queue_put__E)
                  2000ff6c    00000004     --HOLE-- [fill = 0]
                  2000ff70    0000001c                  : BIOS.obj (.text:ti_sysbios_knl_Task_enter__I)
                  2000ff8c    0000001a                  : m3_Hwi_asm.obj (.text:ti_sysbios_family_arm_m3_Hwi_pendSV__I)
                  2000ffa6    00000002     --HOLE-- [fill = 0]
                  2000ffa8    0000001a                  : BIOS.obj (.text:ti_sysbios_knl_Task_sleepTimeout__I)
                  2000ffc2    00000002     --HOLE-- [fill = 0]
                  2000ffc4    00000018     drivers_cc32xx.aem4 : PowerCC32XX.oem4 (.text:Power_idleFunc)
                  2000ffdc    00000018     rtsv7M4_T_le_eabi.lib : args_main.c.obj (.text:_args_main)
                  2000fff4    00000018                           : ll_mul_t2.asm.obj (.text)
                  2001000c    00000018     release_pem4.oem4 (.text:ti_sysbios_BIOS_rtsUnlock__I)
                  20010024    00000018     release_pem4.oem4 (.text:ti_sysbios_family_arm_m3_Hwi_Module__startupDone__F)
                  2001003c    00000018     release_pem4.oem4 (.text:ti_sysbios_family_arm_m3_Timer_Module__startupDone__F)
                  20010054    00000018     release_pem4.oem4 (.text:ti_sysbios_gates_GateHwi_Handle__label__S)
                  2001006c    00000018     release_pem4.oem4 (.text:ti_sysbios_gates_GateMutex_Handle__label__S)
                  20010084    00000004     --HOLE-- [fill = 0]
                  20010088    00000018     sysbios.aem4 : BIOS.obj (.text:ti_sysbios_gates_GateMutex_leave__E)
                  200100a0    00000018     release_pem4.oem4 (.text:ti_sysbios_heaps_HeapMem_Handle__label__S)
                  200100b8    00000018     sysbios.aem4 : BIOS.obj (.text:xdc_runtime_Error_init__E)
                  200100d0    00000018                  : BIOS.obj (.text:xdc_runtime_System_exit__E)
                  200100e8    00000016     driverlib.a : prcm.obj (.text:PRCMHIBRegRead)
                  200100fe    00000016                 : prcm.obj (.text:PRCMHIBRegWrite)
                  20010114    00000016     release_pem4.oem4 (.text:ti_sysbios_BIOS_exitFunc__I)
                  2001012a    00000002     --HOLE-- [fill = 0]
                  2001012c    00000014     drivers_cc32xx.aem4 : PowerCC32XX.oem4 (.text:Power_getDependencyCount)
                  20010140    00000014     sysbios.aem4 : BIOS.obj (.text:pthread_attr_setschedparam)
                  20010154    00000014     release_pem4.oem4 (.text:ti_sysbios_family_arm_m3_Hwi_Object__get__S)
                  20010168    00000014     sysbios.aem4 : BIOS.obj (.text:ti_sysbios_family_arm_m3_Hwi_switchFromBootStack__E)
                  2001017c    00000014     release_pem4.oem4 (.text:ti_sysbios_heaps_HeapMem_Object__get__S)
                  20010190    00000014     sysbios.aem4 : BIOS.obj (.text:ti_sysbios_knl_Clock_tickReconfig__E)
                  200101a4    00000014     release_pem4.oem4 (.text:ti_sysbios_knl_Swi_Object__get__S)
                  200101b8    00000012     dpl_cc32xx.aem4 : SemaphoreP_tirtos.oem4 (.text:SemaphoreP_pend)
                  200101ca    00000006     --HOLE-- [fill = 0]
                  200101d0    00000012     sysbios.aem4 : BIOS.obj (.text:ti_sysbios_hal_Hwi_Module_startup__E)
                  200101e2    00000012     release_pem4.oem4 (.text:xdc_runtime_Startup_exec__I)
                  200101f4    00000010     Board.obj (.text:Board_init)
                  20010204    00000010     dpl_cc32xx.aem4 : HwiP_tirtos.oem4 (.text:HwiP_Params_init)
                  20010214    00000004     --HOLE-- [fill = 0]
                  20010218    00000010     sysbios.aem4 : BIOS.obj (.text:ti_sysbios_BIOS_setThreadType__E)
                  20010228    00000010                  : BIOS.obj (.text:ti_sysbios_BIOS_start__E)
                  20010238    00000010                  : m3_TaskSupport_asm.obj (.text:ti_sysbios_family_arm_m3_TaskSupport_glue)
                  20010248    00000010                  : m3_TaskSupport_asm.obj (.text:ti_sysbios_family_arm_m3_TaskSupport_swap__E)
                  20010258    00000010                  : BIOS.obj (.text:ti_sysbios_gates_GateMutex_Instance_finalize__E)
                  20010268    00000010     release_pem4.oem4 (.text:ti_sysbios_knl_Mailbox_Object__get__S)
                  20010278    00000010     sysbios.aem4 : BIOS.obj (.text:ti_sysbios_knl_Semaphore_Instance_finalize__E)
                  20010288    00000010                  : BIOS.obj (.text:ti_sysbios_knl_Swi_disable__E)
                  20010298    00000010     release_pem4.oem4 (.text:ti_sysbios_knl_Task_Object__get__S)
                  200102a8    00000010     sysbios.aem4 : BIOS.obj (.text:ti_sysbios_knl_Task_disable__E)
                  200102b8    00000010                  : BIOS.obj (.text:xdc_runtime_Memory_free__E)
                  200102c8    00000010                  : BIOS.obj (.text:xdc_runtime_SysCallback_abort__E)
                  200102d8    00000010                  : BIOS.obj (.text:xdc_runtime_SysCallback_exit__E)
                  200102e8    0000000e     rtsv7M4_T_le_eabi.lib : copy_decompress_none.c.obj (.text:decompress:none:__TI_decompress_none)
                  200102f6    00000002     --HOLE-- [fill = 0]
                  200102f8    0000000e     sysbios.aem4 : BIOS.obj (.text:pthread_attr_setdetachstate)
                  20010306    00000002     --HOLE-- [fill = 0]
                  20010308    0000000e                  : BIOS.obj (.text:ti_sysbios_knl_Idle_loop__E)
                  20010316    00000002     --HOLE-- [fill = 0]
                  20010318    0000000e                  : BIOS.obj (.text:ti_sysbios_knl_Queue_empty__E)
                  20010326    00000002     --HOLE-- [fill = 0]
                  20010328    0000000c     drivers_cc32xx.aem4 : PowerCC32XX.oem4 (.text:Power_getConstraintMask)
                  20010334    0000000c     dpl_cc32xx.aem4 : SemaphoreP_tirtos.oem4 (.text:SemaphoreP_delete)
                  20010340    0000000c     rtsv7M4_T_le_eabi.lib : _lock.c.obj (.text:_register_lock)
                  2001034c    0000000c                           : _lock.c.obj (.text:_register_unlock)
                  20010358    0000000c                           : copy_zero_init.c.obj (.text:decompress:ZI:__TI_zero_init)
                  20010364    0000000c     release_pem4.oem4 (.text:ti_sysbios_family_arm_m3_Hwi_Params__init__S)
                  20010370    0000000c     sysbios.aem4 : BIOS.obj (.text:ti_sysbios_family_arm_m3_Hwi_disableFxn__E)
                  2001037c    00000004     --HOLE-- [fill = 0]
                  20010380    0000000c                  : BIOS.obj (.text:ti_sysbios_family_arm_m3_TaskSupport_getStackAlignment__E)
                  2001038c    00000004     --HOLE-- [fill = 0]
                  20010390    0000000c                  : BIOS.obj (.text:ti_sysbios_gates_GateHwi_enter__E)
                  2001039c    00000004     --HOLE-- [fill = 0]
                  200103a0    0000000c                  : BIOS.obj (.text:ti_sysbios_knl_Clock_getTicks__E)
                  200103ac    00000004     --HOLE-- [fill = 0]
                  200103b0    0000000c                  : BIOS.obj (.text:ti_sysbios_knl_Clock_setTicks__E)
                  200103bc    00000004     --HOLE-- [fill = 0]
                  200103c0    0000000c                  : BIOS.obj (.text:ti_sysbios_knl_Clock_tickStart__E)
                  200103cc    00000004     --HOLE-- [fill = 0]
                  200103d0    0000000c                  : BIOS.obj (.text:ti_sysbios_knl_Clock_tickStop__E)
                  200103dc    0000000c     release_pem4.oem4 (.text:ti_sysbios_knl_Queue_Object__get__S)
                  200103e8    0000000c     release_pem4.oem4 (.text:ti_sysbios_knl_Semaphore_Params__init__S)
                  200103f4    0000000c     release_pem4.oem4 (.text:ti_sysbios_knl_Task_Params__init__S)
                  20010400    0000000c     sysbios.aem4 : BIOS.obj (.text:ti_sysbios_rts_ti_ReentSupport_taskRegHook__I)
                  2001040c    00000004     --HOLE-- [fill = 0]
                  20010410    0000000c                  : BIOS.obj (.text:xdc_runtime_Startup_rtsDone__E)
                  2001041c    0000000a     release_pem4.oem4 (.text:xdc_runtime_IHeap_alloc)
                  20010426    0000000a     release_pem4.oem4 (.text:xdc_runtime_IHeap_free)
                  20010430    00000008     sysbios.aem4 : BIOS.obj (.text:pthread_attr_setstacksize)
                  20010438    00000008                  : BIOS.obj (.text:ti_sysbios_family_arm_m3_Hwi_doSwiRestore__I)
                  20010440    00000008                  : BIOS.obj (.text:ti_sysbios_family_arm_m3_Hwi_startup__E)
                  20010448    00000006                  : BIOS.obj (.text:ti_sysbios_family_arm_m3_Hwi_doTaskRestore__I)
                  2001044e    00000002     --HOLE-- [fill = 0]
                  20010450    00000006                  : BIOS.obj (.text:ti_sysbios_family_arm_m3_Hwi_restoreFxn__E)
                  20010456    00000002     --HOLE-- [fill = 0]
                  20010458    00000006                  : BIOS.obj (.text:ti_sysbios_gates_GateHwi_leave__E)
                  2001045e    00000002     --HOLE-- [fill = 0]
                  20010460    00000006                  : BIOS.obj (.text:ti_sysbios_heaps_HeapMem_isBlocking__E)
                  20010466    00000002     --HOLE-- [fill = 0]
                  20010468    00000006                  : BIOS.obj (.text:ti_sysbios_knl_Queue_Instance_init__E)
                  2001046e    00000002     --HOLE-- [fill = 0]
                  20010470    00000006                  : BIOS.obj (.text:ti_sysbios_knl_Swi_startup__E)
                  20010476    00000002     --HOLE-- [fill = 0]
                  20010478    00000006                  : BIOS.obj (.text:xdc_runtime_System_Module_startup__E)
                  2001047e    00000002     --HOLE-- [fill = 0]
                  20010480    00000004                  : BIOS.obj (.text:ti_sysbios_family_arm_m3_Timer_getMaxTicks__E)
                  20010484    00000004     --HOLE-- [fill = 0]
                  20010488    00000004                  : BIOS.obj (.text:ti_sysbios_gates_GateHwi_query__E)
                  2001048c    00000004     --HOLE-- [fill = 0]
                  20010490    00000004                  : BIOS.obj (.text:ti_sysbios_gates_GateMutex_query__E)
                  20010494    00000004     --HOLE-- [fill = 0]
                  20010498    00000004                  : BIOS.obj (.text:ti_sysbios_knl_Task_startup__E)
                  2001049c    00000004     --HOLE-- [fill = 0]
                  200104a0    00000002                  : BIOS.obj (.text:ti_sysbios_BIOS_linkedWithIncorrectBootLibrary__E)
                  200104a2    00000006     --HOLE-- [fill = 0]
                  200104a8    00000002                  : BIOS.obj (.text:ti_sysbios_gates_GateHwi_Instance_init__E)
                  200104aa    00000006     --HOLE-- [fill = 0]
                  200104b0    00000002                  : BIOS.obj (.text:ti_sysbios_knl_Clock_logTick__E)
                  200104b2    00000006     --HOLE-- [fill = 0]
                  200104b8    00000002                  : BIOS.obj (.text:xdc_runtime_SysCallback_defaultAbort)
                  200104ba    00000006     --HOLE-- [fill = 0]
                  200104c0    00000002                  : BIOS.obj (.text:xdc_runtime_SysCallback_defaultExit)
                  200104c2    00000006     --HOLE-- [fill = 0]
                  200104c8    00000002                  : BIOS.obj (.text:xdc_runtime_System_abortSpin__E)
                  200104ca    00000006     --HOLE-- [fill = 0]
                  200104d0    00000002                  : BIOS.obj (.text:xdc_runtime_System_exitSpin__E)

.bss       0    20010b88    00000674     UNINITIALIZED
                  20010b88    0000030c     (.common:ti_sysbios_family_arm_m3_Hwi_dispatchTable)
                  20010e94    00000004     drivers_cc32xx.aem4 : GPIOCC32XX.oem4 (.bss)
                  20010e98    00000200     release_pem4.oem4 (.bss:taskStackSection)
                  20011098    0000012c     (.common:PowerCC32XX_contextSave)
                  200111c4    00000020     drivers_cc32xx.aem4 : GPIOCC32XX.oem4 (.bss:gpioCallbackInfo)
                  200111e4    00000014                         : GPIOCC32XX.oem4 (.bss:powerNotifyObj)
                  200111f8    00000004     (.common:ti_sysbios_knl_Task_Instance_State_0_hookEnv__A)

.data      0    200104d4    000006b4     UNINITIALIZED
                  200104d4    0000016c     drivers_cc32xx.aem4 : PowerCC32XX.oem4 (.data:PowerCC32XX_module)
                  20010640    000000f8     Board.obj (.data:parkInfo)
                  20010738    00000088     sysbios.aem4 : BIOS.obj (.data:$O1$$)
                  200107c0    00000080     release_pem4.oem4 (.data:ti_sysbios_knl_Swi_Module_State_0_readyQ__A)
                  20010840    00000080     release_pem4.oem4 (.data:ti_sysbios_knl_Task_Module_State_0_readyQ__A)
                  200108c0    00000054     release_pem4.oem4 (.data:ti_sysbios_gates_GateMutex_Object__table__V)
                  20010914    0000004c     release_pem4.oem4 (.data:ti_sysbios_knl_Task_Object__table__V)
                  20010960    00000044     release_pem4.oem4 (.data:ti_sysbios_knl_Task_Module__state__V)
                  200109a4    00000034     release_pem4.oem4 (.data:ti_sysbios_family_arm_m3_Hwi_Module__state__V)
                  200109d8    00000030     release_pem4.oem4 (.data:ti_sysbios_family_arm_m3_Timer_Object__table__V)
                  20010a08    00000030     release_pem4.oem4 (.data:ti_sysbios_knl_Swi_Object__table__V)
                  20010a38    0000002c     release_pem4.oem4 (.data:ti_sysbios_knl_Clock_Module__state__V)
                  20010a64    00000024     release_pem4.oem4 (.data:ti_sysbios_BIOS_Module__state__V)
                  20010a88    00000020     release_pem4.oem4 (.data:xdc_runtime_Error_IgnoreBlock)
                  20010aa8    0000001c     release_pem4.oem4 (.data:ti_sysbios_knl_Swi_Module__state__V)
                  20010ac4    00000018     release_pem4.oem4 (.data:ti_sysbios_family_arm_m3_Hwi_Object__table__V)
                  20010adc    00000018     release_pem4.oem4 (.data:ti_sysbios_heaps_HeapMem_Object__table__V)
                  20010af4    0000000c     release_pem4.oem4 (.data:ti_sysbios_family_arm_m3_Timer_Module__state__V)
                  20010b00    00000009     drivers_cc32xx.aem4 : GPIOCC32XX.oem4 (.data)
                  20010b09    00000001     --HOLE--
                  20010b0a    00000002     release_pem4.oem4 (.data:ti_sysbios_family_arm_m3_Hwi_Module_State_0_excActive__A)
                  20010b0c    00000008     rtsv7M4_T_le_eabi.lib : _lock.c.obj (.data:$O1$$)
                  20010b14    00000008     release_pem4.oem4 (.data:ti_sysbios_family_arm_m3_Hwi_Module__root__V)
                  20010b1c    00000008     release_pem4.oem4 (.data:ti_sysbios_gates_GateHwi_Module__root__V)
                  20010b24    00000008     release_pem4.oem4 (.data:ti_sysbios_gates_GateMutex_Module__root__V)
                  20010b2c    00000008     release_pem4.oem4 (.data:ti_sysbios_heaps_HeapMem_Module__root__V)
                  20010b34    00000008     release_pem4.oem4 (.data:ti_sysbios_knl_Queue_Module__root__V)
                  20010b3c    00000008     release_pem4.oem4 (.data:ti_sysbios_knl_Semaphore_Module__root__V)
                  20010b44    00000008     release_pem4.oem4 (.data:ti_sysbios_knl_Task_Module__root__V)
                  20010b4c    00000008     release_pem4.oem4 (.data:xdc_runtime_Startup_Module__state__V)
                  20010b54    00000008     release_pem4.oem4 (.data:xdc_runtime_System_Module_State_0_atexitHandlers__A)
                  20010b5c    00000008     release_pem4.oem4 (.data:xdc_runtime_System_Module__state__V)
                  20010b64    00000004     Board.obj (.data:gpioCallbackFunctions)
                  20010b68    00000004     Board.obj (.data:gpioPinConfigs)
                  20010b6c    00000004     rtsv7M4_T_le_eabi.lib : stkdepth_vars.c.obj (.data)
                  20010b70    00000004     release_pem4.oem4 (.data:ti_sysbios_family_arm_m3_Hwi_Module_State_0_excContext__A)
                  20010b74    00000004     release_pem4.oem4 (.data:ti_sysbios_family_arm_m3_Hwi_Module_State_0_excStack__A)
                  20010b78    00000004     release_pem4.oem4 (.data:ti_sysbios_gates_GateHwi_Object__table__V)
                  20010b7c    00000004     release_pem4.oem4 (.data:ti_sysbios_knl_Task_Module_State_0_idleTask__A)
                  20010b80    00000004     release_pem4.oem4 (.data:ti_sysbios_rts_ti_ReentSupport_Module__state__V)
                  20010b84    00000004     release_pem4.oem4 (.data:xdc_runtime_Memory_Module__state__V)

.const     0    200111fc    00000657     
                  200111fc    00000100     driverlib.a : pin.obj (.const:g_ulPinToPadMap)
                  200112fc    000000a8                 : prcm.obj (.const:PRCM_PeriphRegsList)
                  200113a4    00000048     release_pem4.oem4 (.const:.string)
                  200113ec    00000040     Board.obj (.const:PowerCC32XX_config)
                  2001142c    0000003c     release_pem4.oem4 (.const:ti_sysbios_knl_Task_Object__PARAMS__C)
                  20011468    00000030     release_pem4.oem4 (.const:ti_sysbios_family_arm_m3_Hwi_Object__PARAMS__C)
                  20011498    00000028     release_pem4.oem4 (.const:ti_sysbios_heaps_HeapMem_Module__FXNS__C)
                  200114c0    00000024     release_pem4.oem4 (.const:ti_sysbios_gates_GateHwi_Module__FXNS__C)
                  200114e4    00000024     release_pem4.oem4 (.const:ti_sysbios_gates_GateMutex_Module__FXNS__C)
                  20011508    00000024     release_pem4.oem4 (.const:ti_sysbios_heaps_HeapMem_Object__PARAMS__C)
                  2001152c    00000024     release_pem4.oem4 (.const:ti_sysbios_knl_Semaphore_Object__PARAMS__C)
                  20011550    00000021     drivers_cc32xx.aem4 : GPIOCC32XX.oem4 (.const:.string:pinTable)
                  20011571    00000001     release_pem4.oem4 (.const:ti_sysbios_knl_Clock_tickMode__C)
                  20011572    00000002     release_pem4.oem4 (.const:ti_sysbios_family_arm_m3_Hwi_Module__id__C)
                  20011574    00000020     release_pem4.oem4 (.const:ti_sysbios_family_arm_m3_Hwi_Object__DESC__C)
                  20011594    00000020     release_pem4.oem4 (.const:ti_sysbios_gates_GateHwi_Object__DESC__C)
                  200115b4    00000020     release_pem4.oem4 (.const:ti_sysbios_gates_GateMutex_Object__DESC__C)
                  200115d4    00000020     release_pem4.oem4 (.const:ti_sysbios_heaps_HeapMem_Object__DESC__C)
                  200115f4    00000020     release_pem4.oem4 (.const:ti_sysbios_knl_Queue_Object__DESC__C)
                  20011614    00000020     release_pem4.oem4 (.const:ti_sysbios_knl_Semaphore_Object__DESC__C)
                  20011634    00000020     release_pem4.oem4 (.const:ti_sysbios_knl_Task_Object__DESC__C)
                  20011654    00000020     release_pem4.oem4 (.const:xdc_runtime_Startup_sfxnTab__A)
                  20011674    00000018     release_pem4.oem4 (.const:ti_sysbios_gates_GateHwi_Object__PARAMS__C)
                  2001168c    00000018     release_pem4.oem4 (.const:ti_sysbios_gates_GateMutex_Object__PARAMS__C)
                  200116a4    00000018     release_pem4.oem4 (.const:ti_sysbios_knl_Queue_Object__PARAMS__C)
                  200116bc    00000018     release_pem4.oem4 (.const:ti_sysbios_knl_Task_hooks__A)
                  200116d4    00000014     Board.obj (.const:GPIOCC32XX_config)
                  200116e8    00000014     drivers_cc32xx.aem4 : GPIOCC32XX.oem4 (.const:gpioBaseAddresses)
                  200116fc    00000014                         : GPIOCC32XX.oem4 (.const:powerResources)
                  20011710    00000010     release_pem4.oem4 (.const:xdc_runtime_Startup_sfxnRts__A)
                  20011720    0000000c     release_pem4.oem4 (.const:xdc_runtime_Startup_firstFxns__A)
                  2001172c    00000008     drivers_cc32xx.aem4 : GPIOCC32XX.oem4 (.const:outPinTypes)
                  20011734    00000008     release_pem4.oem4 (.const:ti_sysbios_knl_Idle_funcList__A)
                  2001173c    00000008     release_pem4.oem4 (.const:ti_sysbios_knl_Idle_funcList__C)
                  20011744    00000008     release_pem4.oem4 (.const:ti_sysbios_knl_Task_hooks__C)
                  2001174c    00000008     release_pem4.oem4 (.const:xdc_runtime_Startup_firstFxns__C)
                  20011754    00000008     release_pem4.oem4 (.const:xdc_runtime_Startup_lastFxns__C)
                  2001175c    00000006     drivers_cc32xx.aem4 : GPIOCC32XX.oem4 (.const:.string:interruptType)
                  20011762    00000006                         : GPIOCC32XX.oem4 (.const:inPinTypes)
                  20011768    00000006                         : GPIOCC32XX.oem4 (.const:outPinStrengths)
                  2001176e    00000004                         : GPIOCC32XX.oem4 (.const:.string:portInterruptIds)
                  20011772    00000002     release_pem4.oem4 (.const:ti_sysbios_family_arm_m3_Timer_Module__id__C)
                  20011774    00000004     release_pem4.oem4 (.const:ti_sysbios_family_arm_m3_Hwi_E_alreadyDefined__C)
                  20011778    00000004     release_pem4.oem4 (.const:ti_sysbios_family_arm_m3_Hwi_NUM_INTERRUPTS__C)
                  2001177c    00000004     release_pem4.oem4 (.const:ti_sysbios_family_arm_m3_Hwi_Object__count__C)
                  20011780    00000004     release_pem4.oem4 (.const:ti_sysbios_family_arm_m3_Hwi_ccr__C)
                  20011784    00000004     release_pem4.oem4 (.const:ti_sysbios_family_arm_m3_Hwi_excHandlerFunc__C)
                  20011788    00000004     release_pem4.oem4 (.const:ti_sysbios_family_arm_m3_Hwi_nullIsrFunc__C)
                  2001178c    00000004     release_pem4.oem4 (.const:ti_sysbios_family_arm_m3_Hwi_priGroup__C)
                  20011790    00000004     release_pem4.oem4 (.const:ti_sysbios_family_arm_m3_Hwi_swiDisable__C)
                  20011794    00000004     release_pem4.oem4 (.const:ti_sysbios_family_arm_m3_Hwi_swiRestoreHwi__C)
                  20011798    00000004     release_pem4.oem4 (.const:ti_sysbios_family_arm_m3_TaskSupport_stackAlignment__C)
                  2001179c    00000004     release_pem4.oem4 (.const:ti_sysbios_family_arm_m3_Timer_E_cannotSupport__C)
                  200117a0    00000004     release_pem4.oem4 (.const:ti_sysbios_family_arm_m3_Timer_startupNeeded__C)
                  200117a4    00000004     release_pem4.oem4 (.const:ti_sysbios_gates_GateMutex_Instance_State_sem__O)
                  200117a8    00000004     release_pem4.oem4 (.const:ti_sysbios_heaps_HeapMem_E_memory__C)
                  200117ac    00000004     release_pem4.oem4 (.const:ti_sysbios_heaps_HeapMem_Module__gateObj__C)
                  200117b0    00000004     release_pem4.oem4 (.const:ti_sysbios_heaps_HeapMem_Object__count__C)
                  200117b4    00000004     release_pem4.oem4 (.const:ti_sysbios_heaps_HeapMem_primaryHeapBaseAddr__C)
                  200117b8    00000004     release_pem4.oem4 (.const:ti_sysbios_heaps_HeapMem_primaryHeapEndAddr__C)
                  200117bc    00000004     release_pem4.oem4 (.const:ti_sysbios_heaps_HeapMem_reqAlign__C)
                  200117c0    00000004     release_pem4.oem4 (.const:ti_sysbios_knl_Clock_Module_State_clockQ__O)
                  200117c4    00000004     release_pem4.oem4 (.const:ti_sysbios_knl_Clock_tickPeriod__C)
                  200117c8    00000004     release_pem4.oem4 (.const:ti_sysbios_knl_Mailbox_Instance_State_freeQue__O)
                  200117cc    00000004     release_pem4.oem4 (.const:ti_sysbios_knl_Mailbox_Object__count__C)
                  200117d0    00000004     release_pem4.oem4 (.const:ti_sysbios_knl_Mailbox_maxTypeAlign__C)
                  200117d4    00000004     release_pem4.oem4 (.const:ti_sysbios_knl_Semaphore_Instance_State_pendQ__O)
                  200117d8    00000004     release_pem4.oem4 (.const:ti_sysbios_knl_Swi_Object__count__C)
                  200117dc    00000004     release_pem4.oem4 (.const:ti_sysbios_knl_Task_Module_State_inactiveQ__O)
                  200117e0    00000004     release_pem4.oem4 (.const:ti_sysbios_knl_Task_Object__count__C)
                  200117e4    00000004     release_pem4.oem4 (.const:ti_sysbios_knl_Task_Object__heap__C)
                  200117e8    00000004     release_pem4.oem4 (.const:ti_sysbios_knl_Task_allBlockedFunc__C)
                  200117ec    00000004     release_pem4.oem4 (.const:ti_sysbios_knl_Task_defaultStackHeap__C)
                  200117f0    00000004     release_pem4.oem4 (.const:ti_sysbios_knl_Task_defaultStackSize__C)
                  200117f4    00000004     release_pem4.oem4 (.const:ti_sysbios_knl_Task_numConstructedTasks__C)
                  200117f8    00000004     release_pem4.oem4 (.const:xdc_runtime_Error_E_memory__C)
                  200117fc    00000004     release_pem4.oem4 (.const:xdc_runtime_Error_policyFxn__C)
                  20011800    00000004     release_pem4.oem4 (.const:xdc_runtime_IGateProvider_Interface__BASE__C)
                  20011804    00000004     release_pem4.oem4 (.const:xdc_runtime_IHeap_Interface__BASE__C)
                  20011808    00000004     release_pem4.oem4 (.const:xdc_runtime_IModule_Interface__BASE__C)
                  2001180c    00000004     release_pem4.oem4 (.const:xdc_runtime_Memory_defaultHeapInstance__C)
                  20011810    00000004     release_pem4.oem4 (.const:xdc_runtime_Startup_execImpl__C)
                  20011814    00000004     release_pem4.oem4 (.const:xdc_runtime_Startup_maxPasses__C)
                  20011818    00000004     release_pem4.oem4 (.const:xdc_runtime_Startup_sfxnRts__C)
                  2001181c    00000004     release_pem4.oem4 (.const:xdc_runtime_Startup_sfxnTab__C)
                  20011820    00000004     release_pem4.oem4 (.const:xdc_runtime_SysCallback_abortFxn__C)
                  20011824    00000004     release_pem4.oem4 (.const:xdc_runtime_SysCallback_exitFxn__C)
                  20011828    00000004     release_pem4.oem4 (.const:xdc_runtime_System_Module__gateObj__C)
                  2001182c    00000004     release_pem4.oem4 (.const:xdc_runtime_System_abortFxn__C)
                  20011830    00000004     release_pem4.oem4 (.const:xdc_runtime_System_exitFxn__C)
                  20011834    00000004     release_pem4.oem4 (.const:xdc_runtime_System_maxAtexitHandlers__C)
                  20011838    00000004     release_pem4.oem4 (.const:xdc_runtime_Text_charTab__C)
                  2001183c    00000004     release_pem4.oem4 (.const:xdc_runtime_Text_nameEmpty__C)
                  20011840    00000004     release_pem4.oem4 (.const:xdc_runtime_Text_nameStatic__C)
                  20011844    00000004     release_pem4.oem4 (.const:xdc_runtime_Text_nameUnknown__C)
                  20011848    00000002     release_pem4.oem4 (.const:ti_sysbios_heaps_HeapMem_Module__id__C)
                  2001184a    00000002     release_pem4.oem4 (.const:xdc_runtime_Memory_Module__id__C)
                  2001184c    00000002     release_pem4.oem4 (.const:xdc_runtime_Text_charCnt__C)
                  2001184e    00000002     release_pem4.oem4 (.const:xdc_runtime_Text_isLoaded__C)
                  20011850    00000001     release_pem4.oem4 (.const:ti_sysbios_knl_Clock_tickSource__C)
                  20011851    00000001     release_pem4.oem4 (.const:xdc_runtime_Error_policy__C)
                  20011852    00000001     release_pem4.oem4 (.const:xdc_runtime_Text_charTab__A)

.cinit     0    20011858    00000250     
                  20011858    00000227     (.cinit..data.load) [load image, compression = lzss]
                  20011a7f    00000001     --HOLE-- [fill = 0]
                  20011a80    0000000c     (__TI_handler_table)
                  20011a8c    00000004     --HOLE-- [fill = 0]
                  20011a90    00000008     (.cinit..bss.load) [load image, compression = zero_init]
                  20011a98    00000010     (__TI_cinit_table)

.init_array 
*          0    20004000    00000000     UNINITIALIZED

.priheap   0    20004040    00008000     UNINITIALIZED
                  20004040    00008000     --HOLE--

.bootVecs 
*          0    00000000    00000008     DSECT
                  00000000    00000008     boot.aem4 : boot.oem4 (.bootVecs)

.resetVecs 
*          0    20004000    0000003c     
                  20004000    0000003c     release_pem4.oem4 (.resetVecs)

xdc.meta   0    00000000    00000104     COPY SECTION
                  00000000    00000104     release_pem4.oem4 (xdc.meta)

xdc.noload 
*          0    00000000    00000000     COPY SECTION

MODULE SUMMARY

       Module                       code    ro data   rw data
       ------                       ----    -------   -------
    ./
       Board.obj                    18      84        256    
       main_tirtos.obj              104     0         0      
       empty.obj                    42      0         0      
    +--+----------------------------+-------+---------+---------+
       Total:                       164     84        256    
                                                             
    /Applications/ti/Workspace/tirtos_builds_CC3220S_LAUNCHXL_release_ccs/Debug/configPkg/package/cfg/
       release_pem4.oem4            1324    1072      3014   
    +--+----------------------------+-------+---------+---------+
       Total:                       1324    1072      3014   
                                                             
    /Applications/ti/Workspace/tirtos_builds_CC3220S_LAUNCHXL_release_ccs/src/sysbios/sysbios.aem4
       BIOS.obj                     8352    0         136    
       m3_Hwi_asm.obj               262     0         0      
       m3_TaskSupport_asm.obj       108     0         0      
       m3_Hwi_asm_switch.obj        102     0         0      
    +--+----------------------------+-------+---------+---------+
       Total:                       8824    0         136    
                                                             
    /Applications/ti/ccsv8/tools/compiler/ti-cgt-arm_18.1.2.LTS/lib/rtsv7M4_T_le_eabi.lib
       memcpy_t2.asm.obj            156     0         0      
       ull_div_t2.asm.obj           150     0         0      
       memset_t2.asm.obj            122     0         0      
       copy_decompress_lzss.c.obj   104     0         0      
       cpy_tbl.c.obj                76      0         0      
       _lock.c.obj                  26      0         8      
       args_main.c.obj              24      0         0      
       ll_mul_t2.asm.obj            24      0         0      
       copy_decompress_none.c.obj   14      0         0      
       copy_zero_init.c.obj         12      0         0      
       stkdepth_vars.c.obj          0       0         4      
       div0.asm.obj                 2       0         0      
    +--+----------------------------+-------+---------+---------+
       Total:                       710     0         12     
                                                             
    /Applications/ti/simplelink_cc32xx_sdk_2_20_00_10/kernel/tirtos/packages/ti/dpl/lib/dpl_cc32xx.aem4
       PowerCC32XX_tirtos.oem4      444     0         0      
       HwiP_tirtos.oem4             84      0         0      
       SemaphoreP_tirtos.oem4       78      0         0      
    +--+----------------------------+-------+---------+---------+
       Total:                       606     0         0      
                                                             
    /Applications/ti/simplelink_cc32xx_sdk_2_20_00_10/kernel/tirtos/packages/ti/targets/arm/rtsarm/lib/auto_init.aem4
       auto_init.oem4               160     0         0      
    +--+----------------------------+-------+---------+---------+
       Total:                       160     0         0      
                                                             
    /Applications/ti/simplelink_cc32xx_sdk_2_20_00_10/kernel/tirtos/packages/ti/targets/arm/rtsarm/lib/boot.aem4
       boot.oem4                    68      0         0      
    +--+----------------------------+-------+---------+---------+
       Total:                       68      0         0      
                                                             
    /Applications/ti/simplelink_cc32xx_sdk_2_20_00_10/source/ti/devices/cc32xx/driverlib/ccs/Release/driverlib.a
       prcm.obj                     1604    168       0      
       pin.obj                      280     256       0      
       flash.obj                    72      0         0      
       utils.obj                    6       0         0      
    +--+----------------------------+-------+---------+---------+
       Total:                       1962    424       0      
                                                             
    /Applications/ti/simplelink_cc32xx_sdk_2_20_00_10/source/ti/drivers/lib/drivers_cc32xx.aem4
       PowerCC32XX.oem4             2024    0         664    
       GPIOCC32XX.oem4              1276    103       65     
       PowerCC32XX_asm.oem4         150     0         0      
       List.oem4                    38      0         0      
    +--+----------------------------+-------+---------+---------+
       Total:                       3488    103       729    
                                                             
       Stack:                       0       0         1024   
       Linker Generated:            0       587       0      
    +--+----------------------------+-------+---------+---------+
       Grand Total:                 17306   2270      5171   


LINKER GENERATED COPY TABLES

__TI_cinit_table @ 20011a98 records: 2, size/record: 8, table size: 16
	.data: load addr=20011858, load size=00000227 bytes, run addr=200104d4, run size=000006b4 bytes, compression=lzss
	.bss: load addr=20011a90, load size=00000008 bytes, run addr=20010b88, run size=00000674 bytes, compression=zero_init


LINKER GENERATED HANDLER TABLE

__TI_handler_table @ 20011a80 records: 3, size/record: 4, table size: 12
	index: 0, handler: __TI_zero_init
	index: 1, handler: __TI_decompress_lzss
	index: 2, handler: __TI_decompress_none


GLOBAL SYMBOLS: SORTED ALPHABETICALLY BY Name 

address   name                                                            
-------   ----                                                            
200101f5  Board_init                                                      
2000d9c7  Board_initHook                                                  
2000ef05  FlashDisable                                                    
200116d4  GPIOCC32XX_config                                               
2000ece9  GPIO_enableInt                                                  
2000e1d9  GPIO_hwiIntFxn                                                  
2000d1dd  GPIO_init                                                       
2000e99d  GPIO_setCallback                                                
2000c46d  GPIO_setConfig                                                  
2000e5cd  GPIO_toggle                                                     
2000e9f5  GPIO_write                                                      
00008000  HEAPSIZE                                                        
20010205  HwiP_Params_init                                                
2000f37d  HwiP_create                                                     
2000c8dd  HwiP_disable                                                    
20010451  HwiP_restore                                                    
2000fba9  List_put                                                        
2000c041  PRCMCC3200MCUInit                                               
200100e9  PRCMHIBRegRead                                                  
200100ff  PRCMHIBRegWrite                                                 
2000ef4d  PRCMLPDSEnter                                                   
2000f5f5  PRCMLPDSEnterKeepDebugIf                                        
2000f191  PRCMLPDSRestoreInfoSet                                          
2000fae1  PRCMPeripheralClkDisable                                        
2000ef95  PRCMPeripheralClkEnable                                         
2000ea4d  PRCMPeripheralReset                                             
2000e6fd  PRCMSysResetCauseGet                                            
2000dd2d  PinConfigSet                                                    
2000f6d9  PinModeGet                                                      
2000f3bd  PinModeSet                                                      
2000fed9  PinToPadGet                                                     
200113ec  PowerCC32XX_config                                              
2000d4d9  PowerCC32XX_configureWakeup                                     
20011098  PowerCC32XX_contextSave                                         
2000f1d5  PowerCC32XX_enterLPDS                                           
2000fb09  PowerCC32XX_initPolicy                                          
200104d4  PowerCC32XX_module                                              
2000eba5  PowerCC32XX_parkPin                                             
2000f6a1  PowerCC32XX_restoreParkedPin                                    
2000ebf7  PowerCC32XX_resumeLPDS                                          
2000e631  PowerCC32XX_setParkState                                        
2000c635  PowerCC32XX_sleepPolicy                                         
20010329  Power_getConstraintMask                                         
2001012d  Power_getDependencyCount                                        
2000ffc5  Power_idleFunc                                                  
2000dec9  Power_init                                                      
2000fb31  Power_registerNotify                                            
2000f441  Power_setConstraint                                             
2000e0dd  Power_setDependency                                             
2000cb2d  Power_sleep                                                     
UNDEFED   SHT$$INIT_ARRAY$$Base                                           
UNDEFED   SHT$$INIT_ARRAY$$Limit                                          
2000f9d1  SemaphoreP_createBinary                                         
20010335  SemaphoreP_delete                                               
200101b9  SemaphoreP_pend                                                 
2000cc45  SemaphoreP_post                                                 
2000f7e3  UtilsDelay                                                      
00000000  __ASM__                                                         
0000007d  __ISA__                                                         
00000090  __PLAT__                                                        
20004000  __STACK_END                                                     
00000400  __STACK_SIZE                                                    
000000b7  __TARG__                                                        
20011a98  __TI_CINIT_Base                                                 
20011aa8  __TI_CINIT_Limit                                                
20011a80  __TI_Handler_Table_Base                                         
20011a8c  __TI_Handler_Table_Limit                                        
2000d625  __TI_auto_init                                                  
2000e4fd  __TI_decompress_lzss                                            
200102e9  __TI_decompress_none                                            
ffffffff  __TI_pprof_out_hndl                                             
ffffffff  __TI_prof_data_size                                             
ffffffff  __TI_prof_data_start                                            
20011858  __TI_static_base__                                              
20010359  __TI_zero_init                                                  
000000dc  __TRDR__                                                        
2000e1d7  __aeabi_idiv0                                                   
2000e1d7  __aeabi_ldiv0                                                   
2000fff5  __aeabi_lmul                                                    
2000e15d  __aeabi_memclr                                                  
2000e15d  __aeabi_memclr4                                                 
2000e15d  __aeabi_memclr8                                                 
2000d765  __aeabi_memcpy                                                  
2000d765  __aeabi_memcpy4                                                 
2000d765  __aeabi_memcpy8                                                 
2000e15f  __aeabi_memset                                                  
2000e15f  __aeabi_memset4                                                 
2000e15f  __aeabi_memset8                                                 
2000d931  __aeabi_uldivmod                                                
ffffffff  __binit__                                                       
ffffffff  __c_args__                                                      
2000c040  __primary_heap_end__                                            
20004040  __primary_heap_start__                                          
20003c00  __stack                                                         
2000ffdd  _args_main                                                      
2000f219  _c_int00                                                        
20010b0c  _lock                                                           
2000dec7  _nop                                                            
2000fa01  _pthread_cleanupFxn                                             
2000d6c9  _pthread_removeThreadKeys                                       
2000e251  _pthread_runStub                                                
20010341  _register_lock                                                  
2001034d  _register_unlock                                                
20010b10  _unlock                                                         
ffffffff  binit                                                           
2000ed35  copy_in                                                         
20010b64  gpioCallbackFunctions                                           
20010b68  gpioPinConfigs                                                  
20011762  inPinTypes                                                      
2000e565  main                                                            
2000fab5  mainThread                                                      
20010b6c  main_func_sp                                                    
2000d765  memcpy                                                          
2000e165  memset                                                          
20011768  outPinStrengths                                                 
2001172c  outPinTypes                                                     
20010640  parkInfo                                                        
2000fbd1  pthread_attr_init                                               
200102f9  pthread_attr_setdetachstate                                     
20010141  pthread_attr_setschedparam                                      
20010431  pthread_attr_setstacksize                                       
2000ce61  pthread_create                                                  
2000e421  pthread_exit                                                    
2000f821  pthread_setcancelstate                                          
2000fd99  sleep                                                           
20010a64  ti_sysbios_BIOS_Module__state__V                                
2001006d  ti_sysbios_BIOS_RtsGateProxy_Handle__label__S                   
2000ce5d  ti_sysbios_BIOS_RtsGateProxy_enter__E                           
2000cf4d  ti_sysbios_BIOS_RtsGateProxy_leave__E                           
20010491  ti_sysbios_BIOS_RtsGateProxy_query__E                           
2000f851  ti_sysbios_BIOS_atExitFunc__I                                   
20010115  ti_sysbios_BIOS_exitFunc__I                                     
200104a1  ti_sysbios_BIOS_linkedWithIncorrectBootLibrary__E               
2000e8dd  ti_sysbios_BIOS_nullFunc__I                                     
2000fbf5  ti_sysbios_BIOS_registerRTSLock__I                              
2000fc19  ti_sysbios_BIOS_removeRTSLock__I                                
2000fdb9  ti_sysbios_BIOS_rtsLock__I                                      
2001000d  ti_sysbios_BIOS_rtsUnlock__I                                    
20010219  ti_sysbios_BIOS_setThreadType__E                                
2000f881  ti_sysbios_BIOS_startFunc__I                                    
20010229  ti_sysbios_BIOS_start__E                                        
20011774  ti_sysbios_family_arm_m3_Hwi_E_alreadyDefined__C                
2000f4b9  ti_sysbios_family_arm_m3_Hwi_Instance_finalize__E               
2000d899  ti_sysbios_family_arm_m3_Hwi_Instance_init__E                   
20010b0a  ti_sysbios_family_arm_m3_Hwi_Module_State_0_excActive__A        
20010b70  ti_sysbios_family_arm_m3_Hwi_Module_State_0_excContext__A       
20010b74  ti_sysbios_family_arm_m3_Hwi_Module_State_0_excStack__A         
20011572  ti_sysbios_family_arm_m3_Hwi_Module__id__C                      
20010b14  ti_sysbios_family_arm_m3_Hwi_Module__root__V                    
20010025  ti_sysbios_family_arm_m3_Hwi_Module__startupDone__F             
20010025  ti_sysbios_family_arm_m3_Hwi_Module__startupDone__S             
200109a4  ti_sysbios_family_arm_m3_Hwi_Module__state__V                   
2000ec49  ti_sysbios_family_arm_m3_Hwi_Module_startup__E                  
20011778  ti_sysbios_family_arm_m3_Hwi_NUM_INTERRUPTS__C                  
20011574  ti_sysbios_family_arm_m3_Hwi_Object__DESC__C                    
20011468  ti_sysbios_family_arm_m3_Hwi_Object__PARAMS__C                  
2001177c  ti_sysbios_family_arm_m3_Hwi_Object__count__C                   
20010155  ti_sysbios_family_arm_m3_Hwi_Object__get__S                     
20010ac4  ti_sysbios_family_arm_m3_Hwi_Object__table__V                   
20010365  ti_sysbios_family_arm_m3_Hwi_Params__init__S                    
20011780  ti_sysbios_family_arm_m3_Hwi_ccr__C                             
2000eaa5  ti_sysbios_family_arm_m3_Hwi_create                             
20010371  ti_sysbios_family_arm_m3_Hwi_disableFxn__E                      
2000efe1  ti_sysbios_family_arm_m3_Hwi_disableInterrupt__E                
2000e699  ti_sysbios_family_arm_m3_Hwi_dispatchC__I                       
20010b88  ti_sysbios_family_arm_m3_Hwi_dispatchTable                      
2000d111  ti_sysbios_family_arm_m3_Hwi_dispatch__I                        
20010439  ti_sysbios_family_arm_m3_Hwi_doSwiRestore__I                    
20010449  ti_sysbios_family_arm_m3_Hwi_doTaskRestore__I                   
2000f029  ti_sysbios_family_arm_m3_Hwi_enableInterrupt__E                 
2000fdd9  ti_sysbios_family_arm_m3_Hwi_excHandlerAsm__I                   
20011784  ti_sysbios_family_arm_m3_Hwi_excHandlerFunc__C                  
2000fdf9  ti_sysbios_family_arm_m3_Hwi_excHandler__I                      
2000f261  ti_sysbios_family_arm_m3_Hwi_getStackInfo__E                    
2000ddb9  ti_sysbios_family_arm_m3_Hwi_initNVIC__E                        
2000f071  ti_sysbios_family_arm_m3_Hwi_initStacks__E                      
2000d1c1  ti_sysbios_family_arm_m3_Hwi_interruptsAreDisabledButShouldNotBe
20011788  ti_sysbios_family_arm_m3_Hwi_nullIsrFunc__C                     
e000e000  ti_sysbios_family_arm_m3_Hwi_nvic                               
2000ff8d  ti_sysbios_family_arm_m3_Hwi_pendSV__I                          
2000dfd1  ti_sysbios_family_arm_m3_Hwi_postInit__I                        
2001178c  ti_sysbios_family_arm_m3_Hwi_priGroup__C                        
20000000  ti_sysbios_family_arm_m3_Hwi_ramVectors                         
20004000  ti_sysbios_family_arm_m3_Hwi_resetVectors                       
20010451  ti_sysbios_family_arm_m3_Hwi_restoreFxn__E                      
2000ffa5  ti_sysbios_family_arm_m3_Hwi_return                             
20010441  ti_sysbios_family_arm_m3_Hwi_startup__E                         
20011790  ti_sysbios_family_arm_m3_Hwi_swiDisable__C                      
20011794  ti_sysbios_family_arm_m3_Hwi_swiRestoreHwi__C                   
20010169  ti_sysbios_family_arm_m3_Hwi_switchFromBootStack__E             
2000d03d  ti_sysbios_family_arm_m3_TaskSupport_Module__startupDone__S     
2000edcd  ti_sysbios_family_arm_m3_TaskSupport_buildTaskStack             
20010381  ti_sysbios_family_arm_m3_TaskSupport_getStackAlignment__E       
20010239  ti_sysbios_family_arm_m3_TaskSupport_glue                       
20011798  ti_sysbios_family_arm_m3_TaskSupport_stackAlignment__C          
2000f8b1  ti_sysbios_family_arm_m3_TaskSupport_start__E                   
20010249  ti_sysbios_family_arm_m3_TaskSupport_swap__E                    
2001179c  ti_sysbios_family_arm_m3_Timer_E_cannotSupport__C               
20011772  ti_sysbios_family_arm_m3_Timer_Module__id__C                    
2001003d  ti_sysbios_family_arm_m3_Timer_Module__startupDone__F           
2001003d  ti_sysbios_family_arm_m3_Timer_Module__startupDone__S           
20010af4  ti_sysbios_family_arm_m3_Timer_Module__state__V                 
2000fc41  ti_sysbios_family_arm_m3_Timer_Module_startup__E                
200109d8  ti_sysbios_family_arm_m3_Timer_Object__table__V                 
20010481  ti_sysbios_family_arm_m3_Timer_getMaxTicks__E                   
2000f0b9  ti_sysbios_family_arm_m3_Timer_initDevice__I                    
2000f749  ti_sysbios_family_arm_m3_Timer_periodicStub__I                  
2000fc69  ti_sysbios_family_arm_m3_Timer_postInit__I                      
2000f4f9  ti_sysbios_family_arm_m3_Timer_setPeriodMicroSecs__E            
2000eaf9  ti_sysbios_family_arm_m3_Timer_setPeriod__E                     
2000e821  ti_sysbios_family_arm_m3_Timer_start__E                         
200117a0  ti_sysbios_family_arm_m3_Timer_startupNeeded__C                 
2000fc91  ti_sysbios_family_arm_m3_Timer_startup__E                       
2000fef9  ti_sysbios_family_arm_m3_Timer_stop__E                          
2000feb9  ti_sysbios_family_xxx_Hwi_switchAndRunFunc                      
20010055  ti_sysbios_gates_GateHwi_Handle__label__S                       
200104a9  ti_sysbios_gates_GateHwi_Instance_init__E                       
200114c0  ti_sysbios_gates_GateHwi_Module__FXNS__C                        
20010b1c  ti_sysbios_gates_GateHwi_Module__root__V                        
20011594  ti_sysbios_gates_GateHwi_Object__DESC__C                        
20011674  ti_sysbios_gates_GateHwi_Object__PARAMS__C                      
2000f8e1  ti_sysbios_gates_GateHwi_Object__create__S                      
2000fe19  ti_sysbios_gates_GateHwi_Object__delete__S                      
20010b78  ti_sysbios_gates_GateHwi_Object__table__V                       
20010391  ti_sysbios_gates_GateHwi_enter__E                               
20010459  ti_sysbios_gates_GateHwi_leave__E                               
20010489  ti_sysbios_gates_GateHwi_query__E                               
2001006d  ti_sysbios_gates_GateMutex_Handle__label__S                     
200117a4  ti_sysbios_gates_GateMutex_Instance_State_sem__O                
20010259  ti_sysbios_gates_GateMutex_Instance_finalize__E                 
2000ff19  ti_sysbios_gates_GateMutex_Instance_init__E                     
200114e4  ti_sysbios_gates_GateMutex_Module__FXNS__C                      
20010b24  ti_sysbios_gates_GateMutex_Module__root__V                      
200115b4  ti_sysbios_gates_GateMutex_Object__DESC__C                      
2001168c  ti_sysbios_gates_GateMutex_Object__PARAMS__C                    
2000f911  ti_sysbios_gates_GateMutex_Object__create__S                    
2000fcb5  ti_sysbios_gates_GateMutex_Object__delete__S                    
200108c0  ti_sysbios_gates_GateMutex_Object__table__V                     
2000f941  ti_sysbios_gates_GateMutex_enter__E                             
20010089  ti_sysbios_gates_GateMutex_leave__E                             
20010491  ti_sysbios_gates_GateMutex_query__E                             
20010025  ti_sysbios_hal_Hwi_HwiProxy_Module__startupDone__S              
20010365  ti_sysbios_hal_Hwi_HwiProxy_Params__init__S                     
2000efe1  ti_sysbios_hal_Hwi_HwiProxy_disableInterrupt__E                 
20010371  ti_sysbios_hal_Hwi_HwiProxy_disable__E                          
2000f029  ti_sysbios_hal_Hwi_HwiProxy_enableInterrupt__E                  
2000f261  ti_sysbios_hal_Hwi_HwiProxy_getStackInfo__E                     
20010451  ti_sysbios_hal_Hwi_HwiProxy_restore__E                          
20010441  ti_sysbios_hal_Hwi_HwiProxy_startup__E                          
20010169  ti_sysbios_hal_Hwi_HwiProxy_switchFromBootStack__E              
200101d1  ti_sysbios_hal_Hwi_Module_startup__E                            
2000efe1  ti_sysbios_hal_Hwi_disableInterrupt__E                          
2000f029  ti_sysbios_hal_Hwi_enableInterrupt__E                           
2000f261  ti_sysbios_hal_Hwi_getStackInfo__E                              
2000f7b1  ti_sysbios_hal_Hwi_initStack                                    
20010441  ti_sysbios_hal_Hwi_startup__E                                   
20010169  ti_sysbios_hal_Hwi_switchFromBootStack__E                       
200117a8  ti_sysbios_heaps_HeapMem_E_memory__C                            
200100a1  ti_sysbios_heaps_HeapMem_Handle__label__S                       
2000f401  ti_sysbios_heaps_HeapMem_Instance_init__E                       
2001006d  ti_sysbios_heaps_HeapMem_Module_GateProxy_Handle__label__S      
2000d365  ti_sysbios_heaps_HeapMem_Module_GateProxy_enter__E              
2000d6c5  ti_sysbios_heaps_HeapMem_Module_GateProxy_leave__E              
20010491  ti_sysbios_heaps_HeapMem_Module_GateProxy_query__E              
20011498  ti_sysbios_heaps_HeapMem_Module__FXNS__C                        
200117ac  ti_sysbios_heaps_HeapMem_Module__gateObj__C                     
20011848  ti_sysbios_heaps_HeapMem_Module__id__C                          
20010b2c  ti_sysbios_heaps_HeapMem_Module__root__V                        
200115d4  ti_sysbios_heaps_HeapMem_Object__DESC__C                        
20011508  ti_sysbios_heaps_HeapMem_Object__PARAMS__C                      
200117b0  ti_sysbios_heaps_HeapMem_Object__count__C                       
2000f971  ti_sysbios_heaps_HeapMem_Object__create__S                      
2000fe39  ti_sysbios_heaps_HeapMem_Object__delete__S                      
2001017d  ti_sysbios_heaps_HeapMem_Object__get__S                         
20010adc  ti_sysbios_heaps_HeapMem_Object__table__V                       
2000d041  ti_sysbios_heaps_HeapMem_alloc__E                               
2000e059  ti_sysbios_heaps_HeapMem_free__E                                
2000ee19  ti_sysbios_heaps_HeapMem_getStats__E                            
2000e341  ti_sysbios_heaps_HeapMem_initPrimary__I                         
20010461  ti_sysbios_heaps_HeapMem_isBlocking__E                          
200117b4  ti_sysbios_heaps_HeapMem_primaryHeapBaseAddr__C                 
200117b8  ti_sysbios_heaps_HeapMem_primaryHeapEndAddr__C                  
200117bc  ti_sysbios_heaps_HeapMem_reqAlign__C                            
200117c0  ti_sysbios_knl_Clock_Module_State_clockQ__O                     
20010a38  ti_sysbios_knl_Clock_Module__state__V                           
2000fcd9  ti_sysbios_knl_Clock_Module_startup__E                          
2001003d  ti_sysbios_knl_Clock_TimerProxy_Module__startupDone__S          
2000daed  ti_sysbios_knl_Clock_TimerProxy_getMaxTicks__E                  
2000ddb5  ti_sysbios_knl_Clock_TimerProxy_setPeriodMicroSecs__E           
[...]
2000ff71  ti_sysbios_knl_Task_enter__I                                    
2000ff8d  ti_sysbios_family_arm_m3_Hwi_pendSV__I                          
2000ffa5  ti_sysbios_family_arm_m3_Hwi_return                             
2000ffa9  ti_sysbios_knl_Task_sleepTimeout__I                             
2000ffc5  Power_idleFunc                                                  
2000ffdd  _args_main                                                      
2000fff5  __aeabi_lmul                                                    
2001000d  ti_sysbios_BIOS_rtsUnlock__I                                    
20010025  ti_sysbios_family_arm_m3_Hwi_Module__startupDone__F             
20010025  ti_sysbios_family_arm_m3_Hwi_Module__startupDone__S             
20010025  ti_sysbios_hal_Hwi_HwiProxy_Module__startupDone__S              
2001003d  ti_sysbios_family_arm_m3_Timer_Module__startupDone__F           
2001003d  ti_sysbios_family_arm_m3_Timer_Module__startupDone__S           
2001003d  ti_sysbios_knl_Clock_TimerProxy_Module__startupDone__S          
20010055  ti_sysbios_gates_GateHwi_Handle__label__S                       
20010055  xdc_runtime_Main_Module_GateProxy_Handle__label__S              
20010055  xdc_runtime_System_Module_GateProxy_Handle__label__S            
2001006d  ti_sysbios_BIOS_RtsGateProxy_Handle__label__S                   
2001006d  ti_sysbios_gates_GateMutex_Handle__label__S                     
2001006d  ti_sysbios_heaps_HeapMem_Module_GateProxy_Handle__label__S      
20010089  ti_sysbios_gates_GateMutex_leave__E                             
200100a1  ti_sysbios_heaps_HeapMem_Handle__label__S                       
200100a1  xdc_runtime_Memory_HeapProxy_Handle__label__S                   
200100b9  xdc_runtime_Error_init__E                                       
200100d1  xdc_runtime_System_exit__E                                      
200100e9  PRCMHIBRegRead                                                  
200100ff  PRCMHIBRegWrite                                                 
20010115  ti_sysbios_BIOS_exitFunc__I                                     
2001012d  Power_getDependencyCount                                        
20010141  pthread_attr_setschedparam                                      
20010155  ti_sysbios_family_arm_m3_Hwi_Object__get__S                     
20010169  ti_sysbios_family_arm_m3_Hwi_switchFromBootStack__E             
20010169  ti_sysbios_hal_Hwi_HwiProxy_switchFromBootStack__E              
20010169  ti_sysbios_hal_Hwi_switchFromBootStack__E                       
2001017d  ti_sysbios_heaps_HeapMem_Object__get__S                         
20010191  ti_sysbios_knl_Clock_tickReconfig__E                            
200101a5  ti_sysbios_knl_Swi_Object__get__S                               
200101b9  SemaphoreP_pend                                                 
200101d1  ti_sysbios_hal_Hwi_Module_startup__E                            
200101e3  xdc_runtime_Startup_exec__I                                     
200101f5  Board_init                                                      
20010205  HwiP_Params_init                                                
20010219  ti_sysbios_BIOS_setThreadType__E                                
20010229  ti_sysbios_BIOS_start__E                                        
20010239  ti_sysbios_family_arm_m3_TaskSupport_glue                       
20010249  ti_sysbios_family_arm_m3_TaskSupport_swap__E                    
20010249  ti_sysbios_knl_Task_SupportProxy_swap__E                        
20010251  ti_sysbios_knl_Task_swapReturn                                  
20010259  ti_sysbios_gates_GateMutex_Instance_finalize__E                 
20010269  ti_sysbios_knl_Mailbox_Object__get__S                           
20010279  ti_sysbios_knl_Semaphore_Instance_finalize__E                   
20010289  ti_sysbios_knl_Swi_disable__E                                   
20010299  ti_sysbios_knl_Task_Object__get__S                              
200102a9  ti_sysbios_knl_Task_disable__E                                  
200102b9  xdc_runtime_Memory_free__E                                      
200102c9  xdc_runtime_SysCallback_abort__E                                
200102c9  xdc_runtime_System_SupportProxy_abort__E                        
200102d9  xdc_runtime_SysCallback_exit__E                                 
200102d9  xdc_runtime_System_SupportProxy_exit__E                         
200102e9  __TI_decompress_none                                            
200102f9  pthread_attr_setdetachstate                                     
20010309  ti_sysbios_knl_Idle_loop__E                                     
20010319  ti_sysbios_knl_Queue_empty__E                                   
20010329  Power_getConstraintMask                                         
20010335  SemaphoreP_delete                                               
20010341  _register_lock                                                  
2001034d  _register_unlock                                                
20010359  __TI_zero_init                                                  
20010365  ti_sysbios_family_arm_m3_Hwi_Params__init__S                    
20010365  ti_sysbios_hal_Hwi_HwiProxy_Params__init__S                     
20010371  ti_sysbios_family_arm_m3_Hwi_disableFxn__E                      
20010371  ti_sysbios_hal_Hwi_HwiProxy_disable__E                          
20010381  ti_sysbios_family_arm_m3_TaskSupport_getStackAlignment__E       
20010381  ti_sysbios_knl_Task_SupportProxy_getStackAlignment__E           
20010391  ti_sysbios_gates_GateHwi_enter__E                               
200103a1  ti_sysbios_knl_Clock_getTicks__E                                
200103b1  ti_sysbios_knl_Clock_setTicks__E                                
200103c1  ti_sysbios_knl_Clock_tickStart__E                               
200103d1  ti_sysbios_knl_Clock_tickStop__E                                
200103dd  ti_sysbios_knl_Queue_Object__get__S                             
200103e9  ti_sysbios_knl_Semaphore_Params__init__S                        
200103f5  ti_sysbios_knl_Task_Params__init__S                             
20010401  ti_sysbios_rts_ti_ReentSupport_taskRegHook__I                   
20010411  xdc_runtime_Startup_rtsDone__E                                  
2001041d  xdc_runtime_Memory_HeapProxy_alloc__E                           
20010427  xdc_runtime_Memory_HeapProxy_free__E                            
20010431  pthread_attr_setstacksize                                       
20010439  ti_sysbios_family_arm_m3_Hwi_doSwiRestore__I                    
20010441  ti_sysbios_family_arm_m3_Hwi_startup__E                         
20010441  ti_sysbios_hal_Hwi_HwiProxy_startup__E                          
20010441  ti_sysbios_hal_Hwi_startup__E                                   
20010449  ti_sysbios_family_arm_m3_Hwi_doTaskRestore__I                   
20010451  HwiP_restore                                                    
20010451  ti_sysbios_family_arm_m3_Hwi_restoreFxn__E                      
20010451  ti_sysbios_hal_Hwi_HwiProxy_restore__E                          
20010459  ti_sysbios_gates_GateHwi_leave__E                               
20010461  ti_sysbios_heaps_HeapMem_isBlocking__E                          
20010469  ti_sysbios_knl_Queue_Instance_init__E                           
20010471  ti_sysbios_knl_Swi_startup__E                                   
20010479  xdc_runtime_System_Module_startup__E                            
20010481  ti_sysbios_family_arm_m3_Timer_getMaxTicks__E                   
20010489  ti_sysbios_gates_GateHwi_query__E                               
20010489  xdc_runtime_Main_Module_GateProxy_query__E                      
20010489  xdc_runtime_System_Module_GateProxy_query__E                    
20010491  ti_sysbios_BIOS_RtsGateProxy_query__E                           
20010491  ti_sysbios_gates_GateMutex_query__E                             
20010491  ti_sysbios_heaps_HeapMem_Module_GateProxy_query__E              
20010499  ti_sysbios_knl_Task_startup__E                                  
200104a1  ti_sysbios_BIOS_linkedWithIncorrectBootLibrary__E               
200104a9  ti_sysbios_gates_GateHwi_Instance_init__E                       
200104b1  ti_sysbios_knl_Clock_logTick__E                                 
200104b9  xdc_runtime_SysCallback_defaultAbort                            
200104c1  xdc_runtime_SysCallback_defaultExit                             
200104c9  xdc_runtime_System_abortSpin__E                                 
200104d1  xdc_runtime_System_exitSpin__E                                  
200104d4  PowerCC32XX_module                                              
20010640  parkInfo                                                        
200107c0  ti_sysbios_knl_Swi_Module_State_0_readyQ__A                     
20010840  ti_sysbios_knl_Task_Module_State_0_readyQ__A                    
200108c0  ti_sysbios_gates_GateMutex_Object__table__V                     
20010914  ti_sysbios_knl_Task_Object__table__V                            
20010960  ti_sysbios_knl_Task_Module__state__V                            
200109a4  ti_sysbios_family_arm_m3_Hwi_Module__state__V                   
200109d8  ti_sysbios_family_arm_m3_Timer_Object__table__V                 
20010a08  ti_sysbios_knl_Swi_Object__table__V                             
20010a38  ti_sysbios_knl_Clock_Module__state__V                           
20010a64  ti_sysbios_BIOS_Module__state__V                                
20010a88  xdc_runtime_Error_IgnoreBlock                                   
20010aa8  ti_sysbios_knl_Swi_Module__state__V                             
20010ac4  ti_sysbios_family_arm_m3_Hwi_Object__table__V                   
20010adc  ti_sysbios_heaps_HeapMem_Object__table__V                       
20010af4  ti_sysbios_family_arm_m3_Timer_Module__state__V                 
20010b0a  ti_sysbios_family_arm_m3_Hwi_Module_State_0_excActive__A        
20010b0c  _lock                                                           
20010b10  _unlock                                                         
20010b14  ti_sysbios_family_arm_m3_Hwi_Module__root__V                    
20010b1c  ti_sysbios_gates_GateHwi_Module__root__V                        
20010b24  ti_sysbios_gates_GateMutex_Module__root__V                      
20010b2c  ti_sysbios_heaps_HeapMem_Module__root__V                        
20010b34  ti_sysbios_knl_Queue_Module__root__V                            
20010b3c  ti_sysbios_knl_Semaphore_Module__root__V                        
20010b44  ti_sysbios_knl_Task_Module__root__V                             
20010b4c  xdc_runtime_Startup_Module__state__V                            
20010b54  xdc_runtime_System_Module_State_0_atexitHandlers__A             
20010b5c  xdc_runtime_System_Module__state__V                             
20010b64  gpioCallbackFunctions                                           
20010b68  gpioPinConfigs                                                  
20010b6c  main_func_sp                                                    
20010b70  ti_sysbios_family_arm_m3_Hwi_Module_State_0_excContext__A       
20010b74  ti_sysbios_family_arm_m3_Hwi_Module_State_0_excStack__A         
20010b78  ti_sysbios_gates_GateHwi_Object__table__V                       
20010b7c  ti_sysbios_knl_Task_Module_State_0_idleTask__A                  
20010b80  ti_sysbios_rts_ti_ReentSupport_Module__state__V                 
20010b84  xdc_runtime_Memory_Module__state__V                             
20010b88  ti_sysbios_family_arm_m3_Hwi_dispatchTable                      
20010e98  ti_sysbios_knl_Task_Instance_State_0_stack__A                   
20011098  PowerCC32XX_contextSave                                         
200111f8  ti_sysbios_knl_Task_Instance_State_0_hookEnv__A                 
200113ec  PowerCC32XX_config                                              
2001142c  ti_sysbios_knl_Task_Object__PARAMS__C                           
20011468  ti_sysbios_family_arm_m3_Hwi_Object__PARAMS__C                  
20011498  ti_sysbios_heaps_HeapMem_Module__FXNS__C                        
200114c0  ti_sysbios_gates_GateHwi_Module__FXNS__C                        
200114e4  ti_sysbios_gates_GateMutex_Module__FXNS__C                      
20011508  ti_sysbios_heaps_HeapMem_Object__PARAMS__C                      
2001152c  ti_sysbios_knl_Semaphore_Object__PARAMS__C                      
20011571  ti_sysbios_knl_Clock_tickMode__C                                
20011572  ti_sysbios_family_arm_m3_Hwi_Module__id__C                      
20011574  ti_sysbios_family_arm_m3_Hwi_Object__DESC__C                    
20011594  ti_sysbios_gates_GateHwi_Object__DESC__C                        
200115b4  ti_sysbios_gates_GateMutex_Object__DESC__C                      
200115d4  ti_sysbios_heaps_HeapMem_Object__DESC__C                        
200115f4  ti_sysbios_knl_Queue_Object__DESC__C                            
20011614  ti_sysbios_knl_Semaphore_Object__DESC__C                        
20011634  ti_sysbios_knl_Task_Object__DESC__C                             
20011654  xdc_runtime_Startup_sfxnTab__A                                  
20011674  ti_sysbios_gates_GateHwi_Object__PARAMS__C                      
2001168c  ti_sysbios_gates_GateMutex_Object__PARAMS__C                    
200116a4  ti_sysbios_knl_Queue_Object__PARAMS__C                          
200116bc  ti_sysbios_knl_Task_hooks__A                                    
200116d4  GPIOCC32XX_config                                               
20011710  xdc_runtime_Startup_sfxnRts__A                                  
20011720  xdc_runtime_Startup_firstFxns__A                                
2001172c  outPinTypes                                                     
20011734  ti_sysbios_knl_Idle_funcList__A                                 
2001173c  ti_sysbios_knl_Idle_funcList__C                                 
20011744  ti_sysbios_knl_Task_hooks__C                                    
2001174c  xdc_runtime_Startup_firstFxns__C                                
20011754  xdc_runtime_Startup_lastFxns__C                                 
20011762  inPinTypes                                                      
20011768  outPinStrengths                                                 
20011772  ti_sysbios_family_arm_m3_Timer_Module__id__C                    
20011774  ti_sysbios_family_arm_m3_Hwi_E_alreadyDefined__C                
20011778  ti_sysbios_family_arm_m3_Hwi_NUM_INTERRUPTS__C                  
2001177c  ti_sysbios_family_arm_m3_Hwi_Object__count__C                   
20011780  ti_sysbios_family_arm_m3_Hwi_ccr__C                             
20011784  ti_sysbios_family_arm_m3_Hwi_excHandlerFunc__C                  
20011788  ti_sysbios_family_arm_m3_Hwi_nullIsrFunc__C                     
2001178c  ti_sysbios_family_arm_m3_Hwi_priGroup__C                        
20011790  ti_sysbios_family_arm_m3_Hwi_swiDisable__C                      
20011794  ti_sysbios_family_arm_m3_Hwi_swiRestoreHwi__C                   
20011798  ti_sysbios_family_arm_m3_TaskSupport_stackAlignment__C          
2001179c  ti_sysbios_family_arm_m3_Timer_E_cannotSupport__C               
200117a0  ti_sysbios_family_arm_m3_Timer_startupNeeded__C                 
200117a4  ti_sysbios_gates_GateMutex_Instance_State_sem__O                
200117a8  ti_sysbios_heaps_HeapMem_E_memory__C                            
200117ac  ti_sysbios_heaps_HeapMem_Module__gateObj__C                     
200117b0  ti_sysbios_heaps_HeapMem_Object__count__C                       
200117b4  ti_sysbios_heaps_HeapMem_primaryHeapBaseAddr__C                 
200117b8  ti_sysbios_heaps_HeapMem_primaryHeapEndAddr__C                  
200117bc  ti_sysbios_heaps_HeapMem_reqAlign__C                            
200117c0  ti_sysbios_knl_Clock_Module_State_clockQ__O                     
200117c4  ti_sysbios_knl_Clock_tickPeriod__C                              
200117c8  ti_sysbios_knl_Mailbox_Instance_State_freeQue__O                
200117cc  ti_sysbios_knl_Mailbox_Object__count__C                         
200117d0  ti_sysbios_knl_Mailbox_maxTypeAlign__C                          
200117d4  ti_sysbios_knl_Semaphore_Instance_State_pendQ__O                
200117d8  ti_sysbios_knl_Swi_Object__count__C                             
200117dc  ti_sysbios_knl_Task_Module_State_inactiveQ__O                   
200117e0  ti_sysbios_knl_Task_Object__count__C                            
200117e4  ti_sysbios_knl_Task_Object__heap__C                             
200117e8  ti_sysbios_knl_Task_allBlockedFunc__C                           
200117ec  ti_sysbios_knl_Task_defaultStackHeap__C                         
200117f0  ti_sysbios_knl_Task_defaultStackSize__C                         
200117f4  ti_sysbios_knl_Task_numConstructedTasks__C                      
200117f8  xdc_runtime_Error_E_memory__C                                   
200117fc  xdc_runtime_Error_policyFxn__C                                  
20011800  xdc_runtime_IGateProvider_Interface__BASE__C                    
20011804  xdc_runtime_IHeap_Interface__BASE__C                            
20011808  xdc_runtime_IModule_Interface__BASE__C                          
2001180c  xdc_runtime_Memory_defaultHeapInstance__C                       
20011810  xdc_runtime_Startup_execImpl__C                                 
20011814  xdc_runtime_Startup_maxPasses__C                                
20011818  xdc_runtime_Startup_sfxnRts__C                                  
2001181c  xdc_runtime_Startup_sfxnTab__C                                  
20011820  xdc_runtime_SysCallback_abortFxn__C                             
20011824  xdc_runtime_SysCallback_exitFxn__C                              
20011828  xdc_runtime_System_Module__gateObj__C                           
2001182c  xdc_runtime_System_abortFxn__C                                  
20011830  xdc_runtime_System_exitFxn__C                                   
20011834  xdc_runtime_System_maxAtexitHandlers__C                         
20011838  xdc_runtime_Text_charTab__C                                     
2001183c  xdc_runtime_Text_nameEmpty__C                                   
20011840  xdc_runtime_Text_nameStatic__C                                  
20011844  xdc_runtime_Text_nameUnknown__C                                 
20011848  ti_sysbios_heaps_HeapMem_Module__id__C                          
2001184a  xdc_runtime_Memory_Module__id__C                                
2001184c  xdc_runtime_Text_charCnt__C                                     
2001184e  xdc_runtime_Text_isLoaded__C                                    
20011850  ti_sysbios_knl_Clock_tickSource__C                              
20011851  xdc_runtime_Error_policy__C                                     
20011852  xdc_runtime_Text_charTab__A                                     
20011858  __TI_static_base__                                              
20011a80  __TI_Handler_Table_Base                                         
20011a8c  __TI_Handler_Table_Limit                                        
20011a98  __TI_CINIT_Base                                                 
20011aa8  __TI_CINIT_Limit                                                
e000e000  ti_sysbios_family_arm_m3_Hwi_nvic                               
ffffffff  __TI_pprof_out_hndl                                             
ffffffff  __TI_prof_data_size                                             
ffffffff  __TI_prof_data_start                                            
ffffffff  __binit__                                                       
ffffffff  __c_args__                                                      
ffffffff  binit                                                           
UNDEFED   SHT$$INIT_ARRAY$$Base                                           
UNDEFED   SHT$$INIT_ARRAY$$Limit                                          

[474 symbols]
