******************************************************************************
                  TI ARM Linker Unix v18.1.2                   
******************************************************************************
>> Linked Thu Jul 19 21:17:16 2018

OUTPUT FILE NAME:   <waterFiller.out>
ENTRY POINT SYMBOL: "_c_int00"  address: 2000f309


MEMORY CONFIGURATION

         name            origin    length      used     unused   attr    fill
----------------------  --------  ---------  --------  --------  ----  --------
  SRAM0                 20000000   00004000  0000070c  000038f4  RW X
  SRAM                  20004000   0003c000  0000de77  0002e189  RW X


SEGMENT ALLOCATION MAP

run origin  load origin   length   init length attrs members
----------  ----------- ---------- ----------- ----- -------
20003c00    20003c00    00000400   00000000    rw-
  20003c00    20003c00    00000400   00000000    rw- .stack
20004000    20004000    00008040   0000003c    r--
  20004000    20004000    0000003c   0000003c    r-- .resetVecs
  20004040    20004040    00008000   00000000    r-- .priheap
2000c040    2000c040    00004832   00004832    r-x
  2000c040    2000c040    00004832   00004832    r-x .text
20010874    20010874    000006de   00000000    rw-
  20010874    20010874    000006de   00000000    rw- .data
20010f58    20010f58    00000674   00000000    rw-
  20010f58    20010f58    00000674   00000000    rw- .bss
200115cc    200115cc    00000657   00000657    r--
  200115cc    200115cc    00000657   00000657    r-- .const
20011c28    20011c28    00000260   00000260    r--
  20011c28    20011c28    00000260   00000260    r-- .cinit


SECTION ALLOCATION MAP

 output                                  attributes/
section   page    origin      length       input sections
--------  ----  ----------  ----------   ----------------
.vecs      0    20000000    0000030c     NOLOAD SECTION
                  20000000    0000030c     release_pem4.oem4 (.vecs)

.stack     0    20003c00    00000400     UNINITIALIZED
                  20003c00    00000400     --HOLE--

.text      0    2000c040    00004832     
                  2000c040    0000042c     driverlib.a : prcm.obj (.text:PRCMCC3200MCUInit)
                  2000c46c    000001c8     drivers_cc32xx.aem4 : GPIOCC32XX.oem4 (.text:GPIO_setConfig)
                  2000c634    00000158     dpl_cc32xx.aem4 : PowerCC32XX_tirtos.oem4 (.text:PowerCC32XX_sleepPolicy)
                  2000c78c    00000150     drivers_cc32xx.aem4 : PowerCC32XX.oem4 (.text:parkPins)
                  2000c8dc    00000004     dpl_cc32xx.aem4 : HwiP_tirtos.oem4 (.text:HwiP_disable)
                  2000c8e0    00000130     sysbios.aem4 : BIOS.obj (.text:ti_sysbios_knl_Semaphore_pend__E)
                  2000ca10    0000011c                  : BIOS.obj (.text:xdc_runtime_Startup_startMods__I)
                  2000cb2c    00000118     drivers_cc32xx.aem4 : PowerCC32XX.oem4 (.text:Power_sleep)
                  2000cc44    00000004     dpl_cc32xx.aem4 : SemaphoreP_tirtos.oem4 (.text:SemaphoreP_post)
                  2000cc48    00000110     sysbios.aem4 : BIOS.obj (.text:ti_sysbios_knl_Task_postInit__I)
                  2000cd58    00000104                  : BIOS.obj (.text:ti_sysbios_knl_Task_Instance_finalize__E)
                  2000ce5c    000000f4     waterFiller.obj (.text:mainThread)
                  2000cf50    000000ec     sysbios.aem4 : BIOS.obj (.text:pthread_create)
                  2000d03c    00000004     release_pem4.oem4 (.text:ti_sysbios_BIOS_RtsGateProxy_enter__E)
                  2000d040    000000ec     sysbios.aem4 : BIOS.obj (.text:ti_sysbios_knl_Task_Instance_init__E)
                  2000d12c    00000004     release_pem4.oem4 (.text:ti_sysbios_BIOS_RtsGateProxy_leave__E)
                  2000d130    000000d0     sysbios.aem4 : BIOS.obj (.text:ti_sysbios_heaps_HeapMem_alloc__E)
                  2000d200    000000cc                  : m3_Hwi_asm.obj (.text:ti_sysbios_family_arm_m3_Hwi_dispatch__I)
                  2000d2cc    000000c4     drivers_cc32xx.aem4 : GPIOCC32XX.oem4 (.text:GPIO_init)
                  2000d390    000000c4     sysbios.aem4 : BIOS.obj (.text:ti_sysbios_knl_Task_sleep__E)
                  2000d454    00000004     release_pem4.oem4 (.text:ti_sysbios_family_arm_m3_TaskSupport_Module__startupDone__S)
                  2000d458    000000bc     sysbios.aem4 : BIOS.obj (.text:xdc_runtime_Core_createObject__I)
                  2000d514    000000b4     drivers_cc32xx.aem4 : PowerCC32XX.oem4 (.text:restoreParkedPins)
                  2000d5c8    000000a8                         : PowerCC32XX.oem4 (.text:PowerCC32XX_configureWakeup)
                  2000d670    000000a4     sysbios.aem4 : BIOS.obj (.text:ti_sysbios_knl_Task_setPri__E)
                  2000d714    000000a0     auto_init.aem4 : auto_init.oem4 (.text)
                  2000d7b4    00000004     release_pem4.oem4 (.text:ti_sysbios_heaps_HeapMem_Module_GateProxy_enter__E)
                  2000d7b8    0000009c     sysbios.aem4 : BIOS.obj (.text:_pthread_removeThreadKeys)
                  2000d854    0000009c     rtsv7M4_T_le_eabi.lib : memcpy_t2.asm.obj (.text)
                  2000d8f0    00000098     drivers_cc32xx.aem4 : GPIOCC32XX.oem4 (.text:powerNotifyFxn)
                  2000d988    00000098     sysbios.aem4 : BIOS.obj (.text:ti_sysbios_family_arm_m3_Hwi_Instance_init__E)
                  2000da20    00000096     rtsv7M4_T_le_eabi.lib : ull_div_t2.asm.obj (.text)
                  2000dab6    00000002     Board.obj (.text:Board_initHook)
                  2000dab8    00000094     sysbios.aem4 : BIOS.obj (.text:ti_sysbios_knl_Task_exit__E)
                  2000db4c    00000090     drivers_cc32xx.aem4 : PowerCC32XX.oem4 (.text:restoreNVICRegs)
                  2000dbdc    00000004     release_pem4.oem4 (.text:ti_sysbios_heaps_HeapMem_Module_GateProxy_leave__E)
                  2000dbe0    00000090     sysbios.aem4 : BIOS.obj (.text:ti_sysbios_knl_Task_Module_startup__E)
                  2000dc70    00000090                  : BIOS.obj (.text:ti_sysbios_knl_Task_schedule__I)
                  2000dd00    00000090                  : BIOS.obj (.text:ti_sysbios_knl_Task_startCore__E)
                  2000dd90    0000008c                  : BIOS.obj (.text:xdc_runtime_Memory_alloc__E)
                  2000de1c    00000088     driverlib.a : pin.obj (.text:PinConfigSet)
                  2000dea4    00000004     release_pem4.oem4 (.text:ti_sysbios_knl_Clock_TimerProxy_getMaxTicks__E)
                  2000dea8    00000088     sysbios.aem4 : BIOS.obj (.text:ti_sysbios_family_arm_m3_Hwi_initNVIC__E)
                  2000df30    00000086                  : BIOS.obj (.text:xdc_runtime_Core_constructObject__I)
                  2000dfb6    00000002     rtsv7M4_T_le_eabi.lib : _lock.c.obj (.text:_nop)
                  2000dfb8    00000084     drivers_cc32xx.aem4 : PowerCC32XX.oem4 (.text:Power_init)
                  2000e03c    00000084                         : PowerCC32XX.oem4 (.text:saveNVICRegs)
                  2000e0c0    00000084     sysbios.aem4 : BIOS.obj (.text:ti_sysbios_family_arm_m3_Hwi_postInit__I)
                  2000e144    00000004     release_pem4.oem4 (.text:ti_sysbios_knl_Clock_TimerProxy_setPeriodMicroSecs__E)
                  2000e148    00000084     sysbios.aem4 : BIOS.obj (.text:ti_sysbios_heaps_HeapMem_free__E)
                  2000e1cc    00000080     drivers_cc32xx.aem4 : PowerCC32XX.oem4 (.text:Power_setDependency)
                  2000e24c    0000007a     rtsv7M4_T_le_eabi.lib : memset_t2.asm.obj (.text)
                  2000e2c6    00000002                           : div0.asm.obj (.text)
                  2000e2c8    00000078     drivers_cc32xx.aem4 : GPIOCC32XX.oem4 (.text:GPIO_hwiIntFxn)
                  2000e340    00000078     sysbios.aem4 : BIOS.obj (.text:_pthread_runStub)
                  2000e3b8    00000074                  : BIOS.obj (.text:xdc_runtime_Core_deleteObject__I)
                  2000e42c    00000004     release_pem4.oem4 (.text:ti_sysbios_knl_Clock_TimerProxy_start__E)
                  2000e430    00000070     sysbios.aem4 : BIOS.obj (.text:ti_sysbios_heaps_HeapMem_initPrimary__I)
                  2000e4a0    00000070                  : BIOS.obj (.text:ti_sysbios_knl_Clock_workFunc__E)
                  2000e510    0000006c                  : BIOS.obj (.text:pthread_exit)
                  2000e57c    00000004     release_pem4.oem4 (.text:ti_sysbios_knl_Clock_TimerProxy_stop__E)
                  2000e580    0000006c     sysbios.aem4 : BIOS.obj (.text:ti_sysbios_knl_Swi_restoreHwi__E)
                  2000e5ec    00000068     rtsv7M4_T_le_eabi.lib : copy_decompress_lzss.c.obj (.text:decompress:lzss:__TI_decompress_lzss)
                  2000e654    00000068     main_tirtos.obj (.text:main)
                  2000e6bc    00000064     drivers_cc32xx.aem4 : GPIOCC32XX.oem4 (.text:GPIO_toggle)
                  2000e720    00000064                         : PowerCC32XX.oem4 (.text:PowerCC32XX_setParkState)
                  2000e784    00000004     release_pem4.oem4 (.text:ti_sysbios_knl_Semaphore_delete)
                  2000e788    00000064     sysbios.aem4 : BIOS.obj (.text:ti_sysbios_family_arm_m3_Hwi_dispatchC__I)
                  2000e7ec    00000060     driverlib.a : prcm.obj (.text:PRCMSysResetCauseGet)
                  2000e84c    00000004     release_pem4.oem4 (.text:ti_sysbios_knl_Task_delete)
                  2000e850    00000060     sysbios.aem4 : BIOS.obj (.text:ti_sysbios_knl_Semaphore_post__E)
                  2000e8b0    00000060                  : BIOS.obj (.text:ti_sysbios_knl_Swi_run__I)
                  2000e910    0000005c                  : BIOS.obj (.text:ti_sysbios_family_arm_m3_Timer_start__E)
                  2000e96c    00000004     release_pem4.oem4 (.text:xdc_runtime_System_Module_GateProxy_enter__E)
                  2000e970    0000005c     sysbios.aem4 : BIOS.obj (.text:ti_sysbios_knl_Swi_schedule__I)
                  2000e9cc    00000004     release_pem4.oem4 (.text:xdc_runtime_System_Module_GateProxy_leave__E)
                  2000e9d0    0000005c     sysbios.aem4 : BIOS.obj (.text:ti_sysbios_knl_Task_unblockI__E)
                  2000ea2c    00000002     release_pem4.oem4 (.text:ti_sysbios_BIOS_nullFunc__I)
                  2000ea2e    00000002     release_pem4.oem4 (.text:xdc_runtime_Startup_reset__I)
                  2000ea30    0000005c     sysbios.aem4 : BIOS.obj (.text:xdc_runtime_Startup_exec__E)
                  2000ea8c    00000058     drivers_cc32xx.aem4 : GPIOCC32XX.oem4 (.text:GPIO_setCallback)
                  2000eae4    00000058                         : GPIOCC32XX.oem4 (.text:GPIO_write)
                  2000eb3c    00000058     driverlib.a : prcm.obj (.text:PRCMPeripheralReset)
                  2000eb94    00000054     release_pem4.oem4 (.text:ti_sysbios_family_arm_m3_Hwi_create)
                  2000ebe8    00000054     sysbios.aem4 : BIOS.obj (.text:ti_sysbios_family_arm_m3_Timer_setPeriod__E)
                  2000ec3c    00000004     --HOLE-- [fill = 0]
                  2000ec40    00000054                  : BIOS.obj (.text:xdc_runtime_Core_assignLabel__I)
                  2000ec94    00000052     drivers_cc32xx.aem4 : PowerCC32XX.oem4 (.text:PowerCC32XX_parkPin)
                  2000ece6    00000052                         : PowerCC32XX_asm.oem4 (.text:PowerCC32XX_resumeLPDS)
                  2000ed38    00000050     sysbios.aem4 : BIOS.obj (.text:ti_sysbios_family_arm_m3_Hwi_Module_startup__E)
                  2000ed88    00000050     release_pem4.oem4 (.text:ti_sysbios_knl_Task_create)
                  2000edd8    0000004c     drivers_cc32xx.aem4 : GPIOCC32XX.oem4 (.text:GPIO_enableInt)
                  2000ee24    0000004c     rtsv7M4_T_le_eabi.lib : cpy_tbl.c.obj (.text:copy_in)
                  2000ee70    0000004c     drivers_cc32xx.aem4 : PowerCC32XX.oem4 (.text:restorePeriphClocks)
                  2000eebc    0000004c     sysbios.aem4 : m3_TaskSupport_asm.obj (.text:ti_sysbios_family_arm_m3_TaskSupport_buildTaskStack)
                  2000ef08    0000004c                  : BIOS.obj (.text:ti_sysbios_heaps_HeapMem_getStats__E)
                  2000ef54    00000004     --HOLE-- [fill = 0]
                  2000ef58    0000004c                  : BIOS.obj (.text:ti_sysbios_knl_Swi_runLoop__I)
                  2000efa4    00000004     --HOLE-- [fill = 0]
                  2000efa8    0000004c                  : BIOS.obj (.text:ti_sysbios_knl_Task_allBlockedFunction__I)
                  2000eff4    00000048     driverlib.a : flash.obj (.text:FlashDisable)
                  2000f03c    00000048                 : prcm.obj (.text:PRCMLPDSEnter)
                  2000f084    00000048                 : prcm.obj (.text:PRCMPeripheralClkEnable)
                  2000f0cc    00000004     --HOLE-- [fill = 0]
                  2000f0d0    00000048     sysbios.aem4 : BIOS.obj (.text:ti_sysbios_family_arm_m3_Hwi_disableInterrupt__E)
                  2000f118    00000048                  : BIOS.obj (.text:ti_sysbios_family_arm_m3_Hwi_enableInterrupt__E)
                  2000f160    00000048                  : m3_Hwi_asm_switch.obj (.text:ti_sysbios_family_arm_m3_Hwi_initStacks__E)
                  2000f1a8    00000048                  : BIOS.obj (.text:ti_sysbios_family_arm_m3_Timer_initDevice__I)
                  2000f1f0    00000048                  : BIOS.obj (.text:ti_sysbios_knl_Mailbox_Module_startup__E)
                  2000f238    00000048                  : BIOS.obj (.text:xdc_runtime_Core_assignParams__I)
                  2000f280    00000044     driverlib.a : prcm.obj (.text:PRCMLPDSRestoreInfoSet)
                  2000f2c4    00000044     drivers_cc32xx.aem4 : PowerCC32XX_asm.oem4 (.text:PowerCC32XX_enterLPDS)
                  2000f308    00000044     boot.aem4 : boot.oem4 (.text)
                  2000f34c    00000004     --HOLE-- [fill = 0]
                  2000f350    00000044     sysbios.aem4 : BIOS.obj (.text:ti_sysbios_family_arm_m3_Hwi_getStackInfo__E)
                  2000f394    00000004     --HOLE-- [fill = 0]
                  2000f398    00000044                  : BIOS.obj (.text:ti_sysbios_knl_Mailbox_postInit__I)
                  2000f3dc    00000004     --HOLE-- [fill = 0]
                  2000f3e0    00000044                  : BIOS.obj (.text:ti_sysbios_knl_Swi_post__E)
                  2000f424    00000004     --HOLE-- [fill = 0]
                  2000f428    00000044                  : BIOS.obj (.text:xdc_runtime_System_atexit__E)
                  2000f46c    00000040     dpl_cc32xx.aem4 : HwiP_tirtos.oem4 (.text:HwiP_create)
                  2000f4ac    00000040     driverlib.a : pin.obj (.text:PinModeSet)
                  2000f4ec    00000004     --HOLE-- [fill = 0]
                  2000f4f0    00000040     sysbios.aem4 : BIOS.obj (.text:ti_sysbios_heaps_HeapMem_Instance_init__E)
                  2000f530    0000003c     drivers_cc32xx.aem4 : PowerCC32XX.oem4 (.text:Power_setConstraint)
                  2000f56c    0000003c     dpl_cc32xx.aem4 : PowerCC32XX_tirtos.oem4 (.text:getCountsRTC)
                  2000f5a8    0000003c     sysbios.aem4 : BIOS.obj (.text:ti_sysbios_family_arm_m3_Hwi_Instance_finalize__E)
                  2000f5e4    00000004     --HOLE-- [fill = 0]
                  2000f5e8    0000003c                  : BIOS.obj (.text:ti_sysbios_family_arm_m3_Timer_setPeriodMicroSecs__E)
                  2000f624    00000004     --HOLE-- [fill = 0]
                  2000f628    0000003c                  : BIOS.obj (.text:ti_sysbios_knl_Clock_walkQueuePeriodic__E)
                  2000f664    00000004     --HOLE-- [fill = 0]
                  2000f668    0000003c                  : BIOS.obj (.text:ti_sysbios_knl_Swi_restore__E)
                  2000f6a4    00000004     --HOLE-- [fill = 0]
                  2000f6a8    0000003c                  : BIOS.obj (.text:xdc_runtime_System_processAtExit__E)
                  2000f6e4    0000003a     state_machine_control.obj (.text:get_next_state)
                  2000f71e    00000002     --HOLE-- [fill = 0]
                  2000f720    00000038     driverlib.a : prcm.obj (.text:PRCMLPDSEnterKeepDebugIf)
                  2000f758    00000038     drivers_cc32xx.aem4 : PowerCC32XX.oem4 (.text:notify)
                  2000f790    00000038     sysbios.aem4 : BIOS.obj (.text:ti_sysbios_knl_Task_processVitalTaskFlag__I)
                  2000f7c8    00000036     drivers_cc32xx.aem4 : PowerCC32XX.oem4 (.text:PowerCC32XX_restoreParkedPin)
                  2000f7fe    00000002     --HOLE-- [fill = 0]
                  2000f800    00000034     driverlib.a : pin.obj (.text:PinModeGet)
                  2000f834    00000004     --HOLE-- [fill = 0]
                  2000f838    00000034     sysbios.aem4 : BIOS.obj (.text:_pthread_delete$41)
                  2000f86c    00000034     error_responses.obj (.text:this_should_never_happen_error)
                  2000f8a0    00000034     sysbios.aem4 : BIOS.obj (.text:ti_sysbios_family_arm_m3_Timer_periodicStub__I)
                  2000f8d4    00000034     release_pem4.oem4 (.text:ti_sysbios_knl_Semaphore_create)
                  2000f908    00000034     on_board_functionality.obj (.text:toggle_on_board_led_d5)
                  2000f93c    00000034     on_board_functionality.obj (.text:toggle_on_board_led_d6)
                  2000f970    00000034     on_board_functionality.obj (.text:toggle_on_board_led_d7)
                  2000f9a4    00000004     --HOLE-- [fill = 0]
                  2000f9a8    00000032     sysbios.aem4 : BIOS.obj (.text:ti_sysbios_hal_Hwi_initStack)
                  2000f9da    00000006     driverlib.a : utils.obj (.text:UtilsDelay)
                  2000f9e0    00000032     sysbios.aem4 : BIOS.obj (.text:ti_sysbios_knl_Semaphore_pendTimeout__I)
                  2000fa12    00000002     --HOLE-- [fill = 0]
                  2000fa14    00000030     big_red_button.obj (.text:initialize_the_big_red_button)
                  2000fa44    00000004     --HOLE-- [fill = 0]
                  2000fa48    00000030     sysbios.aem4 : BIOS.obj (.text:pthread_setcancelstate)
                  2000fa78    00000030     release_pem4.oem4 (.text:ti_sysbios_BIOS_atExitFunc__I)
                  2000faa8    00000030     release_pem4.oem4 (.text:ti_sysbios_BIOS_startFunc__I)
                  2000fad8    00000030     sysbios.aem4 : BIOS.obj (.text:ti_sysbios_family_arm_m3_TaskSupport_start__E)
                  2000fb08    00000030     release_pem4.oem4 (.text:ti_sysbios_gates_GateHwi_Object__create__S)
                  2000fb38    00000030     release_pem4.oem4 (.text:ti_sysbios_gates_GateMutex_Object__create__S)
                  2000fb68    00000030     sysbios.aem4 : BIOS.obj (.text:ti_sysbios_gates_GateMutex_enter__E)
                  2000fb98    00000030     release_pem4.oem4 (.text:ti_sysbios_heaps_HeapMem_Object__create__S)
                  2000fbc8    00000030     release_pem4.oem4 (.text:ti_sysbios_knl_Semaphore_construct)
                  2000fbf8    0000002c     dpl_cc32xx.aem4 : SemaphoreP_tirtos.oem4 (.text:SemaphoreP_createBinary)
                  2000fc24    00000004     --HOLE-- [fill = 0]
                  2000fc28    0000002c     sysbios.aem4 : BIOS.obj (.text:_pthread_cleanupFxn)
                  2000fc54    0000002c     release_pem4.oem4 (.text:ti_sysbios_knl_Clock_doTick__I)
                  2000fc80    0000002c     release_pem4.oem4 (.text:ti_sysbios_knl_Queue_construct)
                  2000fcac    00000004     --HOLE-- [fill = 0]
                  2000fcb0    0000002c     sysbios.aem4 : BIOS.obj (.text:ti_sysbios_knl_Task_restore__E)
                  2000fcdc    0000002c     on_board_functionality.obj (.text:turn_on_on_board_led_d5)
                  2000fd08    0000002c     on_board_functionality.obj (.text:turn_on_on_board_led_d6)
                  2000fd34    0000002c     on_board_functionality.obj (.text:turn_on_on_board_led_d7)
                  2000fd60    00000028     driverlib.a : prcm.obj (.text:PRCMPeripheralClkDisable)
                  2000fd88    00000028     dpl_cc32xx.aem4 : PowerCC32XX_tirtos.oem4 (.text:PowerCC32XX_initPolicy)
                  2000fdb0    00000028     drivers_cc32xx.aem4 : PowerCC32XX.oem4 (.text:Power_registerNotify)
                  2000fdd8    00000028     big_red_button.obj (.text:is_the_big_red_button_pressed)
                  2000fe00    00000028     sysbios.aem4 : BIOS.obj (.text:ti_sysbios_knl_Clock_addI__E)
                  2000fe28    00000028                  : BIOS.obj (.text:ti_sysbios_knl_Swi_Module_startup__E)
                  2000fe50    00000026     drivers_cc32xx.aem4 : List.oem4 (.text:List_put)
                  2000fe76    00000002     --HOLE-- [fill = 0]
                  2000fe78    00000024     on_board_functionality.obj (.text:initialize_the_left_on_board_button)
                  2000fe9c    00000004     --HOLE-- [fill = 0]
                  2000fea0    00000024     sysbios.aem4 : BIOS.obj (.text:pthread_attr_init)
                  2000fec4    00000024     release_pem4.oem4 (.text:ti_sysbios_BIOS_registerRTSLock__I)
                  2000fee8    00000024     release_pem4.oem4 (.text:ti_sysbios_BIOS_removeRTSLock__I)
                  2000ff0c    00000004     --HOLE-- [fill = 0]
                  2000ff10    00000024     sysbios.aem4 : BIOS.obj (.text:ti_sysbios_family_arm_m3_Timer_Module_startup__E)
                  2000ff34    00000004     --HOLE-- [fill = 0]
                  2000ff38    00000024                  : BIOS.obj (.text:ti_sysbios_family_arm_m3_Timer_postInit__I)
                  2000ff5c    00000004     --HOLE-- [fill = 0]
                  2000ff60    00000024                  : BIOS.obj (.text:ti_sysbios_family_arm_m3_Timer_startup__E)
                  2000ff84    00000024     release_pem4.oem4 (.text:ti_sysbios_gates_GateMutex_Object__delete__S)
                  2000ffa8    00000024     sysbios.aem4 : BIOS.obj (.text:ti_sysbios_knl_Clock_Module_startup__E)
                  2000ffcc    00000004     --HOLE-- [fill = 0]
                  2000ffd0    00000024                  : BIOS.obj (.text:ti_sysbios_knl_Semaphore_Instance_init__E)
                  2000fff4    00000024     release_pem4.oem4 (.text:ti_sysbios_knl_Semaphore_Object__delete__S)
                  20010018    00000024     sysbios.aem4 : BIOS.obj (.text:ti_sysbios_knl_Task_restoreHwi__E)
                  2001003c    00000004     --HOLE-- [fill = 0]
                  20010040    00000024                  : BIOS.obj (.text:xdc_runtime_Error_policyMin__E)
                  20010064    00000020     on_board_functionality.obj (.text:initialize_board_led_d5)
                  20010084    00000020     on_board_functionality.obj (.text:initialize_board_led_d6)
                  200100a4    00000020     on_board_functionality.obj (.text:initialize_board_led_d7)
                  200100c4    00000004     --HOLE-- [fill = 0]
                  200100c8    00000020     sysbios.aem4 : BIOS.obj (.text:sleep)
                  200100e8    00000020     release_pem4.oem4 (.text:ti_sysbios_BIOS_rtsLock__I)
                  20010108    00000020     sysbios.aem4 : m3_Hwi_asm.obj (.text:ti_sysbios_family_arm_m3_Hwi_excHandlerAsm__I)
                  20010128    00000020                  : BIOS.obj (.text:ti_sysbios_family_arm_m3_Hwi_excHandler__I)
                  20010148    00000020     release_pem4.oem4 (.text:ti_sysbios_gates_GateHwi_Object__delete__S)
                  20010168    00000020     release_pem4.oem4 (.text:ti_sysbios_heaps_HeapMem_Object__delete__S)
                  20010188    00000020     sysbios.aem4 : BIOS.obj (.text:ti_sysbios_knl_Idle_run__E)
                  200101a8    00000020     release_pem4.oem4 (.text:ti_sysbios_knl_Semaphore_destruct)
                  200101c8    00000020     release_pem4.oem4 (.text:ti_sysbios_knl_Task_Object__delete__S)
                  200101e8    0000001e     sysbios.aem4 : m3_Hwi_asm_switch.obj (.text:ti_sysbios_family_xxx_Hwi_switchAndRunFunc)
                  20010206    00000002     --HOLE-- [fill = 0]
                  20010208    0000001c     driverlib.a : pin.obj (.text:PinToPadGet)
                  20010224    0000001c     error_responses.obj (.text:standard_error)
                  20010240    0000001c     sysbios.aem4 : BIOS.obj (.text:ti_sysbios_family_arm_m3_Timer_stop__E)
                  2001025c    00000004     --HOLE-- [fill = 0]
                  20010260    0000001c                  : BIOS.obj (.text:ti_sysbios_gates_GateMutex_Instance_init__E)
                  2001027c    0000001c     release_pem4.oem4 (.text:ti_sysbios_knl_Queue_destruct)
                  20010298    0000001c     sysbios.aem4 : BIOS.obj (.text:ti_sysbios_knl_Queue_put__E)
                  200102b4    00000004     --HOLE-- [fill = 0]
                  200102b8    0000001c                  : BIOS.obj (.text:ti_sysbios_knl_Task_enter__I)
                  200102d4    0000001a                  : m3_Hwi_asm.obj (.text:ti_sysbios_family_arm_m3_Hwi_pendSV__I)
                  200102ee    00000002     --HOLE-- [fill = 0]
                  200102f0    0000001a                  : BIOS.obj (.text:ti_sysbios_knl_Task_sleepTimeout__I)
                  2001030a    00000002     --HOLE-- [fill = 0]
                  2001030c    00000018     drivers_cc32xx.aem4 : PowerCC32XX.oem4 (.text:Power_idleFunc)
                  20010324    00000018     rtsv7M4_T_le_eabi.lib : args_main.c.obj (.text:_args_main)
                  2001033c    00000018     big_red_button.obj (.text:gpio_button_callback)
                  20010354    00000018     big_red_button.obj (.text:initialize_the_big_red_button_interrupt)
                  2001036c    00000018     rtsv7M4_T_le_eabi.lib : ll_mul_t2.asm.obj (.text)
                  20010384    00000018     release_pem4.oem4 (.text:ti_sysbios_BIOS_rtsUnlock__I)
                  2001039c    00000018     release_pem4.oem4 (.text:ti_sysbios_family_arm_m3_Hwi_Module__startupDone__F)
                  200103b4    00000018     release_pem4.oem4 (.text:ti_sysbios_family_arm_m3_Timer_Module__startupDone__F)
                  200103cc    00000018     release_pem4.oem4 (.text:ti_sysbios_gates_GateHwi_Handle__label__S)
                  200103e4    00000018     release_pem4.oem4 (.text:ti_sysbios_gates_GateMutex_Handle__label__S)
                  200103fc    00000004     --HOLE-- [fill = 0]
                  20010400    00000018     sysbios.aem4 : BIOS.obj (.text:ti_sysbios_gates_GateMutex_leave__E)
                  20010418    00000018     release_pem4.oem4 (.text:ti_sysbios_heaps_HeapMem_Handle__label__S)
                  20010430    00000018     sysbios.aem4 : BIOS.obj (.text:xdc_runtime_Error_init__E)
                  20010448    00000018                  : BIOS.obj (.text:xdc_runtime_System_exit__E)
                  20010460    00000016     driverlib.a : prcm.obj (.text:PRCMHIBRegRead)
                  20010476    00000016                 : prcm.obj (.text:PRCMHIBRegWrite)
                  2001048c    00000016     release_pem4.oem4 (.text:ti_sysbios_BIOS_exitFunc__I)
                  200104a2    00000002     --HOLE-- [fill = 0]
                  200104a4    00000014     drivers_cc32xx.aem4 : PowerCC32XX.oem4 (.text:Power_getDependencyCount)
                  200104b8    00000014     sysbios.aem4 : BIOS.obj (.text:pthread_attr_setschedparam)
                  200104cc    00000014     release_pem4.oem4 (.text:ti_sysbios_family_arm_m3_Hwi_Object__get__S)
                  200104e0    00000014     sysbios.aem4 : BIOS.obj (.text:ti_sysbios_family_arm_m3_Hwi_switchFromBootStack__E)
                  200104f4    00000014     release_pem4.oem4 (.text:ti_sysbios_heaps_HeapMem_Object__get__S)
                  20010508    00000014     sysbios.aem4 : BIOS.obj (.text:ti_sysbios_knl_Clock_tickReconfig__E)
                  2001051c    00000014     release_pem4.oem4 (.text:ti_sysbios_knl_Swi_Object__get__S)
                  20010530    00000012     dpl_cc32xx.aem4 : SemaphoreP_tirtos.oem4 (.text:SemaphoreP_pend)
                  20010542    00000006     --HOLE-- [fill = 0]
                  20010548    00000012     sysbios.aem4 : BIOS.obj (.text:ti_sysbios_hal_Hwi_Module_startup__E)
                  2001055a    00000012     release_pem4.oem4 (.text:xdc_runtime_Startup_exec__I)
                  2001056c    00000010     Board.obj (.text:Board_init)
                  2001057c    00000010     dpl_cc32xx.aem4 : HwiP_tirtos.oem4 (.text:HwiP_Params_init)
                  2001058c    00000004     --HOLE-- [fill = 0]
                  20010590    00000010     sysbios.aem4 : BIOS.obj (.text:ti_sysbios_BIOS_setThreadType__E)
                  200105a0    00000010                  : BIOS.obj (.text:ti_sysbios_BIOS_start__E)
                  200105b0    00000010                  : m3_TaskSupport_asm.obj (.text:ti_sysbios_family_arm_m3_TaskSupport_glue)
                  200105c0    00000010                  : m3_TaskSupport_asm.obj (.text:ti_sysbios_family_arm_m3_TaskSupport_swap__E)
                  200105d0    00000010                  : BIOS.obj (.text:ti_sysbios_gates_GateMutex_Instance_finalize__E)
                  200105e0    00000010     release_pem4.oem4 (.text:ti_sysbios_knl_Mailbox_Object__get__S)
                  200105f0    00000010     sysbios.aem4 : BIOS.obj (.text:ti_sysbios_knl_Semaphore_Instance_finalize__E)
                  20010600    00000010                  : BIOS.obj (.text:ti_sysbios_knl_Swi_disable__E)
                  20010610    00000010     release_pem4.oem4 (.text:ti_sysbios_knl_Task_Object__get__S)
                  20010620    00000010     sysbios.aem4 : BIOS.obj (.text:ti_sysbios_knl_Task_disable__E)
                  20010630    00000010                  : BIOS.obj (.text:xdc_runtime_Memory_free__E)
                  20010640    00000010                  : BIOS.obj (.text:xdc_runtime_SysCallback_abort__E)
                  20010650    00000010                  : BIOS.obj (.text:xdc_runtime_SysCallback_exit__E)
                  20010660    0000000e     rtsv7M4_T_le_eabi.lib : copy_decompress_none.c.obj (.text:decompress:none:__TI_decompress_none)
                  2001066e    00000002     --HOLE-- [fill = 0]
                  20010670    0000000e     sysbios.aem4 : BIOS.obj (.text:pthread_attr_setdetachstate)
                  2001067e    00000002     --HOLE-- [fill = 0]
                  20010680    0000000e                  : BIOS.obj (.text:ti_sysbios_knl_Idle_loop__E)
                  2001068e    00000002     --HOLE-- [fill = 0]
                  20010690    0000000e                  : BIOS.obj (.text:ti_sysbios_knl_Queue_empty__E)
                  2001069e    00000002     --HOLE-- [fill = 0]
                  200106a0    0000000c     drivers_cc32xx.aem4 : PowerCC32XX.oem4 (.text:Power_getConstraintMask)
                  200106ac    0000000c     dpl_cc32xx.aem4 : SemaphoreP_tirtos.oem4 (.text:SemaphoreP_delete)
                  200106b8    0000000c     rtsv7M4_T_le_eabi.lib : _lock.c.obj (.text:_register_lock)
                  200106c4    0000000c                           : _lock.c.obj (.text:_register_unlock)
                  200106d0    0000000c     big_red_button.obj (.text:clear_big_red_button_flag)
                  200106dc    0000000c     rtsv7M4_T_le_eabi.lib : copy_zero_init.c.obj (.text:decompress:ZI:__TI_zero_init)
                  200106e8    0000000c     utility.obj (.text:delay)
                  200106f4    0000000c     board_sleep.obj (.text:low_power_deep_sleep_in_seconds)
                  20010700    0000000c     release_pem4.oem4 (.text:ti_sysbios_family_arm_m3_Hwi_Params__init__S)
                  2001070c    00000004     --HOLE-- [fill = 0]
                  20010710    0000000c     sysbios.aem4 : BIOS.obj (.text:ti_sysbios_family_arm_m3_Hwi_disableFxn__E)
                  2001071c    00000004     --HOLE-- [fill = 0]
                  20010720    0000000c                  : BIOS.obj (.text:ti_sysbios_family_arm_m3_TaskSupport_getStackAlignment__E)
                  2001072c    00000004     --HOLE-- [fill = 0]
                  20010730    0000000c                  : BIOS.obj (.text:ti_sysbios_gates_GateHwi_enter__E)
                  2001073c    00000004     --HOLE-- [fill = 0]
                  20010740    0000000c                  : BIOS.obj (.text:ti_sysbios_knl_Clock_getTicks__E)
                  2001074c    00000004     --HOLE-- [fill = 0]
                  20010750    0000000c                  : BIOS.obj (.text:ti_sysbios_knl_Clock_setTicks__E)
                  2001075c    00000004     --HOLE-- [fill = 0]
                  20010760    0000000c                  : BIOS.obj (.text:ti_sysbios_knl_Clock_tickStart__E)
                  2001076c    00000004     --HOLE-- [fill = 0]
                  20010770    0000000c                  : BIOS.obj (.text:ti_sysbios_knl_Clock_tickStop__E)
                  2001077c    0000000c     release_pem4.oem4 (.text:ti_sysbios_knl_Queue_Object__get__S)
                  20010788    0000000c     release_pem4.oem4 (.text:ti_sysbios_knl_Semaphore_Params__init__S)
                  20010794    0000000c     release_pem4.oem4 (.text:ti_sysbios_knl_Task_Params__init__S)
                  200107a0    0000000c     sysbios.aem4 : BIOS.obj (.text:ti_sysbios_rts_ti_ReentSupport_taskRegHook__I)
                  200107ac    00000004     --HOLE-- [fill = 0]
                  200107b0    0000000c                  : BIOS.obj (.text:xdc_runtime_Startup_rtsDone__E)
                  200107bc    0000000a     release_pem4.oem4 (.text:xdc_runtime_IHeap_alloc)
                  200107c6    0000000a     release_pem4.oem4 (.text:xdc_runtime_IHeap_free)
                  200107d0    00000008     sysbios.aem4 : BIOS.obj (.text:pthread_attr_setstacksize)
                  200107d8    00000008                  : BIOS.obj (.text:ti_sysbios_family_arm_m3_Hwi_doSwiRestore__I)
                  200107e0    00000008                  : BIOS.obj (.text:ti_sysbios_family_arm_m3_Hwi_startup__E)
                  200107e8    00000006                  : BIOS.obj (.text:ti_sysbios_family_arm_m3_Hwi_doTaskRestore__I)
                  200107ee    00000002     --HOLE-- [fill = 0]
                  200107f0    00000006                  : BIOS.obj (.text:ti_sysbios_family_arm_m3_Hwi_restoreFxn__E)
                  200107f6    00000002     --HOLE-- [fill = 0]
                  200107f8    00000006                  : BIOS.obj (.text:ti_sysbios_gates_GateHwi_leave__E)
                  200107fe    00000002     --HOLE-- [fill = 0]
                  20010800    00000006                  : BIOS.obj (.text:ti_sysbios_heaps_HeapMem_isBlocking__E)
                  20010806    00000002     --HOLE-- [fill = 0]
                  20010808    00000006                  : BIOS.obj (.text:ti_sysbios_knl_Queue_Instance_init__E)
                  2001080e    00000002     --HOLE-- [fill = 0]
                  20010810    00000006                  : BIOS.obj (.text:ti_sysbios_knl_Swi_startup__E)
                  20010816    00000002     --HOLE-- [fill = 0]
                  20010818    00000006                  : BIOS.obj (.text:xdc_runtime_System_Module_startup__E)
                  2001081e    00000002     --HOLE-- [fill = 0]
                  20010820    00000004                  : BIOS.obj (.text:ti_sysbios_family_arm_m3_Timer_getMaxTicks__E)
                  20010824    00000004     --HOLE-- [fill = 0]
                  20010828    00000004                  : BIOS.obj (.text:ti_sysbios_gates_GateHwi_query__E)
                  2001082c    00000004     --HOLE-- [fill = 0]
                  20010830    00000004                  : BIOS.obj (.text:ti_sysbios_gates_GateMutex_query__E)
                  20010834    00000004     --HOLE-- [fill = 0]
                  20010838    00000004                  : BIOS.obj (.text:ti_sysbios_knl_Task_startup__E)
                  2001083c    00000004     --HOLE-- [fill = 0]
                  20010840    00000002                  : BIOS.obj (.text:ti_sysbios_BIOS_linkedWithIncorrectBootLibrary__E)
                  20010842    00000006     --HOLE-- [fill = 0]
                  20010848    00000002                  : BIOS.obj (.text:ti_sysbios_gates_GateHwi_Instance_init__E)
                  2001084a    00000006     --HOLE-- [fill = 0]
                  20010850    00000002                  : BIOS.obj (.text:ti_sysbios_knl_Clock_logTick__E)
                  20010852    00000006     --HOLE-- [fill = 0]
                  20010858    00000002                  : BIOS.obj (.text:xdc_runtime_SysCallback_defaultAbort)
                  2001085a    00000006     --HOLE-- [fill = 0]
                  20010860    00000002                  : BIOS.obj (.text:xdc_runtime_SysCallback_defaultExit)
                  20010862    00000006     --HOLE-- [fill = 0]
                  20010868    00000002                  : BIOS.obj (.text:xdc_runtime_System_abortSpin__E)
                  2001086a    00000006     --HOLE-- [fill = 0]
                  20010870    00000002                  : BIOS.obj (.text:xdc_runtime_System_exitSpin__E)

.bss       0    20010f58    00000674     UNINITIALIZED
                  20010f58    0000030c     (.common:ti_sysbios_family_arm_m3_Hwi_dispatchTable)
                  20011264    00000004     drivers_cc32xx.aem4 : GPIOCC32XX.oem4 (.bss)
                  20011268    00000200     release_pem4.oem4 (.bss:taskStackSection)
                  20011468    0000012c     (.common:PowerCC32XX_contextSave)
                  20011594    00000020     drivers_cc32xx.aem4 : GPIOCC32XX.oem4 (.bss:gpioCallbackInfo)
                  200115b4    00000014                         : GPIOCC32XX.oem4 (.bss:powerNotifyObj)
                  200115c8    00000004     (.common:ti_sysbios_knl_Task_Instance_State_0_hookEnv__A)

.data      0    20010874    000006de     UNINITIALIZED
                  20010874    0000016c     drivers_cc32xx.aem4 : PowerCC32XX.oem4 (.data:PowerCC32XX_module)
                  200109e0    000000f8     Board.obj (.data:parkInfo)
                  20010ad8    00000088     sysbios.aem4 : BIOS.obj (.data:$O1$$)
                  20010b60    00000080     release_pem4.oem4 (.data:ti_sysbios_knl_Swi_Module_State_0_readyQ__A)
                  20010be0    00000080     release_pem4.oem4 (.data:ti_sysbios_knl_Task_Module_State_0_readyQ__A)
                  20010c60    00000054     release_pem4.oem4 (.data:ti_sysbios_gates_GateMutex_Object__table__V)
                  20010cb4    0000004c     release_pem4.oem4 (.data:ti_sysbios_knl_Task_Object__table__V)
                  20010d00    00000044     release_pem4.oem4 (.data:ti_sysbios_knl_Task_Module__state__V)
                  20010d44    00000034     release_pem4.oem4 (.data:ti_sysbios_family_arm_m3_Hwi_Module__state__V)
                  20010d78    00000030     release_pem4.oem4 (.data:ti_sysbios_family_arm_m3_Timer_Object__table__V)
                  20010da8    00000030     release_pem4.oem4 (.data:ti_sysbios_knl_Swi_Object__table__V)
                  20010dd8    0000002c     release_pem4.oem4 (.data:ti_sysbios_knl_Clock_Module__state__V)
                  20010e04    00000024     release_pem4.oem4 (.data:ti_sysbios_BIOS_Module__state__V)
                  20010e28    00000020     release_pem4.oem4 (.data:xdc_runtime_Error_IgnoreBlock)
                  20010e48    0000001c     release_pem4.oem4 (.data:ti_sysbios_knl_Swi_Module__state__V)
                  20010e64    00000018     release_pem4.oem4 (.data:ti_sysbios_family_arm_m3_Hwi_Object__table__V)
                  20010e7c    00000018     release_pem4.oem4 (.data:ti_sysbios_heaps_HeapMem_Object__table__V)
                  20010e94    00000014     Board.obj (.data:gpioCallbackFunctions)
                  20010ea8    00000014     Board.obj (.data:gpioPinConfigs)
                  20010ebc    0000000c     release_pem4.oem4 (.data:ti_sysbios_family_arm_m3_Timer_Module__state__V)
                  20010ec8    00000009     drivers_cc32xx.aem4 : GPIOCC32XX.oem4 (.data)
                  20010ed1    00000003     big_red_button.obj (.data)
                  20010ed4    00000008     rtsv7M4_T_le_eabi.lib : _lock.c.obj (.data:$O1$$)
                  20010edc    00000008     on_board_functionality.obj (.data)
                  20010ee4    00000008     release_pem4.oem4 (.data:ti_sysbios_family_arm_m3_Hwi_Module__root__V)
                  20010eec    00000008     release_pem4.oem4 (.data:ti_sysbios_gates_GateHwi_Module__root__V)
                  20010ef4    00000008     release_pem4.oem4 (.data:ti_sysbios_gates_GateMutex_Module__root__V)
                  20010efc    00000008     release_pem4.oem4 (.data:ti_sysbios_heaps_HeapMem_Module__root__V)
                  20010f04    00000008     release_pem4.oem4 (.data:ti_sysbios_knl_Queue_Module__root__V)
                  20010f0c    00000008     release_pem4.oem4 (.data:ti_sysbios_knl_Semaphore_Module__root__V)
                  20010f14    00000008     release_pem4.oem4 (.data:ti_sysbios_knl_Task_Module__root__V)
                  20010f1c    00000008     release_pem4.oem4 (.data:xdc_runtime_Startup_Module__state__V)
                  20010f24    00000008     release_pem4.oem4 (.data:xdc_runtime_System_Module_State_0_atexitHandlers__A)
                  20010f2c    00000008     release_pem4.oem4 (.data:xdc_runtime_System_Module__state__V)
                  20010f34    00000004     rtsv7M4_T_le_eabi.lib : stkdepth_vars.c.obj (.data)
                  20010f38    00000004     release_pem4.oem4 (.data:ti_sysbios_family_arm_m3_Hwi_Module_State_0_excContext__A)
                  20010f3c    00000004     release_pem4.oem4 (.data:ti_sysbios_family_arm_m3_Hwi_Module_State_0_excStack__A)
                  20010f40    00000004     release_pem4.oem4 (.data:ti_sysbios_gates_GateHwi_Object__table__V)
                  20010f44    00000004     release_pem4.oem4 (.data:ti_sysbios_knl_Task_Module_State_0_idleTask__A)
                  20010f48    00000004     release_pem4.oem4 (.data:ti_sysbios_rts_ti_ReentSupport_Module__state__V)
                  20010f4c    00000004     release_pem4.oem4 (.data:xdc_runtime_Memory_Module__state__V)
                  20010f50    00000002     release_pem4.oem4 (.data:ti_sysbios_family_arm_m3_Hwi_Module_State_0_excActive__A)

.const     0    200115cc    00000657     
                  200115cc    00000100     driverlib.a : pin.obj (.const:g_ulPinToPadMap)
                  200116cc    000000a8                 : prcm.obj (.const:PRCM_PeriphRegsList)
                  20011774    00000048     release_pem4.oem4 (.const:.string)
                  200117bc    00000040     Board.obj (.const:PowerCC32XX_config)
                  200117fc    0000003c     release_pem4.oem4 (.const:ti_sysbios_knl_Task_Object__PARAMS__C)
                  20011838    00000030     release_pem4.oem4 (.const:ti_sysbios_family_arm_m3_Hwi_Object__PARAMS__C)
                  20011868    00000028     release_pem4.oem4 (.const:ti_sysbios_heaps_HeapMem_Module__FXNS__C)
                  20011890    00000024     release_pem4.oem4 (.const:ti_sysbios_gates_GateHwi_Module__FXNS__C)
                  200118b4    00000024     release_pem4.oem4 (.const:ti_sysbios_gates_GateMutex_Module__FXNS__C)
                  200118d8    00000024     release_pem4.oem4 (.const:ti_sysbios_heaps_HeapMem_Object__PARAMS__C)
                  200118fc    00000024     release_pem4.oem4 (.const:ti_sysbios_knl_Semaphore_Object__PARAMS__C)
                  20011920    00000021     drivers_cc32xx.aem4 : GPIOCC32XX.oem4 (.const:.string:pinTable)
                  20011941    00000001     release_pem4.oem4 (.const:ti_sysbios_knl_Clock_tickMode__C)
                  20011942    00000002     release_pem4.oem4 (.const:ti_sysbios_family_arm_m3_Hwi_Module__id__C)
                  20011944    00000020     release_pem4.oem4 (.const:ti_sysbios_family_arm_m3_Hwi_Object__DESC__C)
                  20011964    00000020     release_pem4.oem4 (.const:ti_sysbios_gates_GateHwi_Object__DESC__C)
                  20011984    00000020     release_pem4.oem4 (.const:ti_sysbios_gates_GateMutex_Object__DESC__C)
                  200119a4    00000020     release_pem4.oem4 (.const:ti_sysbios_heaps_HeapMem_Object__DESC__C)
                  200119c4    00000020     release_pem4.oem4 (.const:ti_sysbios_knl_Queue_Object__DESC__C)
                  200119e4    00000020     release_pem4.oem4 (.const:ti_sysbios_knl_Semaphore_Object__DESC__C)
                  20011a04    00000020     release_pem4.oem4 (.const:ti_sysbios_knl_Task_Object__DESC__C)
                  20011a24    00000020     release_pem4.oem4 (.const:xdc_runtime_Startup_sfxnTab__A)
                  20011a44    00000018     release_pem4.oem4 (.const:ti_sysbios_gates_GateHwi_Object__PARAMS__C)
                  20011a5c    00000018     release_pem4.oem4 (.const:ti_sysbios_gates_GateMutex_Object__PARAMS__C)
                  20011a74    00000018     release_pem4.oem4 (.const:ti_sysbios_knl_Queue_Object__PARAMS__C)
                  20011a8c    00000018     release_pem4.oem4 (.const:ti_sysbios_knl_Task_hooks__A)
                  20011aa4    00000014     Board.obj (.const:GPIOCC32XX_config)
                  20011ab8    00000014     drivers_cc32xx.aem4 : GPIOCC32XX.oem4 (.const:gpioBaseAddresses)
                  20011acc    00000014                         : GPIOCC32XX.oem4 (.const:powerResources)
                  20011ae0    00000010     release_pem4.oem4 (.const:xdc_runtime_Startup_sfxnRts__A)
                  20011af0    0000000c     release_pem4.oem4 (.const:xdc_runtime_Startup_firstFxns__A)
                  20011afc    00000008     drivers_cc32xx.aem4 : GPIOCC32XX.oem4 (.const:outPinTypes)
                  20011b04    00000008     release_pem4.oem4 (.const:ti_sysbios_knl_Idle_funcList__A)
                  20011b0c    00000008     release_pem4.oem4 (.const:ti_sysbios_knl_Idle_funcList__C)
                  20011b14    00000008     release_pem4.oem4 (.const:ti_sysbios_knl_Task_hooks__C)
                  20011b1c    00000008     release_pem4.oem4 (.const:xdc_runtime_Startup_firstFxns__C)
                  20011b24    00000008     release_pem4.oem4 (.const:xdc_runtime_Startup_lastFxns__C)
                  20011b2c    00000006     drivers_cc32xx.aem4 : GPIOCC32XX.oem4 (.const:.string:interruptType)
                  20011b32    00000006                         : GPIOCC32XX.oem4 (.const:inPinTypes)
                  20011b38    00000006                         : GPIOCC32XX.oem4 (.const:outPinStrengths)
                  20011b3e    00000004                         : GPIOCC32XX.oem4 (.const:.string:portInterruptIds)
                  20011b42    00000002     release_pem4.oem4 (.const:ti_sysbios_family_arm_m3_Timer_Module__id__C)
                  20011b44    00000004     release_pem4.oem4 (.const:ti_sysbios_family_arm_m3_Hwi_E_alreadyDefined__C)
                  20011b48    00000004     release_pem4.oem4 (.const:ti_sysbios_family_arm_m3_Hwi_NUM_INTERRUPTS__C)
                  20011b4c    00000004     release_pem4.oem4 (.const:ti_sysbios_family_arm_m3_Hwi_Object__count__C)
                  20011b50    00000004     release_pem4.oem4 (.const:ti_sysbios_family_arm_m3_Hwi_ccr__C)
                  20011b54    00000004     release_pem4.oem4 (.const:ti_sysbios_family_arm_m3_Hwi_excHandlerFunc__C)
                  20011b58    00000004     release_pem4.oem4 (.const:ti_sysbios_family_arm_m3_Hwi_nullIsrFunc__C)
                  20011b5c    00000004     release_pem4.oem4 (.const:ti_sysbios_family_arm_m3_Hwi_priGroup__C)
                  20011b60    00000004     release_pem4.oem4 (.const:ti_sysbios_family_arm_m3_Hwi_swiDisable__C)
                  20011b64    00000004     release_pem4.oem4 (.const:ti_sysbios_family_arm_m3_Hwi_swiRestoreHwi__C)
                  20011b68    00000004     release_pem4.oem4 (.const:ti_sysbios_family_arm_m3_TaskSupport_stackAlignment__C)
                  20011b6c    00000004     release_pem4.oem4 (.const:ti_sysbios_family_arm_m3_Timer_E_cannotSupport__C)
                  20011b70    00000004     release_pem4.oem4 (.const:ti_sysbios_family_arm_m3_Timer_startupNeeded__C)
                  20011b74    00000004     release_pem4.oem4 (.const:ti_sysbios_gates_GateMutex_Instance_State_sem__O)
                  20011b78    00000004     release_pem4.oem4 (.const:ti_sysbios_heaps_HeapMem_E_memory__C)
                  20011b7c    00000004     release_pem4.oem4 (.const:ti_sysbios_heaps_HeapMem_Module__gateObj__C)
                  20011b80    00000004     release_pem4.oem4 (.const:ti_sysbios_heaps_HeapMem_Object__count__C)
                  20011b84    00000004     release_pem4.oem4 (.const:ti_sysbios_heaps_HeapMem_primaryHeapBaseAddr__C)
                  20011b88    00000004     release_pem4.oem4 (.const:ti_sysbios_heaps_HeapMem_primaryHeapEndAddr__C)
                  20011b8c    00000004     release_pem4.oem4 (.const:ti_sysbios_heaps_HeapMem_reqAlign__C)
                  20011b90    00000004     release_pem4.oem4 (.const:ti_sysbios_knl_Clock_Module_State_clockQ__O)
                  20011b94    00000004     release_pem4.oem4 (.const:ti_sysbios_knl_Clock_tickPeriod__C)
                  20011b98    00000004     release_pem4.oem4 (.const:ti_sysbios_knl_Mailbox_Instance_State_freeQue__O)
                  20011b9c    00000004     release_pem4.oem4 (.const:ti_sysbios_knl_Mailbox_Object__count__C)
                  20011ba0    00000004     release_pem4.oem4 (.const:ti_sysbios_knl_Mailbox_maxTypeAlign__C)
                  20011ba4    00000004     release_pem4.oem4 (.const:ti_sysbios_knl_Semaphore_Instance_State_pendQ__O)
                  20011ba8    00000004     release_pem4.oem4 (.const:ti_sysbios_knl_Swi_Object__count__C)
                  20011bac    00000004     release_pem4.oem4 (.const:ti_sysbios_knl_Task_Module_State_inactiveQ__O)
                  20011bb0    00000004     release_pem4.oem4 (.const:ti_sysbios_knl_Task_Object__count__C)
                  20011bb4    00000004     release_pem4.oem4 (.const:ti_sysbios_knl_Task_Object__heap__C)
                  20011bb8    00000004     release_pem4.oem4 (.const:ti_sysbios_knl_Task_allBlockedFunc__C)
                  20011bbc    00000004     release_pem4.oem4 (.const:ti_sysbios_knl_Task_defaultStackHeap__C)
                  20011bc0    00000004     release_pem4.oem4 (.const:ti_sysbios_knl_Task_defaultStackSize__C)
                  20011bc4    00000004     release_pem4.oem4 (.const:ti_sysbios_knl_Task_numConstructedTasks__C)
                  20011bc8    00000004     release_pem4.oem4 (.const:xdc_runtime_Error_E_memory__C)
                  20011bcc    00000004     release_pem4.oem4 (.const:xdc_runtime_Error_policyFxn__C)
                  20011bd0    00000004     release_pem4.oem4 (.const:xdc_runtime_IGateProvider_Interface__BASE__C)
                  20011bd4    00000004     release_pem4.oem4 (.const:xdc_runtime_IHeap_Interface__BASE__C)
                  20011bd8    00000004     release_pem4.oem4 (.const:xdc_runtime_IModule_Interface__BASE__C)
                  20011bdc    00000004     release_pem4.oem4 (.const:xdc_runtime_Memory_defaultHeapInstance__C)
                  20011be0    00000004     release_pem4.oem4 (.const:xdc_runtime_Startup_execImpl__C)
                  20011be4    00000004     release_pem4.oem4 (.const:xdc_runtime_Startup_maxPasses__C)
                  20011be8    00000004     release_pem4.oem4 (.const:xdc_runtime_Startup_sfxnRts__C)
                  20011bec    00000004     release_pem4.oem4 (.const:xdc_runtime_Startup_sfxnTab__C)
                  20011bf0    00000004     release_pem4.oem4 (.const:xdc_runtime_SysCallback_abortFxn__C)
                  20011bf4    00000004     release_pem4.oem4 (.const:xdc_runtime_SysCallback_exitFxn__C)
                  20011bf8    00000004     release_pem4.oem4 (.const:xdc_runtime_System_Module__gateObj__C)
                  20011bfc    00000004     release_pem4.oem4 (.const:xdc_runtime_System_abortFxn__C)
                  20011c00    00000004     release_pem4.oem4 (.const:xdc_runtime_System_exitFxn__C)
                  20011c04    00000004     release_pem4.oem4 (.const:xdc_runtime_System_maxAtexitHandlers__C)
                  20011c08    00000004     release_pem4.oem4 (.const:xdc_runtime_Text_charTab__C)
                  20011c0c    00000004     release_pem4.oem4 (.const:xdc_runtime_Text_nameEmpty__C)
                  20011c10    00000004     release_pem4.oem4 (.const:xdc_runtime_Text_nameStatic__C)
                  20011c14    00000004     release_pem4.oem4 (.const:xdc_runtime_Text_nameUnknown__C)
                  20011c18    00000002     release_pem4.oem4 (.const:ti_sysbios_heaps_HeapMem_Module__id__C)
                  20011c1a    00000002     release_pem4.oem4 (.const:xdc_runtime_Memory_Module__id__C)
                  20011c1c    00000002     release_pem4.oem4 (.const:xdc_runtime_Text_charCnt__C)
                  20011c1e    00000002     release_pem4.oem4 (.const:xdc_runtime_Text_isLoaded__C)
                  20011c20    00000001     release_pem4.oem4 (.const:ti_sysbios_knl_Clock_tickSource__C)
                  20011c21    00000001     release_pem4.oem4 (.const:xdc_runtime_Error_policy__C)
                  20011c22    00000001     release_pem4.oem4 (.const:xdc_runtime_Text_charTab__A)

.cinit     0    20011c28    00000260     
                  20011c28    0000023b     (.cinit..data.load) [load image, compression = lzss]
                  20011e63    00000001     --HOLE-- [fill = 0]
                  20011e64    0000000c     (__TI_handler_table)
                  20011e70    00000008     (.cinit..bss.load) [load image, compression = zero_init]
                  20011e78    00000010     (__TI_cinit_table)

.init_array 
*          0    20004000    00000000     UNINITIALIZED

.priheap   0    20004040    00008000     UNINITIALIZED
                  20004040    00008000     --HOLE--

.bootVecs 
*          0    00000000    00000008     DSECT
                  00000000    00000008     boot.aem4 : boot.oem4 (.bootVecs)

.resetVecs 
*          0    20004000    0000003c     
                  20004000    0000003c     release_pem4.oem4 (.resetVecs)

xdc.meta   0    00000000    00000104     COPY SECTION
                  00000000    00000104     release_pem4.oem4 (xdc.meta)

xdc.noload 
*          0    00000000    00000000     COPY SECTION

MODULE SUMMARY

       Module                       code    ro data   rw data
       ------                       ----    -------   -------
    ./
       on_board_functionality.obj   420     0         8      
       Board.obj                    18      84        288    
       waterFiller.obj              244     0         0      
       big_red_button.obj           148     0         3      
       main_tirtos.obj              104     0         0      
       error_responses.obj          80      0         0      
       state_machine_control.obj    58      0         0      
       board_sleep.obj              12      0         0      
       utility.obj                  12      0         0      
    +--+----------------------------+-------+---------+---------+
       Total:                       1096    84        299    
                                                             
    /Applications/ti/Workspace/tirtos_builds_CC3220S_LAUNCHXL_release_ccs/Debug/configPkg/package/cfg/
       release_pem4.oem4            1324    1072      3014   
    +--+----------------------------+-------+---------+---------+
       Total:                       1324    1072      3014   
                                                             
    /Applications/ti/Workspace/tirtos_builds_CC3220S_LAUNCHXL_release_ccs/src/sysbios/sysbios.aem4
       BIOS.obj                     8352    0         136    
       m3_Hwi_asm.obj               262     0         0      
       m3_TaskSupport_asm.obj       108     0         0      
       m3_Hwi_asm_switch.obj        102     0         0      
    +--+----------------------------+-------+---------+---------+
       Total:                       8824    0         136    
                                                             
    /Applications/ti/ccsv8/tools/compiler/ti-cgt-arm_18.1.2.LTS/lib/rtsv7M4_T_le_eabi.lib
       memcpy_t2.asm.obj            156     0         0      
       ull_div_t2.asm.obj           150     0         0      
       memset_t2.asm.obj            122     0         0      
       copy_decompress_lzss.c.obj   104     0         0      
       cpy_tbl.c.obj                76      0         0      
       _lock.c.obj                  26      0         8      
       args_main.c.obj              24      0         0      
       ll_mul_t2.asm.obj            24      0         0      
       copy_decompress_none.c.obj   14      0         0      
       copy_zero_init.c.obj         12      0         0      
       stkdepth_vars.c.obj          0       0         4      
       div0.asm.obj                 2       0         0      
    +--+----------------------------+-------+---------+---------+
       Total:                       710     0         12     
                                                             
    /Applications/ti/simplelink_cc32xx_sdk_2_20_00_10/kernel/tirtos/packages/ti/dpl/lib/dpl_cc32xx.aem4
       PowerCC32XX_tirtos.oem4      444     0         0      
       HwiP_tirtos.oem4             84      0         0      
       SemaphoreP_tirtos.oem4       78      0         0      
    +--+----------------------------+-------+---------+---------+
       Total:                       606     0         0      
                                                             
    /Applications/ti/simplelink_cc32xx_sdk_2_20_00_10/kernel/tirtos/packages/ti/targets/arm/rtsarm/lib/auto_init.aem4
       auto_init.oem4               160     0         0      
    +--+----------------------------+-------+---------+---------+
       Total:                       160     0         0      
                                                             
    /Applications/ti/simplelink_cc32xx_sdk_2_20_00_10/kernel/tirtos/packages/ti/targets/arm/rtsarm/lib/boot.aem4
       boot.oem4                    68      0         0      
    +--+----------------------------+-------+---------+---------+
       Total:                       68      0         0      
                                                             
    /Applications/ti/simplelink_cc32xx_sdk_2_20_00_10/source/ti/devices/cc32xx/driverlib/ccs/Release/driverlib.a
       prcm.obj                     1604    168       0      
       pin.obj                      280     256       0      
       flash.obj                    72      0         0      
       utils.obj                    6       0         0      
    +--+----------------------------+-------+---------+---------+
       Total:                       1962    424       0      
                                                             
    /Applications/ti/simplelink_cc32xx_sdk_2_20_00_10/source/ti/drivers/lib/drivers_cc32xx.aem4
       PowerCC32XX.oem4             2024    0         664    
       GPIOCC32XX.oem4              1276    103       65     
       PowerCC32XX_asm.oem4         150     0         0      
       List.oem4                    38      0         0      
    +--+----------------------------+-------+---------+---------+
       Total:                       3488    103       729    
                                                             
       Stack:                       0       0         1024   
       Linker Generated:            0       607       0      
    +--+----------------------------+-------+---------+---------+
       Grand Total:                 18238   2290      5214   


LINKER GENERATED COPY TABLES

__TI_cinit_table @ 20011e78 records: 2, size/record: 8, table size: 16
	.data: load addr=20011c28, load size=0000023b bytes, run addr=20010874, run size=000006de bytes, compression=lzss
	.bss: load addr=20011e70, load size=00000008 bytes, run addr=20010f58, run size=00000674 bytes, compression=zero_init


LINKER GENERATED HANDLER TABLE

__TI_handler_table @ 20011e64 records: 3, size/record: 4, table size: 12
	index: 0, handler: __TI_zero_init
	index: 1, handler: __TI_decompress_lzss
	index: 2, handler: __TI_decompress_none


GLOBAL SYMBOLS: SORTED ALPHABETICALLY BY Name 

address   name                                                            
-------   ----                                                            
2001056d  Board_init                                                      
2000dab7  Board_initHook                                                  
2000eff5  FlashDisable                                                    
20011aa4  GPIOCC32XX_config                                               
2000edd9  GPIO_enableInt                                                  
2000e2c9  GPIO_hwiIntFxn                                                  
2000d2cd  GPIO_init                                                       
2000ea8d  GPIO_setCallback                                                
2000c46d  GPIO_setConfig                                                  
2000e6bd  GPIO_toggle                                                     
2000eae5  GPIO_write                                                      
00008000  HEAPSIZE                                                        
2001057d  HwiP_Params_init                                                
2000f46d  HwiP_create                                                     
2000c8dd  HwiP_disable                                                    
200107f1  HwiP_restore                                                    
2000fe51  List_put                                                        
2000c041  PRCMCC3200MCUInit                                               
20010461  PRCMHIBRegRead                                                  
20010477  PRCMHIBRegWrite                                                 
2000f03d  PRCMLPDSEnter                                                   
2000f721  PRCMLPDSEnterKeepDebugIf                                        
2000f281  PRCMLPDSRestoreInfoSet                                          
2000fd61  PRCMPeripheralClkDisable                                        
2000f085  PRCMPeripheralClkEnable                                         
2000eb3d  PRCMPeripheralReset                                             
2000e7ed  PRCMSysResetCauseGet                                            
2000de1d  PinConfigSet                                                    
2000f801  PinModeGet                                                      
2000f4ad  PinModeSet                                                      
20010209  PinToPadGet                                                     
200117bc  PowerCC32XX_config                                              
2000d5c9  PowerCC32XX_configureWakeup                                     
20011468  PowerCC32XX_contextSave                                         
2000f2c5  PowerCC32XX_enterLPDS                                           
2000fd89  PowerCC32XX_initPolicy                                          
20010874  PowerCC32XX_module                                              
2000ec95  PowerCC32XX_parkPin                                             
2000f7c9  PowerCC32XX_restoreParkedPin                                    
2000ece7  PowerCC32XX_resumeLPDS                                          
2000e721  PowerCC32XX_setParkState                                        
2000c635  PowerCC32XX_sleepPolicy                                         
200106a1  Power_getConstraintMask                                         
200104a5  Power_getDependencyCount                                        
2001030d  Power_idleFunc                                                  
2000dfb9  Power_init                                                      
2000fdb1  Power_registerNotify                                            
2000f531  Power_setConstraint                                             
2000e1cd  Power_setDependency                                             
2000cb2d  Power_sleep                                                     
UNDEFED   SHT$$INIT_ARRAY$$Base                                           
UNDEFED   SHT$$INIT_ARRAY$$Limit                                          
2000fbf9  SemaphoreP_createBinary                                         
200106ad  SemaphoreP_delete                                               
20010531  SemaphoreP_pend                                                 
2000cc45  SemaphoreP_post                                                 
2000f9db  UtilsDelay                                                      
00000000  __ASM__                                                         
0000007d  __ISA__                                                         
00000090  __PLAT__                                                        
20004000  __STACK_END                                                     
00000400  __STACK_SIZE                                                    
000000b7  __TARG__                                                        
20011e78  __TI_CINIT_Base                                                 
20011e88  __TI_CINIT_Limit                                                
20011e64  __TI_Handler_Table_Base                                         
20011e70  __TI_Handler_Table_Limit                                        
2000d715  __TI_auto_init                                                  
2000e5ed  __TI_decompress_lzss                                            
20010661  __TI_decompress_none                                            
ffffffff  __TI_pprof_out_hndl                                             
ffffffff  __TI_prof_data_size                                             
ffffffff  __TI_prof_data_start                                            
20011c28  __TI_static_base__                                              
200106dd  __TI_zero_init                                                  
000000dc  __TRDR__                                                        
2000e2c7  __aeabi_idiv0                                                   
2000e2c7  __aeabi_ldiv0                                                   
2001036d  __aeabi_lmul                                                    
2000e24d  __aeabi_memclr                                                  
2000e24d  __aeabi_memclr4                                                 
2000e24d  __aeabi_memclr8                                                 
2000d855  __aeabi_memcpy                                                  
2000d855  __aeabi_memcpy4                                                 
2000d855  __aeabi_memcpy8                                                 
2000e24f  __aeabi_memset                                                  
2000e24f  __aeabi_memset4                                                 
2000e24f  __aeabi_memset8                                                 
2000da21  __aeabi_uldivmod                                                
ffffffff  __binit__                                                       
ffffffff  __c_args__                                                      
2000c040  __primary_heap_end__                                            
20004040  __primary_heap_start__                                          
20003c00  __stack                                                         
20010325  _args_main                                                      
2000f309  _c_int00                                                        
20010ed4  _lock                                                           
2000dfb7  _nop                                                            
2000fc29  _pthread_cleanupFxn                                             
2000d7b9  _pthread_removeThreadKeys                                       
2000e341  _pthread_runStub                                                
200106b9  _register_lock                                                  
200106c5  _register_unlock                                                
20010ed8  _unlock                                                         
ffffffff  binit                                                           
2000ee25  copy_in                                                         
200106e9  delay                                                           
2000f6e5  get_next_state                                                  
20010e94  gpioCallbackFunctions                                           
20010ea8  gpioPinConfigs                                                  
20011b32  inPinTypes                                                      
20010065  initialize_board_led_d5                                         
20010085  initialize_board_led_d6                                         
200100a5  initialize_board_led_d7                                         
2000fa15  initialize_the_big_red_button                                   
2000fe79  initialize_the_left_on_board_button                             
2000fdd9  is_the_big_red_button_pressed                                   
200106f5  low_power_deep_sleep_in_seconds                                 
2000e655  main                                                            
2000ce5d  mainThread                                                      
20010f34  main_func_sp                                                    
2000d855  memcpy                                                          
2000e255  memset                                                          
20011b38  outPinStrengths                                                 
20011afc  outPinTypes                                                     
200109e0  parkInfo                                                        
2000fea1  pthread_attr_init                                               
20010671  pthread_attr_setdetachstate                                     
200104b9  pthread_attr_setschedparam                                      
200107d1  pthread_attr_setstacksize                                       
2000cf51  pthread_create                                                  
2000e511  pthread_exit                                                    
2000fa49  pthread_setcancelstate                                          
200100c9  sleep                                                           
20010225  standard_error                                                  
2000f86d  this_should_never_happen_error                                  
20010e04  ti_sysbios_BIOS_Module__state__V                                
200103e5  ti_sysbios_BIOS_RtsGateProxy_Handle__label__S                   
2000d03d  ti_sysbios_BIOS_RtsGateProxy_enter__E                           
2000d12d  ti_sysbios_BIOS_RtsGateProxy_leave__E                           
20010831  ti_sysbios_BIOS_RtsGateProxy_query__E                           
2000fa79  ti_sysbios_BIOS_atExitFunc__I                                   
2001048d  ti_sysbios_BIOS_exitFunc__I                                     
20010841  ti_sysbios_BIOS_linkedWithIncorrectBootLibrary__E               
2000ea2d  ti_sysbios_BIOS_nullFunc__I                                     
2000fec5  ti_sysbios_BIOS_registerRTSLock__I                              
2000fee9  ti_sysbios_BIOS_removeRTSLock__I                                
200100e9  ti_sysbios_BIOS_rtsLock__I                                      
20010385  ti_sysbios_BIOS_rtsUnlock__I                                    
20010591  ti_sysbios_BIOS_setThreadType__E                                
2000faa9  ti_sysbios_BIOS_startFunc__I                                    
200105a1  ti_sysbios_BIOS_start__E                                        
20011b44  ti_sysbios_family_arm_m3_Hwi_E_alreadyDefined__C                
2000f5a9  ti_sysbios_family_arm_m3_Hwi_Instance_finalize__E               
2000d989  ti_sysbios_family_arm_m3_Hwi_Instance_init__E                   
20010f50  ti_sysbios_family_arm_m3_Hwi_Module_State_0_excActive__A        
20010f38  ti_sysbios_family_arm_m3_Hwi_Module_State_0_excContext__A       
20010f3c  ti_sysbios_family_arm_m3_Hwi_Module_State_0_excStack__A         
20011942  ti_sysbios_family_arm_m3_Hwi_Module__id__C                      
20010ee4  ti_sysbios_family_arm_m3_Hwi_Module__root__V                    
2001039d  ti_sysbios_family_arm_m3_Hwi_Module__startupDone__F             
2001039d  ti_sysbios_family_arm_m3_Hwi_Module__startupDone__S             
20010d44  ti_sysbios_family_arm_m3_Hwi_Module__state__V                   
2000ed39  ti_sysbios_family_arm_m3_Hwi_Module_startup__E                  
20011b48  ti_sysbios_family_arm_m3_Hwi_NUM_INTERRUPTS__C                  
20011944  ti_sysbios_family_arm_m3_Hwi_Object__DESC__C                    
20011838  ti_sysbios_family_arm_m3_Hwi_Object__PARAMS__C                  
20011b4c  ti_sysbios_family_arm_m3_Hwi_Object__count__C                   
200104cd  ti_sysbios_family_arm_m3_Hwi_Object__get__S                     
20010e64  ti_sysbios_family_arm_m3_Hwi_Object__table__V                   
20010701  ti_sysbios_family_arm_m3_Hwi_Params__init__S                    
20011b50  ti_sysbios_family_arm_m3_Hwi_ccr__C                             
2000eb95  ti_sysbios_family_arm_m3_Hwi_create                             
20010711  ti_sysbios_family_arm_m3_Hwi_disableFxn__E                      
2000f0d1  ti_sysbios_family_arm_m3_Hwi_disableInterrupt__E                
2000e789  ti_sysbios_family_arm_m3_Hwi_dispatchC__I                       
20010f58  ti_sysbios_family_arm_m3_Hwi_dispatchTable                      
2000d201  ti_sysbios_family_arm_m3_Hwi_dispatch__I                        
200107d9  ti_sysbios_family_arm_m3_Hwi_doSwiRestore__I                    
200107e9  ti_sysbios_family_arm_m3_Hwi_doTaskRestore__I                   
2000f119  ti_sysbios_family_arm_m3_Hwi_enableInterrupt__E                 
20010109  ti_sysbios_family_arm_m3_Hwi_excHandlerAsm__I                   
20011b54  ti_sysbios_family_arm_m3_Hwi_excHandlerFunc__C                  
20010129  ti_sysbios_family_arm_m3_Hwi_excHandler__I                      
2000f351  ti_sysbios_family_arm_m3_Hwi_getStackInfo__E                    
2000dea9  ti_sysbios_family_arm_m3_Hwi_initNVIC__E                        
2000f161  ti_sysbios_family_arm_m3_Hwi_initStacks__E                      
2000d2b1  ti_sysbios_family_arm_m3_Hwi_interruptsAreDisabledButShouldNotBe
20011b58  ti_sysbios_family_arm_m3_Hwi_nullIsrFunc__C                     
e000e000  ti_sysbios_family_arm_m3_Hwi_nvic                               
200102d5  ti_sysbios_family_arm_m3_Hwi_pendSV__I                          
2000e0c1  ti_sysbios_family_arm_m3_Hwi_postInit__I                        
20011b5c  ti_sysbios_family_arm_m3_Hwi_priGroup__C                        
20000000  ti_sysbios_family_arm_m3_Hwi_ramVectors                         
20004000  ti_sysbios_family_arm_m3_Hwi_resetVectors                       
200107f1  ti_sysbios_family_arm_m3_Hwi_restoreFxn__E                      
200102ed  ti_sysbios_family_arm_m3_Hwi_return                             
200107e1  ti_sysbios_family_arm_m3_Hwi_startup__E                         
20011b60  ti_sysbios_family_arm_m3_Hwi_swiDisable__C                      
20011b64  ti_sysbios_family_arm_m3_Hwi_swiRestoreHwi__C                   
200104e1  ti_sysbios_family_arm_m3_Hwi_switchFromBootStack__E             
2000d455  ti_sysbios_family_arm_m3_TaskSupport_Module__startupDone__S     
2000eebd  ti_sysbios_family_arm_m3_TaskSupport_buildTaskStack             
20010721  ti_sysbios_family_arm_m3_TaskSupport_getStackAlignment__E       
200105b1  ti_sysbios_family_arm_m3_TaskSupport_glue                       
20011b68  ti_sysbios_family_arm_m3_TaskSupport_stackAlignment__C          
2000fad9  ti_sysbios_family_arm_m3_TaskSupport_start__E                   
200105c1  ti_sysbios_family_arm_m3_TaskSupport_swap__E                    
20011b6c  ti_sysbios_family_arm_m3_Timer_E_cannotSupport__C               
20011b42  ti_sysbios_family_arm_m3_Timer_Module__id__C                    
200103b5  ti_sysbios_family_arm_m3_Timer_Module__startupDone__F           
200103b5  ti_sysbios_family_arm_m3_Timer_Module__startupDone__S           
20010ebc  ti_sysbios_family_arm_m3_Timer_Module__state__V                 
2000ff11  ti_sysbios_family_arm_m3_Timer_Module_startup__E                
20010d78  ti_sysbios_family_arm_m3_Timer_Object__table__V                 
20010821  ti_sysbios_family_arm_m3_Timer_getMaxTicks__E                   
2000f1a9  ti_sysbios_family_arm_m3_Timer_initDevice__I                    
2000f8a1  ti_sysbios_family_arm_m3_Timer_periodicStub__I                  
2000ff39  ti_sysbios_family_arm_m3_Timer_postInit__I                      
2000f5e9  ti_sysbios_family_arm_m3_Timer_setPeriodMicroSecs__E            
2000ebe9  ti_sysbios_family_arm_m3_Timer_setPeriod__E                     
2000e911  ti_sysbios_family_arm_m3_Timer_start__E                         
20011b70  ti_sysbios_family_arm_m3_Timer_startupNeeded__C                 
2000ff61  ti_sysbios_family_arm_m3_Timer_startup__E                       
20010241  ti_sysbios_family_arm_m3_Timer_stop__E                          
200101e9  ti_sysbios_family_xxx_Hwi_switchAndRunFunc                      
200103cd  ti_sysbios_gates_GateHwi_Handle__label__S                       
20010849  ti_sysbios_gates_GateHwi_Instance_init__E                       
20011890  ti_sysbios_gates_GateHwi_Module__FXNS__C                        
20010eec  ti_sysbios_gates_GateHwi_Module__root__V                        
20011964  ti_sysbios_gates_GateHwi_Object__DESC__C                        
20011a44  ti_sysbios_gates_GateHwi_Object__PARAMS__C                      
2000fb09  ti_sysbios_gates_GateHwi_Object__create__S                      
20010149  ti_sysbios_gates_GateHwi_Object__delete__S                      
20010f40  ti_sysbios_gates_GateHwi_Object__table__V                       
20010731  ti_sysbios_gates_GateHwi_enter__E                               
200107f9  ti_sysbios_gates_GateHwi_leave__E                               
20010829  ti_sysbios_gates_GateHwi_query__E                               
200103e5  ti_sysbios_gates_GateMutex_Handle__label__S                     
20011b74  ti_sysbios_gates_GateMutex_Instance_State_sem__O                
200105d1  ti_sysbios_gates_GateMutex_Instance_finalize__E                 
20010261  ti_sysbios_gates_GateMutex_Instance_init__E                     
200118b4  ti_sysbios_gates_GateMutex_Module__FXNS__C                      
20010ef4  ti_sysbios_gates_GateMutex_Module__root__V                      
20011984  ti_sysbios_gates_GateMutex_Object__DESC__C                      
20011a5c  ti_sysbios_gates_GateMutex_Object__PARAMS__C                    
2000fb39  ti_sysbios_gates_GateMutex_Object__create__S                    
2000ff85  ti_sysbios_gates_GateMutex_Object__delete__S                    
20010c60  ti_sysbios_gates_GateMutex_Object__table__V                     
2000fb69  ti_sysbios_gates_GateMutex_enter__E                             
20010401  ti_sysbios_gates_GateMutex_leave__E                             
20010831  ti_sysbios_gates_GateMutex_query__E                             
2001039d  ti_sysbios_hal_Hwi_HwiProxy_Module__startupDone__S              
20010701  ti_sysbios_hal_Hwi_HwiProxy_Params__init__S                     
2000f0d1  ti_sysbios_hal_Hwi_HwiProxy_disableInterrupt__E                 
20010711  ti_sysbios_hal_Hwi_HwiProxy_disable__E                          
2000f119  ti_sysbios_hal_Hwi_HwiProxy_enableInterrupt__E                  
2000f351  ti_sysbios_hal_Hwi_HwiProxy_getStackInfo__E                     
[...]
200102ed  ti_sysbios_family_arm_m3_Hwi_return                             
200102f1  ti_sysbios_knl_Task_sleepTimeout__I                             
2001030d  Power_idleFunc                                                  
20010325  _args_main                                                      
2001036d  __aeabi_lmul                                                    
20010385  ti_sysbios_BIOS_rtsUnlock__I                                    
2001039d  ti_sysbios_family_arm_m3_Hwi_Module__startupDone__F             
2001039d  ti_sysbios_family_arm_m3_Hwi_Module__startupDone__S             
2001039d  ti_sysbios_hal_Hwi_HwiProxy_Module__startupDone__S              
200103b5  ti_sysbios_family_arm_m3_Timer_Module__startupDone__F           
200103b5  ti_sysbios_family_arm_m3_Timer_Module__startupDone__S           
200103b5  ti_sysbios_knl_Clock_TimerProxy_Module__startupDone__S          
200103cd  ti_sysbios_gates_GateHwi_Handle__label__S                       
200103cd  xdc_runtime_Main_Module_GateProxy_Handle__label__S              
200103cd  xdc_runtime_System_Module_GateProxy_Handle__label__S            
200103e5  ti_sysbios_BIOS_RtsGateProxy_Handle__label__S                   
200103e5  ti_sysbios_gates_GateMutex_Handle__label__S                     
200103e5  ti_sysbios_heaps_HeapMem_Module_GateProxy_Handle__label__S      
20010401  ti_sysbios_gates_GateMutex_leave__E                             
20010419  ti_sysbios_heaps_HeapMem_Handle__label__S                       
20010419  xdc_runtime_Memory_HeapProxy_Handle__label__S                   
20010431  xdc_runtime_Error_init__E                                       
20010449  xdc_runtime_System_exit__E                                      
20010461  PRCMHIBRegRead                                                  
20010477  PRCMHIBRegWrite                                                 
2001048d  ti_sysbios_BIOS_exitFunc__I                                     
200104a5  Power_getDependencyCount                                        
200104b9  pthread_attr_setschedparam                                      
200104cd  ti_sysbios_family_arm_m3_Hwi_Object__get__S                     
200104e1  ti_sysbios_family_arm_m3_Hwi_switchFromBootStack__E             
200104e1  ti_sysbios_hal_Hwi_HwiProxy_switchFromBootStack__E              
200104e1  ti_sysbios_hal_Hwi_switchFromBootStack__E                       
200104f5  ti_sysbios_heaps_HeapMem_Object__get__S                         
20010509  ti_sysbios_knl_Clock_tickReconfig__E                            
2001051d  ti_sysbios_knl_Swi_Object__get__S                               
20010531  SemaphoreP_pend                                                 
20010549  ti_sysbios_hal_Hwi_Module_startup__E                            
2001055b  xdc_runtime_Startup_exec__I                                     
2001056d  Board_init                                                      
2001057d  HwiP_Params_init                                                
20010591  ti_sysbios_BIOS_setThreadType__E                                
200105a1  ti_sysbios_BIOS_start__E                                        
200105b1  ti_sysbios_family_arm_m3_TaskSupport_glue                       
200105c1  ti_sysbios_family_arm_m3_TaskSupport_swap__E                    
200105c1  ti_sysbios_knl_Task_SupportProxy_swap__E                        
200105c9  ti_sysbios_knl_Task_swapReturn                                  
200105d1  ti_sysbios_gates_GateMutex_Instance_finalize__E                 
200105e1  ti_sysbios_knl_Mailbox_Object__get__S                           
200105f1  ti_sysbios_knl_Semaphore_Instance_finalize__E                   
20010601  ti_sysbios_knl_Swi_disable__E                                   
20010611  ti_sysbios_knl_Task_Object__get__S                              
20010621  ti_sysbios_knl_Task_disable__E                                  
20010631  xdc_runtime_Memory_free__E                                      
20010641  xdc_runtime_SysCallback_abort__E                                
20010641  xdc_runtime_System_SupportProxy_abort__E                        
20010651  xdc_runtime_SysCallback_exit__E                                 
20010651  xdc_runtime_System_SupportProxy_exit__E                         
20010661  __TI_decompress_none                                            
20010671  pthread_attr_setdetachstate                                     
20010681  ti_sysbios_knl_Idle_loop__E                                     
20010691  ti_sysbios_knl_Queue_empty__E                                   
200106a1  Power_getConstraintMask                                         
200106ad  SemaphoreP_delete                                               
200106b9  _register_lock                                                  
200106c5  _register_unlock                                                
200106dd  __TI_zero_init                                                  
200106e9  delay                                                           
200106f5  low_power_deep_sleep_in_seconds                                 
20010701  ti_sysbios_family_arm_m3_Hwi_Params__init__S                    
20010701  ti_sysbios_hal_Hwi_HwiProxy_Params__init__S                     
20010711  ti_sysbios_family_arm_m3_Hwi_disableFxn__E                      
20010711  ti_sysbios_hal_Hwi_HwiProxy_disable__E                          
20010721  ti_sysbios_family_arm_m3_TaskSupport_getStackAlignment__E       
20010721  ti_sysbios_knl_Task_SupportProxy_getStackAlignment__E           
20010731  ti_sysbios_gates_GateHwi_enter__E                               
20010741  ti_sysbios_knl_Clock_getTicks__E                                
20010751  ti_sysbios_knl_Clock_setTicks__E                                
20010761  ti_sysbios_knl_Clock_tickStart__E                               
20010771  ti_sysbios_knl_Clock_tickStop__E                                
2001077d  ti_sysbios_knl_Queue_Object__get__S                             
20010789  ti_sysbios_knl_Semaphore_Params__init__S                        
20010795  ti_sysbios_knl_Task_Params__init__S                             
200107a1  ti_sysbios_rts_ti_ReentSupport_taskRegHook__I                   
200107b1  xdc_runtime_Startup_rtsDone__E                                  
200107bd  xdc_runtime_Memory_HeapProxy_alloc__E                           
200107c7  xdc_runtime_Memory_HeapProxy_free__E                            
200107d1  pthread_attr_setstacksize                                       
200107d9  ti_sysbios_family_arm_m3_Hwi_doSwiRestore__I                    
200107e1  ti_sysbios_family_arm_m3_Hwi_startup__E                         
200107e1  ti_sysbios_hal_Hwi_HwiProxy_startup__E                          
200107e1  ti_sysbios_hal_Hwi_startup__E                                   
200107e9  ti_sysbios_family_arm_m3_Hwi_doTaskRestore__I                   
200107f1  HwiP_restore                                                    
200107f1  ti_sysbios_family_arm_m3_Hwi_restoreFxn__E                      
200107f1  ti_sysbios_hal_Hwi_HwiProxy_restore__E                          
200107f9  ti_sysbios_gates_GateHwi_leave__E                               
20010801  ti_sysbios_heaps_HeapMem_isBlocking__E                          
20010809  ti_sysbios_knl_Queue_Instance_init__E                           
20010811  ti_sysbios_knl_Swi_startup__E                                   
20010819  xdc_runtime_System_Module_startup__E                            
20010821  ti_sysbios_family_arm_m3_Timer_getMaxTicks__E                   
20010829  ti_sysbios_gates_GateHwi_query__E                               
20010829  xdc_runtime_Main_Module_GateProxy_query__E                      
20010829  xdc_runtime_System_Module_GateProxy_query__E                    
20010831  ti_sysbios_BIOS_RtsGateProxy_query__E                           
20010831  ti_sysbios_gates_GateMutex_query__E                             
20010831  ti_sysbios_heaps_HeapMem_Module_GateProxy_query__E              
20010839  ti_sysbios_knl_Task_startup__E                                  
20010841  ti_sysbios_BIOS_linkedWithIncorrectBootLibrary__E               
20010849  ti_sysbios_gates_GateHwi_Instance_init__E                       
20010851  ti_sysbios_knl_Clock_logTick__E                                 
20010859  xdc_runtime_SysCallback_defaultAbort                            
20010861  xdc_runtime_SysCallback_defaultExit                             
20010869  xdc_runtime_System_abortSpin__E                                 
20010871  xdc_runtime_System_exitSpin__E                                  
20010874  PowerCC32XX_module                                              
200109e0  parkInfo                                                        
20010b60  ti_sysbios_knl_Swi_Module_State_0_readyQ__A                     
20010be0  ti_sysbios_knl_Task_Module_State_0_readyQ__A                    
20010c60  ti_sysbios_gates_GateMutex_Object__table__V                     
20010cb4  ti_sysbios_knl_Task_Object__table__V                            
20010d00  ti_sysbios_knl_Task_Module__state__V                            
20010d44  ti_sysbios_family_arm_m3_Hwi_Module__state__V                   
20010d78  ti_sysbios_family_arm_m3_Timer_Object__table__V                 
20010da8  ti_sysbios_knl_Swi_Object__table__V                             
20010dd8  ti_sysbios_knl_Clock_Module__state__V                           
20010e04  ti_sysbios_BIOS_Module__state__V                                
20010e28  xdc_runtime_Error_IgnoreBlock                                   
20010e48  ti_sysbios_knl_Swi_Module__state__V                             
20010e64  ti_sysbios_family_arm_m3_Hwi_Object__table__V                   
20010e7c  ti_sysbios_heaps_HeapMem_Object__table__V                       
20010e94  gpioCallbackFunctions                                           
20010ea8  gpioPinConfigs                                                  
20010ebc  ti_sysbios_family_arm_m3_Timer_Module__state__V                 
20010ed4  _lock                                                           
20010ed8  _unlock                                                         
20010ee4  ti_sysbios_family_arm_m3_Hwi_Module__root__V                    
20010eec  ti_sysbios_gates_GateHwi_Module__root__V                        
20010ef4  ti_sysbios_gates_GateMutex_Module__root__V                      
20010efc  ti_sysbios_heaps_HeapMem_Module__root__V                        
20010f04  ti_sysbios_knl_Queue_Module__root__V                            
20010f0c  ti_sysbios_knl_Semaphore_Module__root__V                        
20010f14  ti_sysbios_knl_Task_Module__root__V                             
20010f1c  xdc_runtime_Startup_Module__state__V                            
20010f24  xdc_runtime_System_Module_State_0_atexitHandlers__A             
20010f2c  xdc_runtime_System_Module__state__V                             
20010f34  main_func_sp                                                    
20010f38  ti_sysbios_family_arm_m3_Hwi_Module_State_0_excContext__A       
20010f3c  ti_sysbios_family_arm_m3_Hwi_Module_State_0_excStack__A         
20010f40  ti_sysbios_gates_GateHwi_Object__table__V                       
20010f44  ti_sysbios_knl_Task_Module_State_0_idleTask__A                  
20010f48  ti_sysbios_rts_ti_ReentSupport_Module__state__V                 
20010f4c  xdc_runtime_Memory_Module__state__V                             
20010f50  ti_sysbios_family_arm_m3_Hwi_Module_State_0_excActive__A        
20010f58  ti_sysbios_family_arm_m3_Hwi_dispatchTable                      
20011268  ti_sysbios_knl_Task_Instance_State_0_stack__A                   
20011468  PowerCC32XX_contextSave                                         
200115c8  ti_sysbios_knl_Task_Instance_State_0_hookEnv__A                 
200117bc  PowerCC32XX_config                                              
200117fc  ti_sysbios_knl_Task_Object__PARAMS__C                           
20011838  ti_sysbios_family_arm_m3_Hwi_Object__PARAMS__C                  
20011868  ti_sysbios_heaps_HeapMem_Module__FXNS__C                        
20011890  ti_sysbios_gates_GateHwi_Module__FXNS__C                        
200118b4  ti_sysbios_gates_GateMutex_Module__FXNS__C                      
200118d8  ti_sysbios_heaps_HeapMem_Object__PARAMS__C                      
200118fc  ti_sysbios_knl_Semaphore_Object__PARAMS__C                      
20011941  ti_sysbios_knl_Clock_tickMode__C                                
20011942  ti_sysbios_family_arm_m3_Hwi_Module__id__C                      
20011944  ti_sysbios_family_arm_m3_Hwi_Object__DESC__C                    
20011964  ti_sysbios_gates_GateHwi_Object__DESC__C                        
20011984  ti_sysbios_gates_GateMutex_Object__DESC__C                      
200119a4  ti_sysbios_heaps_HeapMem_Object__DESC__C                        
200119c4  ti_sysbios_knl_Queue_Object__DESC__C                            
200119e4  ti_sysbios_knl_Semaphore_Object__DESC__C                        
20011a04  ti_sysbios_knl_Task_Object__DESC__C                             
20011a24  xdc_runtime_Startup_sfxnTab__A                                  
20011a44  ti_sysbios_gates_GateHwi_Object__PARAMS__C                      
20011a5c  ti_sysbios_gates_GateMutex_Object__PARAMS__C                    
20011a74  ti_sysbios_knl_Queue_Object__PARAMS__C                          
20011a8c  ti_sysbios_knl_Task_hooks__A                                    
20011aa4  GPIOCC32XX_config                                               
20011ae0  xdc_runtime_Startup_sfxnRts__A                                  
20011af0  xdc_runtime_Startup_firstFxns__A                                
20011afc  outPinTypes                                                     
20011b04  ti_sysbios_knl_Idle_funcList__A                                 
20011b0c  ti_sysbios_knl_Idle_funcList__C                                 
20011b14  ti_sysbios_knl_Task_hooks__C                                    
20011b1c  xdc_runtime_Startup_firstFxns__C                                
20011b24  xdc_runtime_Startup_lastFxns__C                                 
20011b32  inPinTypes                                                      
20011b38  outPinStrengths                                                 
20011b42  ti_sysbios_family_arm_m3_Timer_Module__id__C                    
20011b44  ti_sysbios_family_arm_m3_Hwi_E_alreadyDefined__C                
20011b48  ti_sysbios_family_arm_m3_Hwi_NUM_INTERRUPTS__C                  
20011b4c  ti_sysbios_family_arm_m3_Hwi_Object__count__C                   
20011b50  ti_sysbios_family_arm_m3_Hwi_ccr__C                             
20011b54  ti_sysbios_family_arm_m3_Hwi_excHandlerFunc__C                  
20011b58  ti_sysbios_family_arm_m3_Hwi_nullIsrFunc__C                     
20011b5c  ti_sysbios_family_arm_m3_Hwi_priGroup__C                        
20011b60  ti_sysbios_family_arm_m3_Hwi_swiDisable__C                      
20011b64  ti_sysbios_family_arm_m3_Hwi_swiRestoreHwi__C                   
20011b68  ti_sysbios_family_arm_m3_TaskSupport_stackAlignment__C          
20011b6c  ti_sysbios_family_arm_m3_Timer_E_cannotSupport__C               
20011b70  ti_sysbios_family_arm_m3_Timer_startupNeeded__C                 
20011b74  ti_sysbios_gates_GateMutex_Instance_State_sem__O                
20011b78  ti_sysbios_heaps_HeapMem_E_memory__C                            
20011b7c  ti_sysbios_heaps_HeapMem_Module__gateObj__C                     
20011b80  ti_sysbios_heaps_HeapMem_Object__count__C                       
20011b84  ti_sysbios_heaps_HeapMem_primaryHeapBaseAddr__C                 
20011b88  ti_sysbios_heaps_HeapMem_primaryHeapEndAddr__C                  
20011b8c  ti_sysbios_heaps_HeapMem_reqAlign__C                            
20011b90  ti_sysbios_knl_Clock_Module_State_clockQ__O                     
20011b94  ti_sysbios_knl_Clock_tickPeriod__C                              
20011b98  ti_sysbios_knl_Mailbox_Instance_State_freeQue__O                
20011b9c  ti_sysbios_knl_Mailbox_Object__count__C                         
20011ba0  ti_sysbios_knl_Mailbox_maxTypeAlign__C                          
20011ba4  ti_sysbios_knl_Semaphore_Instance_State_pendQ__O                
20011ba8  ti_sysbios_knl_Swi_Object__count__C                             
20011bac  ti_sysbios_knl_Task_Module_State_inactiveQ__O                   
20011bb0  ti_sysbios_knl_Task_Object__count__C                            
20011bb4  ti_sysbios_knl_Task_Object__heap__C                             
20011bb8  ti_sysbios_knl_Task_allBlockedFunc__C                           
20011bbc  ti_sysbios_knl_Task_defaultStackHeap__C                         
20011bc0  ti_sysbios_knl_Task_defaultStackSize__C                         
20011bc4  ti_sysbios_knl_Task_numConstructedTasks__C                      
20011bc8  xdc_runtime_Error_E_memory__C                                   
20011bcc  xdc_runtime_Error_policyFxn__C                                  
20011bd0  xdc_runtime_IGateProvider_Interface__BASE__C                    
20011bd4  xdc_runtime_IHeap_Interface__BASE__C                            
20011bd8  xdc_runtime_IModule_Interface__BASE__C                          
20011bdc  xdc_runtime_Memory_defaultHeapInstance__C                       
20011be0  xdc_runtime_Startup_execImpl__C                                 
20011be4  xdc_runtime_Startup_maxPasses__C                                
20011be8  xdc_runtime_Startup_sfxnRts__C                                  
20011bec  xdc_runtime_Startup_sfxnTab__C                                  
20011bf0  xdc_runtime_SysCallback_abortFxn__C                             
20011bf4  xdc_runtime_SysCallback_exitFxn__C                              
20011bf8  xdc_runtime_System_Module__gateObj__C                           
20011bfc  xdc_runtime_System_abortFxn__C                                  
20011c00  xdc_runtime_System_exitFxn__C                                   
20011c04  xdc_runtime_System_maxAtexitHandlers__C                         
20011c08  xdc_runtime_Text_charTab__C                                     
20011c0c  xdc_runtime_Text_nameEmpty__C                                   
20011c10  xdc_runtime_Text_nameStatic__C                                  
20011c14  xdc_runtime_Text_nameUnknown__C                                 
20011c18  ti_sysbios_heaps_HeapMem_Module__id__C                          
20011c1a  xdc_runtime_Memory_Module__id__C                                
20011c1c  xdc_runtime_Text_charCnt__C                                     
20011c1e  xdc_runtime_Text_isLoaded__C                                    
20011c20  ti_sysbios_knl_Clock_tickSource__C                              
20011c21  xdc_runtime_Error_policy__C                                     
20011c22  xdc_runtime_Text_charTab__A                                     
20011c28  __TI_static_base__                                              
20011e64  __TI_Handler_Table_Base                                         
20011e70  __TI_Handler_Table_Limit                                        
20011e78  __TI_CINIT_Base                                                 
20011e88  __TI_CINIT_Limit                                                
e000e000  ti_sysbios_family_arm_m3_Hwi_nvic                               
ffffffff  __TI_pprof_out_hndl                                             
ffffffff  __TI_prof_data_size                                             
ffffffff  __TI_prof_data_start                                            
ffffffff  __binit__                                                       
ffffffff  __c_args__                                                      
ffffffff  binit                                                           
UNDEFED   SHT$$INIT_ARRAY$$Base                                           
UNDEFED   SHT$$INIT_ARRAY$$Limit                                          

[491 symbols]
