******************************************************************************
                  TI ARM Linker Unix v18.1.2                   
******************************************************************************
>> Linked Wed Jul 18 20:11:24 2018

OUTPUT FILE NAME:   <waterFiller.out>
ENTRY POINT SYMBOL: "_c_int00"  address: 2000f241


MEMORY CONFIGURATION

         name            origin    length      used     unused   attr    fill
----------------------  --------  ---------  --------  --------  ----  --------
  SRAM0                 20000000   00004000  0000070c  000038f4  RW X
  SRAM                  20004000   0003c000  0000dbf5  0002e40b  RW X


SEGMENT ALLOCATION MAP

run origin  load origin   length   init length attrs members
----------  ----------- ---------- ----------- ----- -------
20003c00    20003c00    00000400   00000000    rw-
  20003c00    20003c00    00000400   00000000    rw- .stack
20004000    20004000    00008040   0000003c    r--
  20004000    20004000    0000003c   0000003c    r-- .resetVecs
  20004040    20004040    00008000   00000000    r-- .priheap
2000c040    2000c040    000045ba   000045ba    r-x
  2000c040    2000c040    000045ba   000045ba    r-x .text
200105fc    200105fc    000006dc   00000000    rw-
  200105fc    200105fc    000006dc   00000000    rw- .data
20010cd8    20010cd8    00000674   00000000    rw-
  20010cd8    20010cd8    00000674   00000000    rw- .bss
2001134c    2001134c    00000657   00000657    r--
  2001134c    2001134c    00000657   00000657    r-- .const
200119a8    200119a8    00000258   00000258    r--
  200119a8    200119a8    00000258   00000258    r-- .cinit


SECTION ALLOCATION MAP

 output                                  attributes/
section   page    origin      length       input sections
--------  ----  ----------  ----------   ----------------
.vecs      0    20000000    0000030c     NOLOAD SECTION
                  20000000    0000030c     release_pem4.oem4 (.vecs)

.stack     0    20003c00    00000400     UNINITIALIZED
                  20003c00    00000400     --HOLE--

.text      0    2000c040    000045ba     
                  2000c040    0000042c     driverlib.a : prcm.obj (.text:PRCMCC3200MCUInit)
                  2000c46c    000001c8     drivers_cc32xx.aem4 : GPIOCC32XX.oem4 (.text:GPIO_setConfig)
                  2000c634    00000158     dpl_cc32xx.aem4 : PowerCC32XX_tirtos.oem4 (.text:PowerCC32XX_sleepPolicy)
                  2000c78c    00000150     drivers_cc32xx.aem4 : PowerCC32XX.oem4 (.text:parkPins)
                  2000c8dc    00000004     dpl_cc32xx.aem4 : HwiP_tirtos.oem4 (.text:HwiP_disable)
                  2000c8e0    00000130     sysbios.aem4 : BIOS.obj (.text:ti_sysbios_knl_Semaphore_pend__E)
                  2000ca10    0000011c                  : BIOS.obj (.text:xdc_runtime_Startup_startMods__I)
                  2000cb2c    00000118     drivers_cc32xx.aem4 : PowerCC32XX.oem4 (.text:Power_sleep)
                  2000cc44    00000004     dpl_cc32xx.aem4 : SemaphoreP_tirtos.oem4 (.text:SemaphoreP_post)
                  2000cc48    00000110     sysbios.aem4 : BIOS.obj (.text:ti_sysbios_knl_Task_postInit__I)
                  2000cd58    00000104                  : BIOS.obj (.text:ti_sysbios_knl_Task_Instance_finalize__E)
                  2000ce5c    00000004     release_pem4.oem4 (.text:ti_sysbios_BIOS_RtsGateProxy_enter__E)
                  2000ce60    000000ec     sysbios.aem4 : BIOS.obj (.text:pthread_create)
                  2000cf4c    00000004     release_pem4.oem4 (.text:ti_sysbios_BIOS_RtsGateProxy_leave__E)
                  2000cf50    000000ec     sysbios.aem4 : BIOS.obj (.text:ti_sysbios_knl_Task_Instance_init__E)
                  2000d03c    00000004     release_pem4.oem4 (.text:ti_sysbios_family_arm_m3_TaskSupport_Module__startupDone__S)
                  2000d040    000000d0     sysbios.aem4 : BIOS.obj (.text:ti_sysbios_heaps_HeapMem_alloc__E)
                  2000d110    000000cc                  : m3_Hwi_asm.obj (.text:ti_sysbios_family_arm_m3_Hwi_dispatch__I)
                  2000d1dc    000000c4     drivers_cc32xx.aem4 : GPIOCC32XX.oem4 (.text:GPIO_init)
                  2000d2a0    000000c4     sysbios.aem4 : BIOS.obj (.text:ti_sysbios_knl_Task_sleep__E)
                  2000d364    00000004     release_pem4.oem4 (.text:ti_sysbios_heaps_HeapMem_Module_GateProxy_enter__E)
                  2000d368    000000bc     sysbios.aem4 : BIOS.obj (.text:xdc_runtime_Core_createObject__I)
                  2000d424    000000b4     drivers_cc32xx.aem4 : PowerCC32XX.oem4 (.text:restoreParkedPins)
                  2000d4d8    000000a8                         : PowerCC32XX.oem4 (.text:PowerCC32XX_configureWakeup)
                  2000d580    000000a4     sysbios.aem4 : BIOS.obj (.text:ti_sysbios_knl_Task_setPri__E)
                  2000d624    000000a0     auto_init.aem4 : auto_init.oem4 (.text)
                  2000d6c4    00000004     release_pem4.oem4 (.text:ti_sysbios_heaps_HeapMem_Module_GateProxy_leave__E)
                  2000d6c8    0000009c     sysbios.aem4 : BIOS.obj (.text:_pthread_removeThreadKeys)
                  2000d764    0000009c     rtsv7M4_T_le_eabi.lib : memcpy_t2.asm.obj (.text)
                  2000d800    00000098     drivers_cc32xx.aem4 : GPIOCC32XX.oem4 (.text:powerNotifyFxn)
                  2000d898    00000098     sysbios.aem4 : BIOS.obj (.text:ti_sysbios_family_arm_m3_Hwi_Instance_init__E)
                  2000d930    00000096     rtsv7M4_T_le_eabi.lib : ull_div_t2.asm.obj (.text)
                  2000d9c6    00000002     Board.obj (.text:Board_initHook)
                  2000d9c8    00000094     sysbios.aem4 : BIOS.obj (.text:ti_sysbios_knl_Task_exit__E)
                  2000da5c    00000090     drivers_cc32xx.aem4 : PowerCC32XX.oem4 (.text:restoreNVICRegs)
                  2000daec    00000004     release_pem4.oem4 (.text:ti_sysbios_knl_Clock_TimerProxy_getMaxTicks__E)
                  2000daf0    00000090     sysbios.aem4 : BIOS.obj (.text:ti_sysbios_knl_Task_Module_startup__E)
                  2000db80    00000090                  : BIOS.obj (.text:ti_sysbios_knl_Task_schedule__I)
                  2000dc10    00000090                  : BIOS.obj (.text:ti_sysbios_knl_Task_startCore__E)
                  2000dca0    0000008c                  : BIOS.obj (.text:xdc_runtime_Memory_alloc__E)
                  2000dd2c    00000088     driverlib.a : pin.obj (.text:PinConfigSet)
                  2000ddb4    00000004     release_pem4.oem4 (.text:ti_sysbios_knl_Clock_TimerProxy_setPeriodMicroSecs__E)
                  2000ddb8    00000088     sysbios.aem4 : BIOS.obj (.text:ti_sysbios_family_arm_m3_Hwi_initNVIC__E)
                  2000de40    00000086                  : BIOS.obj (.text:xdc_runtime_Core_constructObject__I)
                  2000dec6    00000002     rtsv7M4_T_le_eabi.lib : _lock.c.obj (.text:_nop)
                  2000dec8    00000084     drivers_cc32xx.aem4 : PowerCC32XX.oem4 (.text:Power_init)
                  2000df4c    00000084                         : PowerCC32XX.oem4 (.text:saveNVICRegs)
                  2000dfd0    00000084     sysbios.aem4 : BIOS.obj (.text:ti_sysbios_family_arm_m3_Hwi_postInit__I)
                  2000e054    00000004     release_pem4.oem4 (.text:ti_sysbios_knl_Clock_TimerProxy_start__E)
                  2000e058    00000084     sysbios.aem4 : BIOS.obj (.text:ti_sysbios_heaps_HeapMem_free__E)
                  2000e0dc    00000080     drivers_cc32xx.aem4 : PowerCC32XX.oem4 (.text:Power_setDependency)
                  2000e15c    0000007e     waterFiller.obj (.text:mainThread)
                  2000e1da    0000007a     rtsv7M4_T_le_eabi.lib : memset_t2.asm.obj (.text)
                  2000e254    00000078     drivers_cc32xx.aem4 : GPIOCC32XX.oem4 (.text:GPIO_hwiIntFxn)
                  2000e2cc    00000004     release_pem4.oem4 (.text:ti_sysbios_knl_Clock_TimerProxy_stop__E)
                  2000e2d0    00000078     sysbios.aem4 : BIOS.obj (.text:_pthread_runStub)
                  2000e348    00000074                  : BIOS.obj (.text:xdc_runtime_Core_deleteObject__I)
                  2000e3bc    00000004     release_pem4.oem4 (.text:ti_sysbios_knl_Semaphore_delete)
                  2000e3c0    00000070     sysbios.aem4 : BIOS.obj (.text:ti_sysbios_heaps_HeapMem_initPrimary__I)
                  2000e430    00000070                  : BIOS.obj (.text:ti_sysbios_knl_Clock_workFunc__E)
                  2000e4a0    0000006c                  : BIOS.obj (.text:pthread_exit)
                  2000e50c    00000004     release_pem4.oem4 (.text:ti_sysbios_knl_Task_delete)
                  2000e510    0000006c     sysbios.aem4 : BIOS.obj (.text:ti_sysbios_knl_Swi_restoreHwi__E)
                  2000e57c    00000068     rtsv7M4_T_le_eabi.lib : copy_decompress_lzss.c.obj (.text:decompress:lzss:__TI_decompress_lzss)
                  2000e5e4    00000068     main_tirtos.obj (.text:main)
                  2000e64c    00000064     drivers_cc32xx.aem4 : GPIOCC32XX.oem4 (.text:GPIO_toggle)
                  2000e6b0    00000064                         : PowerCC32XX.oem4 (.text:PowerCC32XX_setParkState)
                  2000e714    00000004     release_pem4.oem4 (.text:xdc_runtime_System_Module_GateProxy_enter__E)
                  2000e718    00000064     sysbios.aem4 : BIOS.obj (.text:ti_sysbios_family_arm_m3_Hwi_dispatchC__I)
                  2000e77c    00000060     driverlib.a : prcm.obj (.text:PRCMSysResetCauseGet)
                  2000e7dc    00000004     release_pem4.oem4 (.text:xdc_runtime_System_Module_GateProxy_leave__E)
                  2000e7e0    00000060     sysbios.aem4 : BIOS.obj (.text:ti_sysbios_knl_Semaphore_post__E)
                  2000e840    00000060                  : BIOS.obj (.text:ti_sysbios_knl_Swi_run__I)
                  2000e8a0    0000005c                  : BIOS.obj (.text:ti_sysbios_family_arm_m3_Timer_start__E)
                  2000e8fc    00000002     rtsv7M4_T_le_eabi.lib : div0.asm.obj (.text)
                  2000e8fe    00000002     should_not_happen.obj (.text:standard_error)
                  2000e900    0000005c     sysbios.aem4 : BIOS.obj (.text:ti_sysbios_knl_Swi_schedule__I)
                  2000e95c    00000002     should_not_happen.obj (.text:this_should_never_happen_error)
                  2000e95e    00000002     release_pem4.oem4 (.text:ti_sysbios_BIOS_nullFunc__I)
                  2000e960    0000005c     sysbios.aem4 : BIOS.obj (.text:ti_sysbios_knl_Task_unblockI__E)
                  2000e9bc    00000002     release_pem4.oem4 (.text:xdc_runtime_Startup_reset__I)
                  2000e9be    00000002     --HOLE-- [fill = 0]
                  2000e9c0    0000005c     sysbios.aem4 : BIOS.obj (.text:xdc_runtime_Startup_exec__E)
                  2000ea1c    00000058     drivers_cc32xx.aem4 : GPIOCC32XX.oem4 (.text:GPIO_setCallback)
                  2000ea74    00000058     driverlib.a : prcm.obj (.text:PRCMPeripheralReset)
                  2000eacc    00000054     release_pem4.oem4 (.text:ti_sysbios_family_arm_m3_Hwi_create)
                  2000eb20    00000054     sysbios.aem4 : BIOS.obj (.text:ti_sysbios_family_arm_m3_Timer_setPeriod__E)
                  2000eb74    00000004     --HOLE-- [fill = 0]
                  2000eb78    00000054                  : BIOS.obj (.text:xdc_runtime_Core_assignLabel__I)
                  2000ebcc    00000052     drivers_cc32xx.aem4 : PowerCC32XX.oem4 (.text:PowerCC32XX_parkPin)
                  2000ec1e    00000052                         : PowerCC32XX_asm.oem4 (.text:PowerCC32XX_resumeLPDS)
                  2000ec70    00000050     sysbios.aem4 : BIOS.obj (.text:ti_sysbios_family_arm_m3_Hwi_Module_startup__E)
                  2000ecc0    00000050     release_pem4.oem4 (.text:ti_sysbios_knl_Task_create)
                  2000ed10    0000004c     drivers_cc32xx.aem4 : GPIOCC32XX.oem4 (.text:GPIO_enableInt)
                  2000ed5c    0000004c     rtsv7M4_T_le_eabi.lib : cpy_tbl.c.obj (.text:copy_in)
                  2000eda8    0000004c     drivers_cc32xx.aem4 : PowerCC32XX.oem4 (.text:restorePeriphClocks)
                  2000edf4    0000004c     sysbios.aem4 : m3_TaskSupport_asm.obj (.text:ti_sysbios_family_arm_m3_TaskSupport_buildTaskStack)
                  2000ee40    0000004c                  : BIOS.obj (.text:ti_sysbios_heaps_HeapMem_getStats__E)
                  2000ee8c    00000004     --HOLE-- [fill = 0]
                  2000ee90    0000004c                  : BIOS.obj (.text:ti_sysbios_knl_Swi_runLoop__I)
                  2000eedc    00000004     --HOLE-- [fill = 0]
                  2000eee0    0000004c                  : BIOS.obj (.text:ti_sysbios_knl_Task_allBlockedFunction__I)
                  2000ef2c    00000048     driverlib.a : flash.obj (.text:FlashDisable)
                  2000ef74    00000048                 : prcm.obj (.text:PRCMLPDSEnter)
                  2000efbc    00000048                 : prcm.obj (.text:PRCMPeripheralClkEnable)
                  2000f004    00000004     --HOLE-- [fill = 0]
                  2000f008    00000048     sysbios.aem4 : BIOS.obj (.text:ti_sysbios_family_arm_m3_Hwi_disableInterrupt__E)
                  2000f050    00000048                  : BIOS.obj (.text:ti_sysbios_family_arm_m3_Hwi_enableInterrupt__E)
                  2000f098    00000048                  : m3_Hwi_asm_switch.obj (.text:ti_sysbios_family_arm_m3_Hwi_initStacks__E)
                  2000f0e0    00000048                  : BIOS.obj (.text:ti_sysbios_family_arm_m3_Timer_initDevice__I)
                  2000f128    00000048                  : BIOS.obj (.text:ti_sysbios_knl_Mailbox_Module_startup__E)
                  2000f170    00000048                  : BIOS.obj (.text:xdc_runtime_Core_assignParams__I)
                  2000f1b8    00000044     driverlib.a : prcm.obj (.text:PRCMLPDSRestoreInfoSet)
                  2000f1fc    00000044     drivers_cc32xx.aem4 : PowerCC32XX_asm.oem4 (.text:PowerCC32XX_enterLPDS)
                  2000f240    00000044     boot.aem4 : boot.oem4 (.text)
                  2000f284    00000004     --HOLE-- [fill = 0]
                  2000f288    00000044     sysbios.aem4 : BIOS.obj (.text:ti_sysbios_family_arm_m3_Hwi_getStackInfo__E)
                  2000f2cc    00000004     --HOLE-- [fill = 0]
                  2000f2d0    00000044                  : BIOS.obj (.text:ti_sysbios_knl_Mailbox_postInit__I)
                  2000f314    00000004     --HOLE-- [fill = 0]
                  2000f318    00000044                  : BIOS.obj (.text:ti_sysbios_knl_Swi_post__E)
                  2000f35c    00000004     --HOLE-- [fill = 0]
                  2000f360    00000044                  : BIOS.obj (.text:xdc_runtime_System_atexit__E)
                  2000f3a4    00000040     dpl_cc32xx.aem4 : HwiP_tirtos.oem4 (.text:HwiP_create)
                  2000f3e4    00000040     driverlib.a : pin.obj (.text:PinModeSet)
                  2000f424    00000004     --HOLE-- [fill = 0]
                  2000f428    00000040     sysbios.aem4 : BIOS.obj (.text:ti_sysbios_heaps_HeapMem_Instance_init__E)
                  2000f468    0000003c     drivers_cc32xx.aem4 : PowerCC32XX.oem4 (.text:Power_setConstraint)
                  2000f4a4    0000003c     dpl_cc32xx.aem4 : PowerCC32XX_tirtos.oem4 (.text:getCountsRTC)
                  2000f4e0    0000003c     sysbios.aem4 : BIOS.obj (.text:ti_sysbios_family_arm_m3_Hwi_Instance_finalize__E)
                  2000f51c    00000004     --HOLE-- [fill = 0]
                  2000f520    0000003c                  : BIOS.obj (.text:ti_sysbios_family_arm_m3_Timer_setPeriodMicroSecs__E)
                  2000f55c    00000004     --HOLE-- [fill = 0]
                  2000f560    0000003c                  : BIOS.obj (.text:ti_sysbios_knl_Clock_walkQueuePeriodic__E)
                  2000f59c    00000004     --HOLE-- [fill = 0]
                  2000f5a0    0000003c                  : BIOS.obj (.text:ti_sysbios_knl_Swi_restore__E)
                  2000f5dc    00000004     --HOLE-- [fill = 0]
                  2000f5e0    0000003c                  : BIOS.obj (.text:xdc_runtime_System_processAtExit__E)
                  2000f61c    0000003a     state.obj (.text:get_next_state)
                  2000f656    00000002     --HOLE-- [fill = 0]
                  2000f658    00000038     driverlib.a : prcm.obj (.text:PRCMLPDSEnterKeepDebugIf)
                  2000f690    00000038     drivers_cc32xx.aem4 : PowerCC32XX.oem4 (.text:notify)
                  2000f6c8    00000038     sysbios.aem4 : BIOS.obj (.text:ti_sysbios_knl_Task_processVitalTaskFlag__I)
                  2000f700    00000036     drivers_cc32xx.aem4 : PowerCC32XX.oem4 (.text:PowerCC32XX_restoreParkedPin)
                  2000f736    00000002     --HOLE-- [fill = 0]
                  2000f738    00000034     driverlib.a : pin.obj (.text:PinModeGet)
                  2000f76c    00000004     --HOLE-- [fill = 0]
                  2000f770    00000034     sysbios.aem4 : BIOS.obj (.text:_pthread_delete$41)
                  2000f7a4    00000004     --HOLE-- [fill = 0]
                  2000f7a8    00000034                  : BIOS.obj (.text:ti_sysbios_family_arm_m3_Timer_periodicStub__I)
                  2000f7dc    00000034     release_pem4.oem4 (.text:ti_sysbios_knl_Semaphore_create)
                  2000f810    00000034     on_board_functionality.obj (.text:toggle_on_board_led_d7)
                  2000f844    00000004     --HOLE-- [fill = 0]
                  2000f848    00000032     sysbios.aem4 : BIOS.obj (.text:ti_sysbios_hal_Hwi_initStack)
                  2000f87a    00000006     driverlib.a : utils.obj (.text:UtilsDelay)
                  2000f880    00000032     sysbios.aem4 : BIOS.obj (.text:ti_sysbios_knl_Semaphore_pendTimeout__I)
                  2000f8b2    00000006     --HOLE-- [fill = 0]
                  2000f8b8    00000030                  : BIOS.obj (.text:pthread_setcancelstate)
                  2000f8e8    00000030     release_pem4.oem4 (.text:ti_sysbios_BIOS_atExitFunc__I)
                  2000f918    00000030     release_pem4.oem4 (.text:ti_sysbios_BIOS_startFunc__I)
                  2000f948    00000030     sysbios.aem4 : BIOS.obj (.text:ti_sysbios_family_arm_m3_TaskSupport_start__E)
                  2000f978    00000030     release_pem4.oem4 (.text:ti_sysbios_gates_GateHwi_Object__create__S)
                  2000f9a8    00000030     release_pem4.oem4 (.text:ti_sysbios_gates_GateMutex_Object__create__S)
                  2000f9d8    00000030     sysbios.aem4 : BIOS.obj (.text:ti_sysbios_gates_GateMutex_enter__E)
                  2000fa08    00000030     release_pem4.oem4 (.text:ti_sysbios_heaps_HeapMem_Object__create__S)
                  2000fa38    00000030     release_pem4.oem4 (.text:ti_sysbios_knl_Semaphore_construct)
                  2000fa68    0000002c     dpl_cc32xx.aem4 : SemaphoreP_tirtos.oem4 (.text:SemaphoreP_createBinary)
                  2000fa94    00000004     --HOLE-- [fill = 0]
                  2000fa98    0000002c     sysbios.aem4 : BIOS.obj (.text:_pthread_cleanupFxn)
                  2000fac4    0000002c     release_pem4.oem4 (.text:ti_sysbios_knl_Clock_doTick__I)
                  2000faf0    0000002c     release_pem4.oem4 (.text:ti_sysbios_knl_Queue_construct)
                  2000fb1c    00000004     --HOLE-- [fill = 0]
                  2000fb20    0000002c     sysbios.aem4 : BIOS.obj (.text:ti_sysbios_knl_Task_restore__E)
                  2000fb4c    00000028     driverlib.a : prcm.obj (.text:PRCMPeripheralClkDisable)
                  2000fb74    00000028     dpl_cc32xx.aem4 : PowerCC32XX_tirtos.oem4 (.text:PowerCC32XX_initPolicy)
                  2000fb9c    00000028     drivers_cc32xx.aem4 : PowerCC32XX.oem4 (.text:Power_registerNotify)
                  2000fbc4    00000028     button.obj (.text:is_the_button_pressed)
                  2000fbec    00000004     --HOLE-- [fill = 0]
                  2000fbf0    00000028     sysbios.aem4 : BIOS.obj (.text:ti_sysbios_knl_Clock_addI__E)
                  2000fc18    00000028                  : BIOS.obj (.text:ti_sysbios_knl_Swi_Module_startup__E)
                  2000fc40    00000026     drivers_cc32xx.aem4 : List.oem4 (.text:List_put)
                  2000fc66    00000002     --HOLE-- [fill = 0]
                  2000fc68    00000024     on_board_functionality.obj (.text:initialize_the_left_on_board_button)
                  2000fc8c    00000004     --HOLE-- [fill = 0]
                  2000fc90    00000024     sysbios.aem4 : BIOS.obj (.text:pthread_attr_init)
                  2000fcb4    00000024     release_pem4.oem4 (.text:ti_sysbios_BIOS_registerRTSLock__I)
                  2000fcd8    00000024     release_pem4.oem4 (.text:ti_sysbios_BIOS_removeRTSLock__I)
                  2000fcfc    00000004     --HOLE-- [fill = 0]
                  2000fd00    00000024     sysbios.aem4 : BIOS.obj (.text:ti_sysbios_family_arm_m3_Timer_Module_startup__E)
                  2000fd24    00000004     --HOLE-- [fill = 0]
                  2000fd28    00000024                  : BIOS.obj (.text:ti_sysbios_family_arm_m3_Timer_postInit__I)
                  2000fd4c    00000004     --HOLE-- [fill = 0]
                  2000fd50    00000024                  : BIOS.obj (.text:ti_sysbios_family_arm_m3_Timer_startup__E)
                  2000fd74    00000024     release_pem4.oem4 (.text:ti_sysbios_gates_GateMutex_Object__delete__S)
                  2000fd98    00000024     sysbios.aem4 : BIOS.obj (.text:ti_sysbios_knl_Clock_Module_startup__E)
                  2000fdbc    00000004     --HOLE-- [fill = 0]
                  2000fdc0    00000024                  : BIOS.obj (.text:ti_sysbios_knl_Semaphore_Instance_init__E)
                  2000fde4    00000024     release_pem4.oem4 (.text:ti_sysbios_knl_Semaphore_Object__delete__S)
                  2000fe08    00000024     sysbios.aem4 : BIOS.obj (.text:ti_sysbios_knl_Task_restoreHwi__E)
                  2000fe2c    00000004     --HOLE-- [fill = 0]
                  2000fe30    00000024                  : BIOS.obj (.text:xdc_runtime_Error_policyMin__E)
                  2000fe54    00000020     on_board_functionality.obj (.text:initialize_board_led_d7)
                  2000fe74    00000004     --HOLE-- [fill = 0]
                  2000fe78    00000020     sysbios.aem4 : BIOS.obj (.text:sleep)
                  2000fe98    00000020     release_pem4.oem4 (.text:ti_sysbios_BIOS_rtsLock__I)
                  2000feb8    00000020     sysbios.aem4 : m3_Hwi_asm.obj (.text:ti_sysbios_family_arm_m3_Hwi_excHandlerAsm__I)
                  2000fed8    00000020                  : BIOS.obj (.text:ti_sysbios_family_arm_m3_Hwi_excHandler__I)
                  2000fef8    00000020     release_pem4.oem4 (.text:ti_sysbios_gates_GateHwi_Object__delete__S)
                  2000ff18    00000020     release_pem4.oem4 (.text:ti_sysbios_heaps_HeapMem_Object__delete__S)
                  2000ff38    00000020     sysbios.aem4 : BIOS.obj (.text:ti_sysbios_knl_Idle_run__E)
                  2000ff58    00000020     release_pem4.oem4 (.text:ti_sysbios_knl_Semaphore_destruct)
                  2000ff78    00000020     release_pem4.oem4 (.text:ti_sysbios_knl_Task_Object__delete__S)
                  2000ff98    0000001e     sysbios.aem4 : m3_Hwi_asm_switch.obj (.text:ti_sysbios_family_xxx_Hwi_switchAndRunFunc)
                  2000ffb6    00000002     --HOLE-- [fill = 0]
                  2000ffb8    0000001c     driverlib.a : pin.obj (.text:PinToPadGet)
                  2000ffd4    00000004     --HOLE-- [fill = 0]
                  2000ffd8    0000001c     sysbios.aem4 : BIOS.obj (.text:ti_sysbios_family_arm_m3_Timer_stop__E)
                  2000fff4    00000004     --HOLE-- [fill = 0]
                  2000fff8    0000001c                  : BIOS.obj (.text:ti_sysbios_gates_GateMutex_Instance_init__E)
                  20010014    0000001c     release_pem4.oem4 (.text:ti_sysbios_knl_Queue_destruct)
                  20010030    0000001c     sysbios.aem4 : BIOS.obj (.text:ti_sysbios_knl_Queue_put__E)
                  2001004c    00000004     --HOLE-- [fill = 0]
                  20010050    0000001c                  : BIOS.obj (.text:ti_sysbios_knl_Task_enter__I)
                  2001006c    0000001a                  : m3_Hwi_asm.obj (.text:ti_sysbios_family_arm_m3_Hwi_pendSV__I)
                  20010086    00000002     --HOLE-- [fill = 0]
                  20010088    0000001a                  : BIOS.obj (.text:ti_sysbios_knl_Task_sleepTimeout__I)
                  200100a2    00000002     --HOLE-- [fill = 0]
                  200100a4    00000018     drivers_cc32xx.aem4 : PowerCC32XX.oem4 (.text:Power_idleFunc)
                  200100bc    00000018     rtsv7M4_T_le_eabi.lib : args_main.c.obj (.text:_args_main)
                  200100d4    00000018     button.obj (.text:gpio_button_callback)
                  200100ec    00000018     button.obj (.text:initialize_button_interrupt)
                  20010104    00000018     rtsv7M4_T_le_eabi.lib : ll_mul_t2.asm.obj (.text)
                  2001011c    00000018     release_pem4.oem4 (.text:ti_sysbios_BIOS_rtsUnlock__I)
                  20010134    00000018     release_pem4.oem4 (.text:ti_sysbios_family_arm_m3_Hwi_Module__startupDone__F)
                  2001014c    00000018     release_pem4.oem4 (.text:ti_sysbios_family_arm_m3_Timer_Module__startupDone__F)
                  20010164    00000018     release_pem4.oem4 (.text:ti_sysbios_gates_GateHwi_Handle__label__S)
                  2001017c    00000018     release_pem4.oem4 (.text:ti_sysbios_gates_GateMutex_Handle__label__S)
                  20010194    00000004     --HOLE-- [fill = 0]
                  20010198    00000018     sysbios.aem4 : BIOS.obj (.text:ti_sysbios_gates_GateMutex_leave__E)
                  200101b0    00000018     release_pem4.oem4 (.text:ti_sysbios_heaps_HeapMem_Handle__label__S)
                  200101c8    00000018     sysbios.aem4 : BIOS.obj (.text:xdc_runtime_Error_init__E)
                  200101e0    00000018                  : BIOS.obj (.text:xdc_runtime_System_exit__E)
                  200101f8    00000016     driverlib.a : prcm.obj (.text:PRCMHIBRegRead)
                  2001020e    00000016                 : prcm.obj (.text:PRCMHIBRegWrite)
                  20010224    00000016     release_pem4.oem4 (.text:ti_sysbios_BIOS_exitFunc__I)
                  2001023a    00000002     --HOLE-- [fill = 0]
                  2001023c    00000014     drivers_cc32xx.aem4 : PowerCC32XX.oem4 (.text:Power_getDependencyCount)
                  20010250    00000014     sysbios.aem4 : BIOS.obj (.text:pthread_attr_setschedparam)
                  20010264    00000014     release_pem4.oem4 (.text:ti_sysbios_family_arm_m3_Hwi_Object__get__S)
                  20010278    00000014     sysbios.aem4 : BIOS.obj (.text:ti_sysbios_family_arm_m3_Hwi_switchFromBootStack__E)
                  2001028c    00000014     release_pem4.oem4 (.text:ti_sysbios_heaps_HeapMem_Object__get__S)
                  200102a0    00000014     sysbios.aem4 : BIOS.obj (.text:ti_sysbios_knl_Clock_tickReconfig__E)
                  200102b4    00000014     release_pem4.oem4 (.text:ti_sysbios_knl_Swi_Object__get__S)
                  200102c8    00000012     dpl_cc32xx.aem4 : SemaphoreP_tirtos.oem4 (.text:SemaphoreP_pend)
                  200102da    00000006     --HOLE-- [fill = 0]
                  200102e0    00000012     sysbios.aem4 : BIOS.obj (.text:ti_sysbios_hal_Hwi_Module_startup__E)
                  200102f2    00000012     release_pem4.oem4 (.text:xdc_runtime_Startup_exec__I)
                  20010304    00000010     Board.obj (.text:Board_init)
                  20010314    00000010     dpl_cc32xx.aem4 : HwiP_tirtos.oem4 (.text:HwiP_Params_init)
                  20010324    00000004     --HOLE-- [fill = 0]
                  20010328    00000010     sysbios.aem4 : BIOS.obj (.text:ti_sysbios_BIOS_setThreadType__E)
                  20010338    00000010                  : BIOS.obj (.text:ti_sysbios_BIOS_start__E)
                  20010348    00000010                  : m3_TaskSupport_asm.obj (.text:ti_sysbios_family_arm_m3_TaskSupport_glue)
                  20010358    00000010                  : m3_TaskSupport_asm.obj (.text:ti_sysbios_family_arm_m3_TaskSupport_swap__E)
                  20010368    00000010                  : BIOS.obj (.text:ti_sysbios_gates_GateMutex_Instance_finalize__E)
                  20010378    00000010     release_pem4.oem4 (.text:ti_sysbios_knl_Mailbox_Object__get__S)
                  20010388    00000010     sysbios.aem4 : BIOS.obj (.text:ti_sysbios_knl_Semaphore_Instance_finalize__E)
                  20010398    00000010                  : BIOS.obj (.text:ti_sysbios_knl_Swi_disable__E)
                  200103a8    00000010     release_pem4.oem4 (.text:ti_sysbios_knl_Task_Object__get__S)
                  200103b8    00000010     sysbios.aem4 : BIOS.obj (.text:ti_sysbios_knl_Task_disable__E)
                  200103c8    00000010                  : BIOS.obj (.text:xdc_runtime_Memory_free__E)
                  200103d8    00000010                  : BIOS.obj (.text:xdc_runtime_SysCallback_abort__E)
                  200103e8    00000010                  : BIOS.obj (.text:xdc_runtime_SysCallback_exit__E)
                  200103f8    0000000e     rtsv7M4_T_le_eabi.lib : copy_decompress_none.c.obj (.text:decompress:none:__TI_decompress_none)
                  20010406    00000002     --HOLE-- [fill = 0]
                  20010408    0000000e     sysbios.aem4 : BIOS.obj (.text:pthread_attr_setdetachstate)
                  20010416    00000002     --HOLE-- [fill = 0]
                  20010418    0000000e                  : BIOS.obj (.text:ti_sysbios_knl_Idle_loop__E)
                  20010426    00000002     --HOLE-- [fill = 0]
                  20010428    0000000e                  : BIOS.obj (.text:ti_sysbios_knl_Queue_empty__E)
                  20010436    00000002     --HOLE-- [fill = 0]
                  20010438    0000000c     drivers_cc32xx.aem4 : PowerCC32XX.oem4 (.text:Power_getConstraintMask)
                  20010444    0000000c     dpl_cc32xx.aem4 : SemaphoreP_tirtos.oem4 (.text:SemaphoreP_delete)
                  20010450    0000000c     rtsv7M4_T_le_eabi.lib : _lock.c.obj (.text:_register_lock)
                  2001045c    0000000c                           : _lock.c.obj (.text:_register_unlock)
                  20010468    0000000c     button.obj (.text:clear_button_interrupt)
                  20010474    0000000c     rtsv7M4_T_le_eabi.lib : copy_zero_init.c.obj (.text:decompress:ZI:__TI_zero_init)
                  20010480    0000000c     board_sleep.obj (.text:low_power_deep_sleep_in_seconds)
                  2001048c    0000000c     release_pem4.oem4 (.text:ti_sysbios_family_arm_m3_Hwi_Params__init__S)
                  20010498    0000000c     sysbios.aem4 : BIOS.obj (.text:ti_sysbios_family_arm_m3_Hwi_disableFxn__E)
                  200104a4    00000004     --HOLE-- [fill = 0]
                  200104a8    0000000c                  : BIOS.obj (.text:ti_sysbios_family_arm_m3_TaskSupport_getStackAlignment__E)
                  200104b4    00000004     --HOLE-- [fill = 0]
                  200104b8    0000000c                  : BIOS.obj (.text:ti_sysbios_gates_GateHwi_enter__E)
                  200104c4    00000004     --HOLE-- [fill = 0]
                  200104c8    0000000c                  : BIOS.obj (.text:ti_sysbios_knl_Clock_getTicks__E)
                  200104d4    00000004     --HOLE-- [fill = 0]
                  200104d8    0000000c                  : BIOS.obj (.text:ti_sysbios_knl_Clock_setTicks__E)
                  200104e4    00000004     --HOLE-- [fill = 0]
                  200104e8    0000000c                  : BIOS.obj (.text:ti_sysbios_knl_Clock_tickStart__E)
                  200104f4    00000004     --HOLE-- [fill = 0]
                  200104f8    0000000c                  : BIOS.obj (.text:ti_sysbios_knl_Clock_tickStop__E)
                  20010504    0000000c     release_pem4.oem4 (.text:ti_sysbios_knl_Queue_Object__get__S)
                  20010510    0000000c     release_pem4.oem4 (.text:ti_sysbios_knl_Semaphore_Params__init__S)
                  2001051c    0000000c     release_pem4.oem4 (.text:ti_sysbios_knl_Task_Params__init__S)
                  20010528    0000000c     sysbios.aem4 : BIOS.obj (.text:ti_sysbios_rts_ti_ReentSupport_taskRegHook__I)
                  20010534    00000004     --HOLE-- [fill = 0]
                  20010538    0000000c                  : BIOS.obj (.text:xdc_runtime_Startup_rtsDone__E)
                  20010544    0000000a     release_pem4.oem4 (.text:xdc_runtime_IHeap_alloc)
                  2001054e    0000000a     release_pem4.oem4 (.text:xdc_runtime_IHeap_free)
                  20010558    00000008     sysbios.aem4 : BIOS.obj (.text:pthread_attr_setstacksize)
                  20010560    00000008                  : BIOS.obj (.text:ti_sysbios_family_arm_m3_Hwi_doSwiRestore__I)
                  20010568    00000008                  : BIOS.obj (.text:ti_sysbios_family_arm_m3_Hwi_startup__E)
                  20010570    00000006                  : BIOS.obj (.text:ti_sysbios_family_arm_m3_Hwi_doTaskRestore__I)
                  20010576    00000002     --HOLE-- [fill = 0]
                  20010578    00000006                  : BIOS.obj (.text:ti_sysbios_family_arm_m3_Hwi_restoreFxn__E)
                  2001057e    00000002     --HOLE-- [fill = 0]
                  20010580    00000006                  : BIOS.obj (.text:ti_sysbios_gates_GateHwi_leave__E)
                  20010586    00000002     --HOLE-- [fill = 0]
                  20010588    00000006                  : BIOS.obj (.text:ti_sysbios_heaps_HeapMem_isBlocking__E)
                  2001058e    00000002     --HOLE-- [fill = 0]
                  20010590    00000006                  : BIOS.obj (.text:ti_sysbios_knl_Queue_Instance_init__E)
                  20010596    00000002     --HOLE-- [fill = 0]
                  20010598    00000006                  : BIOS.obj (.text:ti_sysbios_knl_Swi_startup__E)
                  2001059e    00000002     --HOLE-- [fill = 0]
                  200105a0    00000006                  : BIOS.obj (.text:xdc_runtime_System_Module_startup__E)
                  200105a6    00000002     --HOLE-- [fill = 0]
                  200105a8    00000004                  : BIOS.obj (.text:ti_sysbios_family_arm_m3_Timer_getMaxTicks__E)
                  200105ac    00000004     --HOLE-- [fill = 0]
                  200105b0    00000004                  : BIOS.obj (.text:ti_sysbios_gates_GateHwi_query__E)
                  200105b4    00000004     --HOLE-- [fill = 0]
                  200105b8    00000004                  : BIOS.obj (.text:ti_sysbios_gates_GateMutex_query__E)
                  200105bc    00000004     --HOLE-- [fill = 0]
                  200105c0    00000004                  : BIOS.obj (.text:ti_sysbios_knl_Task_startup__E)
                  200105c4    00000004     --HOLE-- [fill = 0]
                  200105c8    00000002                  : BIOS.obj (.text:ti_sysbios_BIOS_linkedWithIncorrectBootLibrary__E)
                  200105ca    00000006     --HOLE-- [fill = 0]
                  200105d0    00000002                  : BIOS.obj (.text:ti_sysbios_gates_GateHwi_Instance_init__E)
                  200105d2    00000006     --HOLE-- [fill = 0]
                  200105d8    00000002                  : BIOS.obj (.text:ti_sysbios_knl_Clock_logTick__E)
                  200105da    00000006     --HOLE-- [fill = 0]
                  200105e0    00000002                  : BIOS.obj (.text:xdc_runtime_SysCallback_defaultAbort)
                  200105e2    00000006     --HOLE-- [fill = 0]
                  200105e8    00000002                  : BIOS.obj (.text:xdc_runtime_SysCallback_defaultExit)
                  200105ea    00000006     --HOLE-- [fill = 0]
                  200105f0    00000002                  : BIOS.obj (.text:xdc_runtime_System_abortSpin__E)
                  200105f2    00000006     --HOLE-- [fill = 0]
                  200105f8    00000002                  : BIOS.obj (.text:xdc_runtime_System_exitSpin__E)

.bss       0    20010cd8    00000674     UNINITIALIZED
                  20010cd8    0000030c     (.common:ti_sysbios_family_arm_m3_Hwi_dispatchTable)
                  20010fe4    00000004     drivers_cc32xx.aem4 : GPIOCC32XX.oem4 (.bss)
                  20010fe8    00000200     release_pem4.oem4 (.bss:taskStackSection)
                  200111e8    0000012c     (.common:PowerCC32XX_contextSave)
                  20011314    00000020     drivers_cc32xx.aem4 : GPIOCC32XX.oem4 (.bss:gpioCallbackInfo)
                  20011334    00000014                         : GPIOCC32XX.oem4 (.bss:powerNotifyObj)
                  20011348    00000004     (.common:ti_sysbios_knl_Task_Instance_State_0_hookEnv__A)

.data      0    200105fc    000006dc     UNINITIALIZED
                  200105fc    0000016c     drivers_cc32xx.aem4 : PowerCC32XX.oem4 (.data:PowerCC32XX_module)
                  20010768    000000f8     Board.obj (.data:parkInfo)
                  20010860    00000088     sysbios.aem4 : BIOS.obj (.data:$O1$$)
                  200108e8    00000080     release_pem4.oem4 (.data:ti_sysbios_knl_Swi_Module_State_0_readyQ__A)
                  20010968    00000080     release_pem4.oem4 (.data:ti_sysbios_knl_Task_Module_State_0_readyQ__A)
                  200109e8    00000054     release_pem4.oem4 (.data:ti_sysbios_gates_GateMutex_Object__table__V)
                  20010a3c    0000004c     release_pem4.oem4 (.data:ti_sysbios_knl_Task_Object__table__V)
                  20010a88    00000044     release_pem4.oem4 (.data:ti_sysbios_knl_Task_Module__state__V)
                  20010acc    00000034     release_pem4.oem4 (.data:ti_sysbios_family_arm_m3_Hwi_Module__state__V)
                  20010b00    00000030     release_pem4.oem4 (.data:ti_sysbios_family_arm_m3_Timer_Object__table__V)
                  20010b30    00000030     release_pem4.oem4 (.data:ti_sysbios_knl_Swi_Object__table__V)
                  20010b60    0000002c     release_pem4.oem4 (.data:ti_sysbios_knl_Clock_Module__state__V)
                  20010b8c    00000024     release_pem4.oem4 (.data:ti_sysbios_BIOS_Module__state__V)
                  20010bb0    00000020     release_pem4.oem4 (.data:xdc_runtime_Error_IgnoreBlock)
                  20010bd0    0000001c     release_pem4.oem4 (.data:ti_sysbios_knl_Swi_Module__state__V)
                  20010bec    00000018     release_pem4.oem4 (.data:ti_sysbios_family_arm_m3_Hwi_Object__table__V)
                  20010c04    00000018     release_pem4.oem4 (.data:ti_sysbios_heaps_HeapMem_Object__table__V)
                  20010c1c    00000014     Board.obj (.data:gpioCallbackFunctions)
                  20010c30    00000014     Board.obj (.data:gpioPinConfigs)
                  20010c44    0000000c     release_pem4.oem4 (.data:ti_sysbios_family_arm_m3_Timer_Module__state__V)
                  20010c50    00000009     drivers_cc32xx.aem4 : GPIOCC32XX.oem4 (.data)
                  20010c59    00000001     button.obj (.data)
                  20010c5a    00000002     release_pem4.oem4 (.data:ti_sysbios_family_arm_m3_Hwi_Module_State_0_excActive__A)
                  20010c5c    00000008     rtsv7M4_T_le_eabi.lib : _lock.c.obj (.data:$O1$$)
                  20010c64    00000008     on_board_functionality.obj (.data)
                  20010c6c    00000008     release_pem4.oem4 (.data:ti_sysbios_family_arm_m3_Hwi_Module__root__V)
                  20010c74    00000008     release_pem4.oem4 (.data:ti_sysbios_gates_GateHwi_Module__root__V)
                  20010c7c    00000008     release_pem4.oem4 (.data:ti_sysbios_gates_GateMutex_Module__root__V)
                  20010c84    00000008     release_pem4.oem4 (.data:ti_sysbios_heaps_HeapMem_Module__root__V)
                  20010c8c    00000008     release_pem4.oem4 (.data:ti_sysbios_knl_Queue_Module__root__V)
                  20010c94    00000008     release_pem4.oem4 (.data:ti_sysbios_knl_Semaphore_Module__root__V)
                  20010c9c    00000008     release_pem4.oem4 (.data:ti_sysbios_knl_Task_Module__root__V)
                  20010ca4    00000008     release_pem4.oem4 (.data:xdc_runtime_Startup_Module__state__V)
                  20010cac    00000008     release_pem4.oem4 (.data:xdc_runtime_System_Module_State_0_atexitHandlers__A)
                  20010cb4    00000008     release_pem4.oem4 (.data:xdc_runtime_System_Module__state__V)
                  20010cbc    00000004     rtsv7M4_T_le_eabi.lib : stkdepth_vars.c.obj (.data)
                  20010cc0    00000004     release_pem4.oem4 (.data:ti_sysbios_family_arm_m3_Hwi_Module_State_0_excContext__A)
                  20010cc4    00000004     release_pem4.oem4 (.data:ti_sysbios_family_arm_m3_Hwi_Module_State_0_excStack__A)
                  20010cc8    00000004     release_pem4.oem4 (.data:ti_sysbios_gates_GateHwi_Object__table__V)
                  20010ccc    00000004     release_pem4.oem4 (.data:ti_sysbios_knl_Task_Module_State_0_idleTask__A)
                  20010cd0    00000004     release_pem4.oem4 (.data:ti_sysbios_rts_ti_ReentSupport_Module__state__V)
                  20010cd4    00000004     release_pem4.oem4 (.data:xdc_runtime_Memory_Module__state__V)

.const     0    2001134c    00000657     
                  2001134c    00000100     driverlib.a : pin.obj (.const:g_ulPinToPadMap)
                  2001144c    000000a8                 : prcm.obj (.const:PRCM_PeriphRegsList)
                  200114f4    00000048     release_pem4.oem4 (.const:.string)
                  2001153c    00000040     Board.obj (.const:PowerCC32XX_config)
                  2001157c    0000003c     release_pem4.oem4 (.const:ti_sysbios_knl_Task_Object__PARAMS__C)
                  200115b8    00000030     release_pem4.oem4 (.const:ti_sysbios_family_arm_m3_Hwi_Object__PARAMS__C)
                  200115e8    00000028     release_pem4.oem4 (.const:ti_sysbios_heaps_HeapMem_Module__FXNS__C)
                  20011610    00000024     release_pem4.oem4 (.const:ti_sysbios_gates_GateHwi_Module__FXNS__C)
                  20011634    00000024     release_pem4.oem4 (.const:ti_sysbios_gates_GateMutex_Module__FXNS__C)
                  20011658    00000024     release_pem4.oem4 (.const:ti_sysbios_heaps_HeapMem_Object__PARAMS__C)
                  2001167c    00000024     release_pem4.oem4 (.const:ti_sysbios_knl_Semaphore_Object__PARAMS__C)
                  200116a0    00000021     drivers_cc32xx.aem4 : GPIOCC32XX.oem4 (.const:.string:pinTable)
                  200116c1    00000001     release_pem4.oem4 (.const:ti_sysbios_knl_Clock_tickMode__C)
                  200116c2    00000002     release_pem4.oem4 (.const:ti_sysbios_family_arm_m3_Hwi_Module__id__C)
                  200116c4    00000020     release_pem4.oem4 (.const:ti_sysbios_family_arm_m3_Hwi_Object__DESC__C)
                  200116e4    00000020     release_pem4.oem4 (.const:ti_sysbios_gates_GateHwi_Object__DESC__C)
                  20011704    00000020     release_pem4.oem4 (.const:ti_sysbios_gates_GateMutex_Object__DESC__C)
                  20011724    00000020     release_pem4.oem4 (.const:ti_sysbios_heaps_HeapMem_Object__DESC__C)
                  20011744    00000020     release_pem4.oem4 (.const:ti_sysbios_knl_Queue_Object__DESC__C)
                  20011764    00000020     release_pem4.oem4 (.const:ti_sysbios_knl_Semaphore_Object__DESC__C)
                  20011784    00000020     release_pem4.oem4 (.const:ti_sysbios_knl_Task_Object__DESC__C)
                  200117a4    00000020     release_pem4.oem4 (.const:xdc_runtime_Startup_sfxnTab__A)
                  200117c4    00000018     release_pem4.oem4 (.const:ti_sysbios_gates_GateHwi_Object__PARAMS__C)
                  200117dc    00000018     release_pem4.oem4 (.const:ti_sysbios_gates_GateMutex_Object__PARAMS__C)
                  200117f4    00000018     release_pem4.oem4 (.const:ti_sysbios_knl_Queue_Object__PARAMS__C)
                  2001180c    00000018     release_pem4.oem4 (.const:ti_sysbios_knl_Task_hooks__A)
                  20011824    00000014     Board.obj (.const:GPIOCC32XX_config)
                  20011838    00000014     drivers_cc32xx.aem4 : GPIOCC32XX.oem4 (.const:gpioBaseAddresses)
                  2001184c    00000014                         : GPIOCC32XX.oem4 (.const:powerResources)
                  20011860    00000010     release_pem4.oem4 (.const:xdc_runtime_Startup_sfxnRts__A)
                  20011870    0000000c     release_pem4.oem4 (.const:xdc_runtime_Startup_firstFxns__A)
                  2001187c    00000008     drivers_cc32xx.aem4 : GPIOCC32XX.oem4 (.const:outPinTypes)
                  20011884    00000008     release_pem4.oem4 (.const:ti_sysbios_knl_Idle_funcList__A)
                  2001188c    00000008     release_pem4.oem4 (.const:ti_sysbios_knl_Idle_funcList__C)
                  20011894    00000008     release_pem4.oem4 (.const:ti_sysbios_knl_Task_hooks__C)
                  2001189c    00000008     release_pem4.oem4 (.const:xdc_runtime_Startup_firstFxns__C)
                  200118a4    00000008     release_pem4.oem4 (.const:xdc_runtime_Startup_lastFxns__C)
                  200118ac    00000006     drivers_cc32xx.aem4 : GPIOCC32XX.oem4 (.const:.string:interruptType)
                  200118b2    00000006                         : GPIOCC32XX.oem4 (.const:inPinTypes)
                  200118b8    00000006                         : GPIOCC32XX.oem4 (.const:outPinStrengths)
                  200118be    00000004                         : GPIOCC32XX.oem4 (.const:.string:portInterruptIds)
                  200118c2    00000002     release_pem4.oem4 (.const:ti_sysbios_family_arm_m3_Timer_Module__id__C)
                  200118c4    00000004     release_pem4.oem4 (.const:ti_sysbios_family_arm_m3_Hwi_E_alreadyDefined__C)
                  200118c8    00000004     release_pem4.oem4 (.const:ti_sysbios_family_arm_m3_Hwi_NUM_INTERRUPTS__C)
                  200118cc    00000004     release_pem4.oem4 (.const:ti_sysbios_family_arm_m3_Hwi_Object__count__C)
                  200118d0    00000004     release_pem4.oem4 (.const:ti_sysbios_family_arm_m3_Hwi_ccr__C)
                  200118d4    00000004     release_pem4.oem4 (.const:ti_sysbios_family_arm_m3_Hwi_excHandlerFunc__C)
                  200118d8    00000004     release_pem4.oem4 (.const:ti_sysbios_family_arm_m3_Hwi_nullIsrFunc__C)
                  200118dc    00000004     release_pem4.oem4 (.const:ti_sysbios_family_arm_m3_Hwi_priGroup__C)
                  200118e0    00000004     release_pem4.oem4 (.const:ti_sysbios_family_arm_m3_Hwi_swiDisable__C)
                  200118e4    00000004     release_pem4.oem4 (.const:ti_sysbios_family_arm_m3_Hwi_swiRestoreHwi__C)
                  200118e8    00000004     release_pem4.oem4 (.const:ti_sysbios_family_arm_m3_TaskSupport_stackAlignment__C)
                  200118ec    00000004     release_pem4.oem4 (.const:ti_sysbios_family_arm_m3_Timer_E_cannotSupport__C)
                  200118f0    00000004     release_pem4.oem4 (.const:ti_sysbios_family_arm_m3_Timer_startupNeeded__C)
                  200118f4    00000004     release_pem4.oem4 (.const:ti_sysbios_gates_GateMutex_Instance_State_sem__O)
                  200118f8    00000004     release_pem4.oem4 (.const:ti_sysbios_heaps_HeapMem_E_memory__C)
                  200118fc    00000004     release_pem4.oem4 (.const:ti_sysbios_heaps_HeapMem_Module__gateObj__C)
                  20011900    00000004     release_pem4.oem4 (.const:ti_sysbios_heaps_HeapMem_Object__count__C)
                  20011904    00000004     release_pem4.oem4 (.const:ti_sysbios_heaps_HeapMem_primaryHeapBaseAddr__C)
                  20011908    00000004     release_pem4.oem4 (.const:ti_sysbios_heaps_HeapMem_primaryHeapEndAddr__C)
                  2001190c    00000004     release_pem4.oem4 (.const:ti_sysbios_heaps_HeapMem_reqAlign__C)
                  20011910    00000004     release_pem4.oem4 (.const:ti_sysbios_knl_Clock_Module_State_clockQ__O)
                  20011914    00000004     release_pem4.oem4 (.const:ti_sysbios_knl_Clock_tickPeriod__C)
                  20011918    00000004     release_pem4.oem4 (.const:ti_sysbios_knl_Mailbox_Instance_State_freeQue__O)
                  2001191c    00000004     release_pem4.oem4 (.const:ti_sysbios_knl_Mailbox_Object__count__C)
                  20011920    00000004     release_pem4.oem4 (.const:ti_sysbios_knl_Mailbox_maxTypeAlign__C)
                  20011924    00000004     release_pem4.oem4 (.const:ti_sysbios_knl_Semaphore_Instance_State_pendQ__O)
                  20011928    00000004     release_pem4.oem4 (.const:ti_sysbios_knl_Swi_Object__count__C)
                  2001192c    00000004     release_pem4.oem4 (.const:ti_sysbios_knl_Task_Module_State_inactiveQ__O)
                  20011930    00000004     release_pem4.oem4 (.const:ti_sysbios_knl_Task_Object__count__C)
                  20011934    00000004     release_pem4.oem4 (.const:ti_sysbios_knl_Task_Object__heap__C)
                  20011938    00000004     release_pem4.oem4 (.const:ti_sysbios_knl_Task_allBlockedFunc__C)
                  2001193c    00000004     release_pem4.oem4 (.const:ti_sysbios_knl_Task_defaultStackHeap__C)
                  20011940    00000004     release_pem4.oem4 (.const:ti_sysbios_knl_Task_defaultStackSize__C)
                  20011944    00000004     release_pem4.oem4 (.const:ti_sysbios_knl_Task_numConstructedTasks__C)
                  20011948    00000004     release_pem4.oem4 (.const:xdc_runtime_Error_E_memory__C)
                  2001194c    00000004     release_pem4.oem4 (.const:xdc_runtime_Error_policyFxn__C)
                  20011950    00000004     release_pem4.oem4 (.const:xdc_runtime_IGateProvider_Interface__BASE__C)
                  20011954    00000004     release_pem4.oem4 (.const:xdc_runtime_IHeap_Interface__BASE__C)
                  20011958    00000004     release_pem4.oem4 (.const:xdc_runtime_IModule_Interface__BASE__C)
                  2001195c    00000004     release_pem4.oem4 (.const:xdc_runtime_Memory_defaultHeapInstance__C)
                  20011960    00000004     release_pem4.oem4 (.const:xdc_runtime_Startup_execImpl__C)
                  20011964    00000004     release_pem4.oem4 (.const:xdc_runtime_Startup_maxPasses__C)
                  20011968    00000004     release_pem4.oem4 (.const:xdc_runtime_Startup_sfxnRts__C)
                  2001196c    00000004     release_pem4.oem4 (.const:xdc_runtime_Startup_sfxnTab__C)
                  20011970    00000004     release_pem4.oem4 (.const:xdc_runtime_SysCallback_abortFxn__C)
                  20011974    00000004     release_pem4.oem4 (.const:xdc_runtime_SysCallback_exitFxn__C)
                  20011978    00000004     release_pem4.oem4 (.const:xdc_runtime_System_Module__gateObj__C)
                  2001197c    00000004     release_pem4.oem4 (.const:xdc_runtime_System_abortFxn__C)
                  20011980    00000004     release_pem4.oem4 (.const:xdc_runtime_System_exitFxn__C)
                  20011984    00000004     release_pem4.oem4 (.const:xdc_runtime_System_maxAtexitHandlers__C)
                  20011988    00000004     release_pem4.oem4 (.const:xdc_runtime_Text_charTab__C)
                  2001198c    00000004     release_pem4.oem4 (.const:xdc_runtime_Text_nameEmpty__C)
                  20011990    00000004     release_pem4.oem4 (.const:xdc_runtime_Text_nameStatic__C)
                  20011994    00000004     release_pem4.oem4 (.const:xdc_runtime_Text_nameUnknown__C)
                  20011998    00000002     release_pem4.oem4 (.const:ti_sysbios_heaps_HeapMem_Module__id__C)
                  2001199a    00000002     release_pem4.oem4 (.const:xdc_runtime_Memory_Module__id__C)
                  2001199c    00000002     release_pem4.oem4 (.const:xdc_runtime_Text_charCnt__C)
                  2001199e    00000002     release_pem4.oem4 (.const:xdc_runtime_Text_isLoaded__C)
                  200119a0    00000001     release_pem4.oem4 (.const:ti_sysbios_knl_Clock_tickSource__C)
                  200119a1    00000001     release_pem4.oem4 (.const:xdc_runtime_Error_policy__C)
                  200119a2    00000001     release_pem4.oem4 (.const:xdc_runtime_Text_charTab__A)

.cinit     0    200119a8    00000258     
                  200119a8    00000233     (.cinit..data.load) [load image, compression = lzss]
                  20011bdb    00000001     --HOLE-- [fill = 0]
                  20011bdc    0000000c     (__TI_handler_table)
                  20011be8    00000008     (.cinit..bss.load) [load image, compression = zero_init]
                  20011bf0    00000010     (__TI_cinit_table)

.init_array 
*          0    20004000    00000000     UNINITIALIZED

.priheap   0    20004040    00008000     UNINITIALIZED
                  20004040    00008000     --HOLE--

.bootVecs 
*          0    00000000    00000008     DSECT
                  00000000    00000008     boot.aem4 : boot.oem4 (.bootVecs)

.resetVecs 
*          0    20004000    0000003c     
                  20004000    0000003c     release_pem4.oem4 (.resetVecs)

xdc.meta   0    00000000    00000104     COPY SECTION
                  00000000    00000104     release_pem4.oem4 (xdc.meta)

xdc.noload 
*          0    00000000    00000000     COPY SECTION

MODULE SUMMARY

       Module                       code    ro data   rw data
       ------                       ----    -------   -------
    ./
       Board.obj                    18      84        288    
       on_board_functionality.obj   120     0         8      
       waterFiller.obj              126     0         0      
       main_tirtos.obj              104     0         0      
       button.obj                   100     0         1      
       state.obj                    58      0         0      
       board_sleep.obj              12      0         0      
       should_not_happen.obj        4       0         0      
    +--+----------------------------+-------+---------+---------+
       Total:                       542     84        297    
                                                             
    /Applications/ti/Workspace/tirtos_builds_CC3220S_LAUNCHXL_release_ccs/Debug/configPkg/package/cfg/
       release_pem4.oem4            1324    1072      3014   
    +--+----------------------------+-------+---------+---------+
       Total:                       1324    1072      3014   
                                                             
    /Applications/ti/Workspace/tirtos_builds_CC3220S_LAUNCHXL_release_ccs/src/sysbios/sysbios.aem4
       BIOS.obj                     8352    0         136    
       m3_Hwi_asm.obj               262     0         0      
       m3_TaskSupport_asm.obj       108     0         0      
       m3_Hwi_asm_switch.obj        102     0         0      
    +--+----------------------------+-------+---------+---------+
       Total:                       8824    0         136    
                                                             
    /Applications/ti/ccsv8/tools/compiler/ti-cgt-arm_18.1.2.LTS/lib/rtsv7M4_T_le_eabi.lib
       memcpy_t2.asm.obj            156     0         0      
       ull_div_t2.asm.obj           150     0         0      
       memset_t2.asm.obj            122     0         0      
       copy_decompress_lzss.c.obj   104     0         0      
       cpy_tbl.c.obj                76      0         0      
       _lock.c.obj                  26      0         8      
       args_main.c.obj              24      0         0      
       ll_mul_t2.asm.obj            24      0         0      
       copy_decompress_none.c.obj   14      0         0      
       copy_zero_init.c.obj         12      0         0      
       stkdepth_vars.c.obj          0       0         4      
       div0.asm.obj                 2       0         0      
    +--+----------------------------+-------+---------+---------+
       Total:                       710     0         12     
                                                             
    /Applications/ti/simplelink_cc32xx_sdk_2_20_00_10/kernel/tirtos/packages/ti/dpl/lib/dpl_cc32xx.aem4
       PowerCC32XX_tirtos.oem4      444     0         0      
       HwiP_tirtos.oem4             84      0         0      
       SemaphoreP_tirtos.oem4       78      0         0      
    +--+----------------------------+-------+---------+---------+
       Total:                       606     0         0      
                                                             
    /Applications/ti/simplelink_cc32xx_sdk_2_20_00_10/kernel/tirtos/packages/ti/targets/arm/rtsarm/lib/auto_init.aem4
       auto_init.oem4               160     0         0      
    +--+----------------------------+-------+---------+---------+
       Total:                       160     0         0      
                                                             
    /Applications/ti/simplelink_cc32xx_sdk_2_20_00_10/kernel/tirtos/packages/ti/targets/arm/rtsarm/lib/boot.aem4
       boot.oem4                    68      0         0      
    +--+----------------------------+-------+---------+---------+
       Total:                       68      0         0      
                                                             
    /Applications/ti/simplelink_cc32xx_sdk_2_20_00_10/source/ti/devices/cc32xx/driverlib/ccs/Release/driverlib.a
       prcm.obj                     1604    168       0      
       pin.obj                      280     256       0      
       flash.obj                    72      0         0      
       utils.obj                    6       0         0      
    +--+----------------------------+-------+---------+---------+
       Total:                       1962    424       0      
                                                             
    /Applications/ti/simplelink_cc32xx_sdk_2_20_00_10/source/ti/drivers/lib/drivers_cc32xx.aem4
       PowerCC32XX.oem4             2024    0         664    
       GPIOCC32XX.oem4              1188    103       65     
       PowerCC32XX_asm.oem4         150     0         0      
       List.oem4                    38      0         0      
    +--+----------------------------+-------+---------+---------+
       Total:                       3400    103       729    
                                                             
       Stack:                       0       0         1024   
       Linker Generated:            0       599       0      
    +--+----------------------------+-------+---------+---------+
       Grand Total:                 17596   2282      5212   


LINKER GENERATED COPY TABLES

__TI_cinit_table @ 20011bf0 records: 2, size/record: 8, table size: 16
	.data: load addr=200119a8, load size=00000233 bytes, run addr=200105fc, run size=000006dc bytes, compression=lzss
	.bss: load addr=20011be8, load size=00000008 bytes, run addr=20010cd8, run size=00000674 bytes, compression=zero_init


LINKER GENERATED HANDLER TABLE

__TI_handler_table @ 20011bdc records: 3, size/record: 4, table size: 12
	index: 0, handler: __TI_zero_init
	index: 1, handler: __TI_decompress_lzss
	index: 2, handler: __TI_decompress_none


GLOBAL SYMBOLS: SORTED ALPHABETICALLY BY Name 

address   name                                                            
-------   ----                                                            
20010305  Board_init                                                      
2000d9c7  Board_initHook                                                  
2000ef2d  FlashDisable                                                    
20011824  GPIOCC32XX_config                                               
2000ed11  GPIO_enableInt                                                  
2000e255  GPIO_hwiIntFxn                                                  
2000d1dd  GPIO_init                                                       
2000ea1d  GPIO_setCallback                                                
2000c46d  GPIO_setConfig                                                  
2000e64d  GPIO_toggle                                                     
00008000  HEAPSIZE                                                        
20010315  HwiP_Params_init                                                
2000f3a5  HwiP_create                                                     
2000c8dd  HwiP_disable                                                    
20010579  HwiP_restore                                                    
2000fc41  List_put                                                        
2000c041  PRCMCC3200MCUInit                                               
200101f9  PRCMHIBRegRead                                                  
2001020f  PRCMHIBRegWrite                                                 
2000ef75  PRCMLPDSEnter                                                   
2000f659  PRCMLPDSEnterKeepDebugIf                                        
2000f1b9  PRCMLPDSRestoreInfoSet                                          
2000fb4d  PRCMPeripheralClkDisable                                        
2000efbd  PRCMPeripheralClkEnable                                         
2000ea75  PRCMPeripheralReset                                             
2000e77d  PRCMSysResetCauseGet                                            
2000dd2d  PinConfigSet                                                    
2000f739  PinModeGet                                                      
2000f3e5  PinModeSet                                                      
2000ffb9  PinToPadGet                                                     
2001153c  PowerCC32XX_config                                              
2000d4d9  PowerCC32XX_configureWakeup                                     
200111e8  PowerCC32XX_contextSave                                         
2000f1fd  PowerCC32XX_enterLPDS                                           
2000fb75  PowerCC32XX_initPolicy                                          
200105fc  PowerCC32XX_module                                              
2000ebcd  PowerCC32XX_parkPin                                             
2000f701  PowerCC32XX_restoreParkedPin                                    
2000ec1f  PowerCC32XX_resumeLPDS                                          
2000e6b1  PowerCC32XX_setParkState                                        
2000c635  PowerCC32XX_sleepPolicy                                         
20010439  Power_getConstraintMask                                         
2001023d  Power_getDependencyCount                                        
200100a5  Power_idleFunc                                                  
2000dec9  Power_init                                                      
2000fb9d  Power_registerNotify                                            
2000f469  Power_setConstraint                                             
2000e0dd  Power_setDependency                                             
2000cb2d  Power_sleep                                                     
UNDEFED   SHT$$INIT_ARRAY$$Base                                           
UNDEFED   SHT$$INIT_ARRAY$$Limit                                          
2000fa69  SemaphoreP_createBinary                                         
20010445  SemaphoreP_delete                                               
200102c9  SemaphoreP_pend                                                 
2000cc45  SemaphoreP_post                                                 
2000f87b  UtilsDelay                                                      
00000000  __ASM__                                                         
0000007d  __ISA__                                                         
00000090  __PLAT__                                                        
20004000  __STACK_END                                                     
00000400  __STACK_SIZE                                                    
000000b7  __TARG__                                                        
20011bf0  __TI_CINIT_Base                                                 
20011c00  __TI_CINIT_Limit                                                
20011bdc  __TI_Handler_Table_Base                                         
20011be8  __TI_Handler_Table_Limit                                        
2000d625  __TI_auto_init                                                  
2000e57d  __TI_decompress_lzss                                            
200103f9  __TI_decompress_none                                            
ffffffff  __TI_pprof_out_hndl                                             
ffffffff  __TI_prof_data_size                                             
ffffffff  __TI_prof_data_start                                            
200119a8  __TI_static_base__                                              
20010475  __TI_zero_init                                                  
000000dc  __TRDR__                                                        
2000e8fd  __aeabi_idiv0                                                   
2000e8fd  __aeabi_ldiv0                                                   
20010105  __aeabi_lmul                                                    
2000e1db  __aeabi_memclr                                                  
2000e1db  __aeabi_memclr4                                                 
2000e1db  __aeabi_memclr8                                                 
2000d765  __aeabi_memcpy                                                  
2000d765  __aeabi_memcpy4                                                 
2000d765  __aeabi_memcpy8                                                 
2000e1dd  __aeabi_memset                                                  
2000e1dd  __aeabi_memset4                                                 
2000e1dd  __aeabi_memset8                                                 
2000d931  __aeabi_uldivmod                                                
ffffffff  __binit__                                                       
ffffffff  __c_args__                                                      
2000c040  __primary_heap_end__                                            
20004040  __primary_heap_start__                                          
20003c00  __stack                                                         
200100bd  _args_main                                                      
2000f241  _c_int00                                                        
20010c5c  _lock                                                           
2000dec7  _nop                                                            
2000fa99  _pthread_cleanupFxn                                             
2000d6c9  _pthread_removeThreadKeys                                       
2000e2d1  _pthread_runStub                                                
20010451  _register_lock                                                  
2001045d  _register_unlock                                                
20010c60  _unlock                                                         
ffffffff  binit                                                           
20010469  clear_button_interrupt                                          
2000ed5d  copy_in                                                         
2000f61d  get_next_state                                                  
20010c1c  gpioCallbackFunctions                                           
20010c30  gpioPinConfigs                                                  
200118b2  inPinTypes                                                      
2000fe55  initialize_board_led_d7                                         
200100ed  initialize_button_interrupt                                     
2000fc69  initialize_the_left_on_board_button                             
2000fbc5  is_the_button_pressed                                           
20010481  low_power_deep_sleep_in_seconds                                 
2000e5e5  main                                                            
2000e15d  mainThread                                                      
20010cbc  main_func_sp                                                    
2000d765  memcpy                                                          
2000e1e3  memset                                                          
200118b8  outPinStrengths                                                 
2001187c  outPinTypes                                                     
20010768  parkInfo                                                        
2000fc91  pthread_attr_init                                               
20010409  pthread_attr_setdetachstate                                     
20010251  pthread_attr_setschedparam                                      
20010559  pthread_attr_setstacksize                                       
2000ce61  pthread_create                                                  
2000e4a1  pthread_exit                                                    
2000f8b9  pthread_setcancelstate                                          
2000fe79  sleep                                                           
2000e8ff  standard_error                                                  
2000e95d  this_should_never_happen_error                                  
20010b8c  ti_sysbios_BIOS_Module__state__V                                
2001017d  ti_sysbios_BIOS_RtsGateProxy_Handle__label__S                   
2000ce5d  ti_sysbios_BIOS_RtsGateProxy_enter__E                           
2000cf4d  ti_sysbios_BIOS_RtsGateProxy_leave__E                           
200105b9  ti_sysbios_BIOS_RtsGateProxy_query__E                           
2000f8e9  ti_sysbios_BIOS_atExitFunc__I                                   
20010225  ti_sysbios_BIOS_exitFunc__I                                     
200105c9  ti_sysbios_BIOS_linkedWithIncorrectBootLibrary__E               
2000e95f  ti_sysbios_BIOS_nullFunc__I                                     
2000fcb5  ti_sysbios_BIOS_registerRTSLock__I                              
2000fcd9  ti_sysbios_BIOS_removeRTSLock__I                                
2000fe99  ti_sysbios_BIOS_rtsLock__I                                      
2001011d  ti_sysbios_BIOS_rtsUnlock__I                                    
20010329  ti_sysbios_BIOS_setThreadType__E                                
2000f919  ti_sysbios_BIOS_startFunc__I                                    
20010339  ti_sysbios_BIOS_start__E                                        
200118c4  ti_sysbios_family_arm_m3_Hwi_E_alreadyDefined__C                
2000f4e1  ti_sysbios_family_arm_m3_Hwi_Instance_finalize__E               
2000d899  ti_sysbios_family_arm_m3_Hwi_Instance_init__E                   
20010c5a  ti_sysbios_family_arm_m3_Hwi_Module_State_0_excActive__A        
20010cc0  ti_sysbios_family_arm_m3_Hwi_Module_State_0_excContext__A       
20010cc4  ti_sysbios_family_arm_m3_Hwi_Module_State_0_excStack__A         
200116c2  ti_sysbios_family_arm_m3_Hwi_Module__id__C                      
20010c6c  ti_sysbios_family_arm_m3_Hwi_Module__root__V                    
20010135  ti_sysbios_family_arm_m3_Hwi_Module__startupDone__F             
20010135  ti_sysbios_family_arm_m3_Hwi_Module__startupDone__S             
20010acc  ti_sysbios_family_arm_m3_Hwi_Module__state__V                   
2000ec71  ti_sysbios_family_arm_m3_Hwi_Module_startup__E                  
200118c8  ti_sysbios_family_arm_m3_Hwi_NUM_INTERRUPTS__C                  
200116c4  ti_sysbios_family_arm_m3_Hwi_Object__DESC__C                    
200115b8  ti_sysbios_family_arm_m3_Hwi_Object__PARAMS__C                  
200118cc  ti_sysbios_family_arm_m3_Hwi_Object__count__C                   
20010265  ti_sysbios_family_arm_m3_Hwi_Object__get__S                     
20010bec  ti_sysbios_family_arm_m3_Hwi_Object__table__V                   
2001048d  ti_sysbios_family_arm_m3_Hwi_Params__init__S                    
200118d0  ti_sysbios_family_arm_m3_Hwi_ccr__C                             
2000eacd  ti_sysbios_family_arm_m3_Hwi_create                             
20010499  ti_sysbios_family_arm_m3_Hwi_disableFxn__E                      
2000f009  ti_sysbios_family_arm_m3_Hwi_disableInterrupt__E                
2000e719  ti_sysbios_family_arm_m3_Hwi_dispatchC__I                       
20010cd8  ti_sysbios_family_arm_m3_Hwi_dispatchTable                      
2000d111  ti_sysbios_family_arm_m3_Hwi_dispatch__I                        
20010561  ti_sysbios_family_arm_m3_Hwi_doSwiRestore__I                    
20010571  ti_sysbios_family_arm_m3_Hwi_doTaskRestore__I                   
2000f051  ti_sysbios_family_arm_m3_Hwi_enableInterrupt__E                 
2000feb9  ti_sysbios_family_arm_m3_Hwi_excHandlerAsm__I                   
200118d4  ti_sysbios_family_arm_m3_Hwi_excHandlerFunc__C                  
2000fed9  ti_sysbios_family_arm_m3_Hwi_excHandler__I                      
2000f289  ti_sysbios_family_arm_m3_Hwi_getStackInfo__E                    
2000ddb9  ti_sysbios_family_arm_m3_Hwi_initNVIC__E                        
2000f099  ti_sysbios_family_arm_m3_Hwi_initStacks__E                      
2000d1c1  ti_sysbios_family_arm_m3_Hwi_interruptsAreDisabledButShouldNotBe
200118d8  ti_sysbios_family_arm_m3_Hwi_nullIsrFunc__C                     
e000e000  ti_sysbios_family_arm_m3_Hwi_nvic                               
2001006d  ti_sysbios_family_arm_m3_Hwi_pendSV__I                          
2000dfd1  ti_sysbios_family_arm_m3_Hwi_postInit__I                        
200118dc  ti_sysbios_family_arm_m3_Hwi_priGroup__C                        
20000000  ti_sysbios_family_arm_m3_Hwi_ramVectors                         
20004000  ti_sysbios_family_arm_m3_Hwi_resetVectors                       
20010579  ti_sysbios_family_arm_m3_Hwi_restoreFxn__E                      
20010085  ti_sysbios_family_arm_m3_Hwi_return                             
20010569  ti_sysbios_family_arm_m3_Hwi_startup__E                         
200118e0  ti_sysbios_family_arm_m3_Hwi_swiDisable__C                      
200118e4  ti_sysbios_family_arm_m3_Hwi_swiRestoreHwi__C                   
20010279  ti_sysbios_family_arm_m3_Hwi_switchFromBootStack__E             
2000d03d  ti_sysbios_family_arm_m3_TaskSupport_Module__startupDone__S     
2000edf5  ti_sysbios_family_arm_m3_TaskSupport_buildTaskStack             
200104a9  ti_sysbios_family_arm_m3_TaskSupport_getStackAlignment__E       
20010349  ti_sysbios_family_arm_m3_TaskSupport_glue                       
200118e8  ti_sysbios_family_arm_m3_TaskSupport_stackAlignment__C          
2000f949  ti_sysbios_family_arm_m3_TaskSupport_start__E                   
20010359  ti_sysbios_family_arm_m3_TaskSupport_swap__E                    
200118ec  ti_sysbios_family_arm_m3_Timer_E_cannotSupport__C               
200118c2  ti_sysbios_family_arm_m3_Timer_Module__id__C                    
2001014d  ti_sysbios_family_arm_m3_Timer_Module__startupDone__F           
2001014d  ti_sysbios_family_arm_m3_Timer_Module__startupDone__S           
20010c44  ti_sysbios_family_arm_m3_Timer_Module__state__V                 
2000fd01  ti_sysbios_family_arm_m3_Timer_Module_startup__E                
20010b00  ti_sysbios_family_arm_m3_Timer_Object__table__V                 
200105a9  ti_sysbios_family_arm_m3_Timer_getMaxTicks__E                   
2000f0e1  ti_sysbios_family_arm_m3_Timer_initDevice__I                    
2000f7a9  ti_sysbios_family_arm_m3_Timer_periodicStub__I                  
2000fd29  ti_sysbios_family_arm_m3_Timer_postInit__I                      
2000f521  ti_sysbios_family_arm_m3_Timer_setPeriodMicroSecs__E            
2000eb21  ti_sysbios_family_arm_m3_Timer_setPeriod__E                     
2000e8a1  ti_sysbios_family_arm_m3_Timer_start__E                         
200118f0  ti_sysbios_family_arm_m3_Timer_startupNeeded__C                 
2000fd51  ti_sysbios_family_arm_m3_Timer_startup__E                       
2000ffd9  ti_sysbios_family_arm_m3_Timer_stop__E                          
2000ff99  ti_sysbios_family_xxx_Hwi_switchAndRunFunc                      
20010165  ti_sysbios_gates_GateHwi_Handle__label__S                       
200105d1  ti_sysbios_gates_GateHwi_Instance_init__E                       
20011610  ti_sysbios_gates_GateHwi_Module__FXNS__C                        
20010c74  ti_sysbios_gates_GateHwi_Module__root__V                        
200116e4  ti_sysbios_gates_GateHwi_Object__DESC__C                        
200117c4  ti_sysbios_gates_GateHwi_Object__PARAMS__C                      
2000f979  ti_sysbios_gates_GateHwi_Object__create__S                      
2000fef9  ti_sysbios_gates_GateHwi_Object__delete__S                      
20010cc8  ti_sysbios_gates_GateHwi_Object__table__V                       
200104b9  ti_sysbios_gates_GateHwi_enter__E                               
20010581  ti_sysbios_gates_GateHwi_leave__E                               
200105b1  ti_sysbios_gates_GateHwi_query__E                               
2001017d  ti_sysbios_gates_GateMutex_Handle__label__S                     
200118f4  ti_sysbios_gates_GateMutex_Instance_State_sem__O                
20010369  ti_sysbios_gates_GateMutex_Instance_finalize__E                 
2000fff9  ti_sysbios_gates_GateMutex_Instance_init__E                     
20011634  ti_sysbios_gates_GateMutex_Module__FXNS__C                      
20010c7c  ti_sysbios_gates_GateMutex_Module__root__V                      
20011704  ti_sysbios_gates_GateMutex_Object__DESC__C                      
200117dc  ti_sysbios_gates_GateMutex_Object__PARAMS__C                    
2000f9a9  ti_sysbios_gates_GateMutex_Object__create__S                    
2000fd75  ti_sysbios_gates_GateMutex_Object__delete__S                    
200109e8  ti_sysbios_gates_GateMutex_Object__table__V                     
2000f9d9  ti_sysbios_gates_GateMutex_enter__E                             
20010199  ti_sysbios_gates_GateMutex_leave__E                             
200105b9  ti_sysbios_gates_GateMutex_query__E                             
20010135  ti_sysbios_hal_Hwi_HwiProxy_Module__startupDone__S              
2001048d  ti_sysbios_hal_Hwi_HwiProxy_Params__init__S                     
2000f009  ti_sysbios_hal_Hwi_HwiProxy_disableInterrupt__E                 
20010499  ti_sysbios_hal_Hwi_HwiProxy_disable__E                          
2000f051  ti_sysbios_hal_Hwi_HwiProxy_enableInterrupt__E                  
2000f289  ti_sysbios_hal_Hwi_HwiProxy_getStackInfo__E                     
20010579  ti_sysbios_hal_Hwi_HwiProxy_restore__E                          
20010569  ti_sysbios_hal_Hwi_HwiProxy_startup__E                          
20010279  ti_sysbios_hal_Hwi_HwiProxy_switchFromBootStack__E              
200102e1  ti_sysbios_hal_Hwi_Module_startup__E                            
2000f009  ti_sysbios_hal_Hwi_disableInterrupt__E                          
2000f051  ti_sysbios_hal_Hwi_enableInterrupt__E                           
2000f289  ti_sysbios_hal_Hwi_getStackInfo__E                              
2000f849  ti_sysbios_hal_Hwi_initStack                                    
20010569  ti_sysbios_hal_Hwi_startup__E                                   
20010279  ti_sysbios_hal_Hwi_switchFromBootStack__E                       
200118f8  ti_sysbios_heaps_HeapMem_E_memory__C                            
200101b1  ti_sysbios_heaps_HeapMem_Handle__label__S                       
2000f429  ti_sysbios_heaps_HeapMem_Instance_init__E                       
2001017d  ti_sysbios_heaps_HeapMem_Module_GateProxy_Handle__label__S      
2000d365  ti_sysbios_heaps_HeapMem_Module_GateProxy_enter__E              
2000d6c5  ti_sysbios_heaps_HeapMem_Module_GateProxy_leave__E              
[...]
20010089  ti_sysbios_knl_Task_sleepTimeout__I                             
200100a5  Power_idleFunc                                                  
200100bd  _args_main                                                      
200100ed  initialize_button_interrupt                                     
20010105  __aeabi_lmul                                                    
2001011d  ti_sysbios_BIOS_rtsUnlock__I                                    
20010135  ti_sysbios_family_arm_m3_Hwi_Module__startupDone__F             
20010135  ti_sysbios_family_arm_m3_Hwi_Module__startupDone__S             
20010135  ti_sysbios_hal_Hwi_HwiProxy_Module__startupDone__S              
2001014d  ti_sysbios_family_arm_m3_Timer_Module__startupDone__F           
2001014d  ti_sysbios_family_arm_m3_Timer_Module__startupDone__S           
2001014d  ti_sysbios_knl_Clock_TimerProxy_Module__startupDone__S          
20010165  ti_sysbios_gates_GateHwi_Handle__label__S                       
20010165  xdc_runtime_Main_Module_GateProxy_Handle__label__S              
20010165  xdc_runtime_System_Module_GateProxy_Handle__label__S            
2001017d  ti_sysbios_BIOS_RtsGateProxy_Handle__label__S                   
2001017d  ti_sysbios_gates_GateMutex_Handle__label__S                     
2001017d  ti_sysbios_heaps_HeapMem_Module_GateProxy_Handle__label__S      
20010199  ti_sysbios_gates_GateMutex_leave__E                             
200101b1  ti_sysbios_heaps_HeapMem_Handle__label__S                       
200101b1  xdc_runtime_Memory_HeapProxy_Handle__label__S                   
200101c9  xdc_runtime_Error_init__E                                       
200101e1  xdc_runtime_System_exit__E                                      
200101f9  PRCMHIBRegRead                                                  
2001020f  PRCMHIBRegWrite                                                 
20010225  ti_sysbios_BIOS_exitFunc__I                                     
2001023d  Power_getDependencyCount                                        
20010251  pthread_attr_setschedparam                                      
20010265  ti_sysbios_family_arm_m3_Hwi_Object__get__S                     
20010279  ti_sysbios_family_arm_m3_Hwi_switchFromBootStack__E             
20010279  ti_sysbios_hal_Hwi_HwiProxy_switchFromBootStack__E              
20010279  ti_sysbios_hal_Hwi_switchFromBootStack__E                       
2001028d  ti_sysbios_heaps_HeapMem_Object__get__S                         
200102a1  ti_sysbios_knl_Clock_tickReconfig__E                            
200102b5  ti_sysbios_knl_Swi_Object__get__S                               
200102c9  SemaphoreP_pend                                                 
200102e1  ti_sysbios_hal_Hwi_Module_startup__E                            
200102f3  xdc_runtime_Startup_exec__I                                     
20010305  Board_init                                                      
20010315  HwiP_Params_init                                                
20010329  ti_sysbios_BIOS_setThreadType__E                                
20010339  ti_sysbios_BIOS_start__E                                        
20010349  ti_sysbios_family_arm_m3_TaskSupport_glue                       
20010359  ti_sysbios_family_arm_m3_TaskSupport_swap__E                    
20010359  ti_sysbios_knl_Task_SupportProxy_swap__E                        
20010361  ti_sysbios_knl_Task_swapReturn                                  
20010369  ti_sysbios_gates_GateMutex_Instance_finalize__E                 
20010379  ti_sysbios_knl_Mailbox_Object__get__S                           
20010389  ti_sysbios_knl_Semaphore_Instance_finalize__E                   
20010399  ti_sysbios_knl_Swi_disable__E                                   
200103a9  ti_sysbios_knl_Task_Object__get__S                              
200103b9  ti_sysbios_knl_Task_disable__E                                  
200103c9  xdc_runtime_Memory_free__E                                      
200103d9  xdc_runtime_SysCallback_abort__E                                
200103d9  xdc_runtime_System_SupportProxy_abort__E                        
200103e9  xdc_runtime_SysCallback_exit__E                                 
200103e9  xdc_runtime_System_SupportProxy_exit__E                         
200103f9  __TI_decompress_none                                            
20010409  pthread_attr_setdetachstate                                     
20010419  ti_sysbios_knl_Idle_loop__E                                     
20010429  ti_sysbios_knl_Queue_empty__E                                   
20010439  Power_getConstraintMask                                         
20010445  SemaphoreP_delete                                               
20010451  _register_lock                                                  
2001045d  _register_unlock                                                
20010469  clear_button_interrupt                                          
20010475  __TI_zero_init                                                  
20010481  low_power_deep_sleep_in_seconds                                 
2001048d  ti_sysbios_family_arm_m3_Hwi_Params__init__S                    
2001048d  ti_sysbios_hal_Hwi_HwiProxy_Params__init__S                     
20010499  ti_sysbios_family_arm_m3_Hwi_disableFxn__E                      
20010499  ti_sysbios_hal_Hwi_HwiProxy_disable__E                          
200104a9  ti_sysbios_family_arm_m3_TaskSupport_getStackAlignment__E       
200104a9  ti_sysbios_knl_Task_SupportProxy_getStackAlignment__E           
200104b9  ti_sysbios_gates_GateHwi_enter__E                               
200104c9  ti_sysbios_knl_Clock_getTicks__E                                
200104d9  ti_sysbios_knl_Clock_setTicks__E                                
200104e9  ti_sysbios_knl_Clock_tickStart__E                               
200104f9  ti_sysbios_knl_Clock_tickStop__E                                
20010505  ti_sysbios_knl_Queue_Object__get__S                             
20010511  ti_sysbios_knl_Semaphore_Params__init__S                        
2001051d  ti_sysbios_knl_Task_Params__init__S                             
20010529  ti_sysbios_rts_ti_ReentSupport_taskRegHook__I                   
20010539  xdc_runtime_Startup_rtsDone__E                                  
20010545  xdc_runtime_Memory_HeapProxy_alloc__E                           
2001054f  xdc_runtime_Memory_HeapProxy_free__E                            
20010559  pthread_attr_setstacksize                                       
20010561  ti_sysbios_family_arm_m3_Hwi_doSwiRestore__I                    
20010569  ti_sysbios_family_arm_m3_Hwi_startup__E                         
20010569  ti_sysbios_hal_Hwi_HwiProxy_startup__E                          
20010569  ti_sysbios_hal_Hwi_startup__E                                   
20010571  ti_sysbios_family_arm_m3_Hwi_doTaskRestore__I                   
20010579  HwiP_restore                                                    
20010579  ti_sysbios_family_arm_m3_Hwi_restoreFxn__E                      
20010579  ti_sysbios_hal_Hwi_HwiProxy_restore__E                          
20010581  ti_sysbios_gates_GateHwi_leave__E                               
20010589  ti_sysbios_heaps_HeapMem_isBlocking__E                          
20010591  ti_sysbios_knl_Queue_Instance_init__E                           
20010599  ti_sysbios_knl_Swi_startup__E                                   
200105a1  xdc_runtime_System_Module_startup__E                            
200105a9  ti_sysbios_family_arm_m3_Timer_getMaxTicks__E                   
200105b1  ti_sysbios_gates_GateHwi_query__E                               
200105b1  xdc_runtime_Main_Module_GateProxy_query__E                      
200105b1  xdc_runtime_System_Module_GateProxy_query__E                    
200105b9  ti_sysbios_BIOS_RtsGateProxy_query__E                           
200105b9  ti_sysbios_gates_GateMutex_query__E                             
200105b9  ti_sysbios_heaps_HeapMem_Module_GateProxy_query__E              
200105c1  ti_sysbios_knl_Task_startup__E                                  
200105c9  ti_sysbios_BIOS_linkedWithIncorrectBootLibrary__E               
200105d1  ti_sysbios_gates_GateHwi_Instance_init__E                       
200105d9  ti_sysbios_knl_Clock_logTick__E                                 
200105e1  xdc_runtime_SysCallback_defaultAbort                            
200105e9  xdc_runtime_SysCallback_defaultExit                             
200105f1  xdc_runtime_System_abortSpin__E                                 
200105f9  xdc_runtime_System_exitSpin__E                                  
200105fc  PowerCC32XX_module                                              
20010768  parkInfo                                                        
200108e8  ti_sysbios_knl_Swi_Module_State_0_readyQ__A                     
20010968  ti_sysbios_knl_Task_Module_State_0_readyQ__A                    
200109e8  ti_sysbios_gates_GateMutex_Object__table__V                     
20010a3c  ti_sysbios_knl_Task_Object__table__V                            
20010a88  ti_sysbios_knl_Task_Module__state__V                            
20010acc  ti_sysbios_family_arm_m3_Hwi_Module__state__V                   
20010b00  ti_sysbios_family_arm_m3_Timer_Object__table__V                 
20010b30  ti_sysbios_knl_Swi_Object__table__V                             
20010b60  ti_sysbios_knl_Clock_Module__state__V                           
20010b8c  ti_sysbios_BIOS_Module__state__V                                
20010bb0  xdc_runtime_Error_IgnoreBlock                                   
20010bd0  ti_sysbios_knl_Swi_Module__state__V                             
20010bec  ti_sysbios_family_arm_m3_Hwi_Object__table__V                   
20010c04  ti_sysbios_heaps_HeapMem_Object__table__V                       
20010c1c  gpioCallbackFunctions                                           
20010c30  gpioPinConfigs                                                  
20010c44  ti_sysbios_family_arm_m3_Timer_Module__state__V                 
20010c5a  ti_sysbios_family_arm_m3_Hwi_Module_State_0_excActive__A        
20010c5c  _lock                                                           
20010c60  _unlock                                                         
20010c6c  ti_sysbios_family_arm_m3_Hwi_Module__root__V                    
20010c74  ti_sysbios_gates_GateHwi_Module__root__V                        
20010c7c  ti_sysbios_gates_GateMutex_Module__root__V                      
20010c84  ti_sysbios_heaps_HeapMem_Module__root__V                        
20010c8c  ti_sysbios_knl_Queue_Module__root__V                            
20010c94  ti_sysbios_knl_Semaphore_Module__root__V                        
20010c9c  ti_sysbios_knl_Task_Module__root__V                             
20010ca4  xdc_runtime_Startup_Module__state__V                            
20010cac  xdc_runtime_System_Module_State_0_atexitHandlers__A             
20010cb4  xdc_runtime_System_Module__state__V                             
20010cbc  main_func_sp                                                    
20010cc0  ti_sysbios_family_arm_m3_Hwi_Module_State_0_excContext__A       
20010cc4  ti_sysbios_family_arm_m3_Hwi_Module_State_0_excStack__A         
20010cc8  ti_sysbios_gates_GateHwi_Object__table__V                       
20010ccc  ti_sysbios_knl_Task_Module_State_0_idleTask__A                  
20010cd0  ti_sysbios_rts_ti_ReentSupport_Module__state__V                 
20010cd4  xdc_runtime_Memory_Module__state__V                             
20010cd8  ti_sysbios_family_arm_m3_Hwi_dispatchTable                      
20010fe8  ti_sysbios_knl_Task_Instance_State_0_stack__A                   
200111e8  PowerCC32XX_contextSave                                         
20011348  ti_sysbios_knl_Task_Instance_State_0_hookEnv__A                 
2001153c  PowerCC32XX_config                                              
2001157c  ti_sysbios_knl_Task_Object__PARAMS__C                           
200115b8  ti_sysbios_family_arm_m3_Hwi_Object__PARAMS__C                  
200115e8  ti_sysbios_heaps_HeapMem_Module__FXNS__C                        
20011610  ti_sysbios_gates_GateHwi_Module__FXNS__C                        
20011634  ti_sysbios_gates_GateMutex_Module__FXNS__C                      
20011658  ti_sysbios_heaps_HeapMem_Object__PARAMS__C                      
2001167c  ti_sysbios_knl_Semaphore_Object__PARAMS__C                      
200116c1  ti_sysbios_knl_Clock_tickMode__C                                
200116c2  ti_sysbios_family_arm_m3_Hwi_Module__id__C                      
200116c4  ti_sysbios_family_arm_m3_Hwi_Object__DESC__C                    
200116e4  ti_sysbios_gates_GateHwi_Object__DESC__C                        
20011704  ti_sysbios_gates_GateMutex_Object__DESC__C                      
20011724  ti_sysbios_heaps_HeapMem_Object__DESC__C                        
20011744  ti_sysbios_knl_Queue_Object__DESC__C                            
20011764  ti_sysbios_knl_Semaphore_Object__DESC__C                        
20011784  ti_sysbios_knl_Task_Object__DESC__C                             
200117a4  xdc_runtime_Startup_sfxnTab__A                                  
200117c4  ti_sysbios_gates_GateHwi_Object__PARAMS__C                      
200117dc  ti_sysbios_gates_GateMutex_Object__PARAMS__C                    
200117f4  ti_sysbios_knl_Queue_Object__PARAMS__C                          
2001180c  ti_sysbios_knl_Task_hooks__A                                    
20011824  GPIOCC32XX_config                                               
20011860  xdc_runtime_Startup_sfxnRts__A                                  
20011870  xdc_runtime_Startup_firstFxns__A                                
2001187c  outPinTypes                                                     
20011884  ti_sysbios_knl_Idle_funcList__A                                 
2001188c  ti_sysbios_knl_Idle_funcList__C                                 
20011894  ti_sysbios_knl_Task_hooks__C                                    
2001189c  xdc_runtime_Startup_firstFxns__C                                
200118a4  xdc_runtime_Startup_lastFxns__C                                 
200118b2  inPinTypes                                                      
200118b8  outPinStrengths                                                 
200118c2  ti_sysbios_family_arm_m3_Timer_Module__id__C                    
200118c4  ti_sysbios_family_arm_m3_Hwi_E_alreadyDefined__C                
200118c8  ti_sysbios_family_arm_m3_Hwi_NUM_INTERRUPTS__C                  
200118cc  ti_sysbios_family_arm_m3_Hwi_Object__count__C                   
200118d0  ti_sysbios_family_arm_m3_Hwi_ccr__C                             
200118d4  ti_sysbios_family_arm_m3_Hwi_excHandlerFunc__C                  
200118d8  ti_sysbios_family_arm_m3_Hwi_nullIsrFunc__C                     
200118dc  ti_sysbios_family_arm_m3_Hwi_priGroup__C                        
200118e0  ti_sysbios_family_arm_m3_Hwi_swiDisable__C                      
200118e4  ti_sysbios_family_arm_m3_Hwi_swiRestoreHwi__C                   
200118e8  ti_sysbios_family_arm_m3_TaskSupport_stackAlignment__C          
200118ec  ti_sysbios_family_arm_m3_Timer_E_cannotSupport__C               
200118f0  ti_sysbios_family_arm_m3_Timer_startupNeeded__C                 
200118f4  ti_sysbios_gates_GateMutex_Instance_State_sem__O                
200118f8  ti_sysbios_heaps_HeapMem_E_memory__C                            
200118fc  ti_sysbios_heaps_HeapMem_Module__gateObj__C                     
20011900  ti_sysbios_heaps_HeapMem_Object__count__C                       
20011904  ti_sysbios_heaps_HeapMem_primaryHeapBaseAddr__C                 
20011908  ti_sysbios_heaps_HeapMem_primaryHeapEndAddr__C                  
2001190c  ti_sysbios_heaps_HeapMem_reqAlign__C                            
20011910  ti_sysbios_knl_Clock_Module_State_clockQ__O                     
20011914  ti_sysbios_knl_Clock_tickPeriod__C                              
20011918  ti_sysbios_knl_Mailbox_Instance_State_freeQue__O                
2001191c  ti_sysbios_knl_Mailbox_Object__count__C                         
20011920  ti_sysbios_knl_Mailbox_maxTypeAlign__C                          
20011924  ti_sysbios_knl_Semaphore_Instance_State_pendQ__O                
20011928  ti_sysbios_knl_Swi_Object__count__C                             
2001192c  ti_sysbios_knl_Task_Module_State_inactiveQ__O                   
20011930  ti_sysbios_knl_Task_Object__count__C                            
20011934  ti_sysbios_knl_Task_Object__heap__C                             
20011938  ti_sysbios_knl_Task_allBlockedFunc__C                           
2001193c  ti_sysbios_knl_Task_defaultStackHeap__C                         
20011940  ti_sysbios_knl_Task_defaultStackSize__C                         
20011944  ti_sysbios_knl_Task_numConstructedTasks__C                      
20011948  xdc_runtime_Error_E_memory__C                                   
2001194c  xdc_runtime_Error_policyFxn__C                                  
20011950  xdc_runtime_IGateProvider_Interface__BASE__C                    
20011954  xdc_runtime_IHeap_Interface__BASE__C                            
20011958  xdc_runtime_IModule_Interface__BASE__C                          
2001195c  xdc_runtime_Memory_defaultHeapInstance__C                       
20011960  xdc_runtime_Startup_execImpl__C                                 
20011964  xdc_runtime_Startup_maxPasses__C                                
20011968  xdc_runtime_Startup_sfxnRts__C                                  
2001196c  xdc_runtime_Startup_sfxnTab__C                                  
20011970  xdc_runtime_SysCallback_abortFxn__C                             
20011974  xdc_runtime_SysCallback_exitFxn__C                              
20011978  xdc_runtime_System_Module__gateObj__C                           
2001197c  xdc_runtime_System_abortFxn__C                                  
20011980  xdc_runtime_System_exitFxn__C                                   
20011984  xdc_runtime_System_maxAtexitHandlers__C                         
20011988  xdc_runtime_Text_charTab__C                                     
2001198c  xdc_runtime_Text_nameEmpty__C                                   
20011990  xdc_runtime_Text_nameStatic__C                                  
20011994  xdc_runtime_Text_nameUnknown__C                                 
20011998  ti_sysbios_heaps_HeapMem_Module__id__C                          
2001199a  xdc_runtime_Memory_Module__id__C                                
2001199c  xdc_runtime_Text_charCnt__C                                     
2001199e  xdc_runtime_Text_isLoaded__C                                    
200119a0  ti_sysbios_knl_Clock_tickSource__C                              
200119a1  xdc_runtime_Error_policy__C                                     
200119a2  xdc_runtime_Text_charTab__A                                     
200119a8  __TI_static_base__                                              
20011bdc  __TI_Handler_Table_Base                                         
20011be8  __TI_Handler_Table_Limit                                        
20011bf0  __TI_CINIT_Base                                                 
20011c00  __TI_CINIT_Limit                                                
e000e000  ti_sysbios_family_arm_m3_Hwi_nvic                               
ffffffff  __TI_pprof_out_hndl                                             
ffffffff  __TI_prof_data_size                                             
ffffffff  __TI_prof_data_start                                            
ffffffff  __binit__                                                       
ffffffff  __c_args__                                                      
ffffffff  binit                                                           
UNDEFED   SHT$$INIT_ARRAY$$Base                                           
UNDEFED   SHT$$INIT_ARRAY$$Limit                                          

[483 symbols]
